21:11:11 **** Incremental Build of configuration Debug for project Lab7.3 ****
make -j4 all 
Building file: ../src/main.c
Invoking: MCU GCC Compiler
D:\MyFile\Engineering\microprocessor\nctu\Lab7\Lab7.3\Debug
arm-none-eabi-gcc -mcpu=cortex-m4 -mthumb -mfloat-abi=hard -mfpu=fpv4-sp-d16 -DSTM32 -DSTM32L4 -DSTM32L476RGTx -DNUCLEO_L476RG -DDEBUG -I"D:/MyFile/Engineering/microprocessor/nctu/Lab7/Lab7.3/inc/" -O0 -g3 -Wall -fmessage-length=0 -ffunction-sections -c -MMD -MP -MF"src/main.d" -MT"src/main.o" -o "src/main.o" "../src/main.c"
../src/main.c:122:2: error: expected identifier or '(' before '/' token
 */
  ^
src/subdir.mk:25: recipe for target 'src/main.o' failed
make: *** [src/main.o] Error 1
21:11:13 **** Incremental Build of configuration Debug for project Lab7.3 ****
make -j4 all 
Building file: ../src/main.c
Invoking: MCU GCC Compiler
D:\MyFile\Engineering\microprocessor\nctu\Lab7\Lab7.3\Debug
arm-none-eabi-gcc -mcpu=cortex-m4 -mthumb -mfloat-abi=hard -mfpu=fpv4-sp-d16 -DSTM32 -DSTM32L4 -DSTM32L476RGTx -DNUCLEO_L476RG -DDEBUG -I"D:/MyFile/Engineering/microprocessor/nctu/Lab7/Lab7.3/inc/" -O0 -g3 -Wall -fmessage-length=0 -ffunction-sections -c -MMD -MP -MF"src/main.d" -MT"src/main.o" -o "src/main.o" "../src/main.c"
../src/main.c:122:2: error: expected identifier or '(' before '/' token
 */
  ^
src/subdir.mk:25: recipe for target 'src/main.o' failed
make: *** [src/main.o] Error 1
21:11:23 **** Incremental Build of configuration Debug for project Lab7.3 ****
make -j4 all 
Building file: ../src/main.c
Invoking: MCU GCC Compiler
D:\MyFile\Engineering\microprocessor\nctu\Lab7\Lab7.3\Debug
arm-none-eabi-gcc -mcpu=cortex-m4 -mthumb -mfloat-abi=hard -mfpu=fpv4-sp-d16 -DSTM32 -DSTM32L4 -DSTM32L476RGTx -DNUCLEO_L476RG -DDEBUG -I"D:/MyFile/Engineering/microprocessor/nctu/Lab7/Lab7.3/inc/" -O0 -g3 -Wall -fmessage-length=0 -ffunction-sections -c -MMD -MP -MF"src/main.d" -MT"src/main.o" -o "src/main.o" "../src/main.c"
Finished building: ../src/main.c
 
Building target: Lab7.3.elf
Invoking: MCU GCC Linker
arm-none-eabi-gcc -mcpu=cortex-m4 -mthumb -mfloat-abi=hard -mfpu=fpv4-sp-d16 -T"D:/MyFile/Engineering/microprocessor/nctu/Lab7/Lab7.3/LinkerScript.ld" -Wl,-Map=output.map -Wl,--gc-sections -o "Lab7.3.elf" @"objects.list"   -lm
Finished building target: Lab7.3.elf
 
make --no-print-directory post-build
Generating binary and Printing size information:
arm-none-eabi-objcopy -O binary "Lab7.3.elf" "Lab7.3.bin"
arm-none-eabi-size "Lab7.3.elf"
   text	   data	    bss	    dec	    hex	filename
   2400	   1112	   1096	   4608	   1200	Lab7.3.elf
 
21:21:04 **** Incremental Build of configuration Debug for project Lab7.3 ****
make -j4 all 
Building file: ../src/main2.c
Invoking: MCU GCC Compiler
D:\MyFile\Engineering\microprocessor\nctu\Lab7\Lab7.3\Debug
arm-none-eabi-gcc -mcpu=cortex-m4 -mthumb -mfloat-abi=hard -mfpu=fpv4-sp-d16 -DSTM32 -DSTM32L4 -DSTM32L476RGTx -DNUCLEO_L476RG -DDEBUG -I"D:/MyFile/Engineering/microprocessor/nctu/Lab7/Lab7.3/inc/" -O0 -g3 -Wall -fmessage-length=0 -ffunction-sections -c -MMD -MP -MF"src/main2.d" -MT"src/main2.o" -o "src/main2.o" "../src/main2.c"
Finished building: ../src/main2.c
 
Building target: Lab7.3.elf
Invoking: MCU GCC Linker
arm-none-eabi-gcc -mcpu=cortex-m4 -mthumb -mfloat-abi=hard -mfpu=fpv4-sp-d16 -T"D:/MyFile/Engineering/microprocessor/nctu/Lab7/Lab7.3/LinkerScript.ld" -Wl,-Map=output.map -Wl,--gc-sections -o "Lab7.3.elf" @"objects.list"   -lm
src/main2.o: In function `display':
D:\MyFile\Engineering\microprocessor\nctu\Lab7\Lab7.3\Debug/../src/utils.h:25: multiple definition of `display'
src/main.o:D:\MyFile\Engineering\microprocessor\nctu\Lab7\Lab7.3\Debug/../src/utils.h:25: first defined here
src/main2.o: In function `GPIO_ReadInputDataBit':
D:\MyFile\Engineering\microprocessor\nctu\Lab7\Lab7.3\Debug/../src/utils.h:85: multiple definition of `GPIO_ReadInputDataBit'
src/main.o:D:\MyFile\Engineering\microprocessor\nctu\Lab7\Lab7.3\Debug/../src/utils.h:85: first defined here
src/main2.o: In function `displayf':
D:\MyFile\Engineering\microprocessor\nctu\Lab7\Lab7.3\Debug/../src/utils.h:93: multiple definition of `displayf'
src/main.o:D:\MyFile\Engineering\microprocessor\nctu\Lab7\Lab7.3\Debug/../src/utils.h:93: first defined here
src/main2.o: In function `len':
D:\MyFile\Engineering\microprocessor\nctu\Lab7\Lab7.3\Debug/../src/utils.h:150: multiple definition of `len'
src/main.o:D:\MyFile\Engineering\microprocessor\nctu\Lab7\Lab7.3\Debug/../src/utils.h:150: first defined here
src/main2.o: In function `keypad_init':
D:\MyFile\Engineering\microprocessor\nctu\Lab7\Lab7.3\Debug/../src/utils.h:178: multiple definition of `keypad_init'
src/main.o:D:\MyFile\Engineering\microprocessor\nctu\Lab7\Lab7.3\Debug/../src/utils.h:178: first defined here
src/main2.o: In function `keypad_scan':
D:\MyFile\Engineering\microprocessor\nctu\Lab7\Lab7.3\Debug/../src/utils.h:204: multiple definition of `keypad_scan'
src/main.o:D:\MyFile\Engineering\microprocessor\nctu\Lab7\Lab7.3\Debug/../src/utils.h:204: first defined here
src/main2.o:D:\MyFile\Engineering\microprocessor\nctu\Lab7\Lab7.3\Debug/../src/main2.c:13: multiple definition of `freq'
src/main.o:D:\MyFile\Engineering\microprocessor\nctu\Lab7\Lab7.3\Debug/../src/main.c:13: first defined here
src/main2.o:D:\MyFile\Engineering\microprocessor\nctu\Lab7\Lab7.3\Debug/../src/main2.c:14: multiple definition of `curr'
src/main.o:D:\MyFile\Engineering\microprocessor\nctu\Lab7\Lab7.3\Debug/../src/main.c:14: first defined here
src/main2.o:D:\MyFile\Engineering\microprocessor\nctu\Lab7\Lab7.3\Debug/../src/main2.c:14: multiple definition of `prev'
src/main.o:D:\MyFile\Engineering\microprocessor\nctu\Lab7\Lab7.3\Debug/../src/main.c:14: first defined here
src/main2.o:D:\MyFile\Engineering\microprocessor\nctu\Lab7\Lab7.3\Debug/../src/main2.c:14: multiple definition of `check'
src/main.o:D:\MyFile\Engineering\microprocessor\nctu\Lab7\Lab7.3\Debug/../src/main.c:14: first defined here
src/main2.o:D:\MyFile\Engineering\microprocessor\nctu\Lab7\Lab7.3\Debug/../src/main2.c:15: multiple definition of `duty_cycle'
src/main.o:D:\MyFile\Engineering\microprocessor\nctu\Lab7\Lab7.3\Debug/../src/main.c:15: first defined here
src/main2.o:D:\MyFile\Engineering\microprocessor\nctu\Lab7\Lab7.3\Debug/../src/main2.c:16: multiple definition of `keypad_disable'
src/main.o:D:\MyFile\Engineering\microprocessor\nctu\Lab7\Lab7.3\Debug/../src/main.c:16: first defined here
src/main2.o: In function `timer_init':
D:\MyFile\Engineering\microprocessor\nctu\Lab7\Lab7.3\Debug/../src/main2.c:19: multiple definition of `timer_init'
src/main.o:D:\MyFile\Engineering\microprocessor\nctu\Lab7\Lab7.3\Debug/../src/main.c:19: first defined here
src/main2.o: In function `timer_config':
D:\MyFile\Engineering\microprocessor\nctu\Lab7\Lab7.3\Debug/../src/main2.c:43: multiple definition of `timer_config'
src/main.o:D:\MyFile\Engineering\microprocessor\nctu\Lab7\Lab7.3\Debug/../src/main.c:43: first defined here
src/main2.o: In function `keypad_ctrl':
D:\MyFile\Engineering\microprocessor\nctu\Lab7\Lab7.3\Debug/../src/main2.c:51: multiple definition of `keypad_ctrl'
src/main.o:D:\MyFile\Engineering\microprocessor\nctu\Lab7\Lab7.3\Debug/../src/main.c:51: first defined here
src/main2.o: In function `SystemClock_Config':
D:\MyFile\Engineering\microprocessor\nctu\Lab7\Lab7.3\Debug/../src/main2.c:67: multiple definition of `SystemClock_Config'
src/main.o:D:\MyFile\Engineering\microprocessor\nctu\Lab7\Lab7.3\Debug/../src/main.c:67: first defined here
src/main2.o: In function `SysTick_Handler':
D:\MyFile\Engineering\microprocessor\nctu\Lab7\Lab7.3\Debug/../src/main2.c:78: multiple definition of `SysTick_Handler'
src/main.o:D:\MyFile\Engineering\microprocessor\nctu\Lab7\Lab7.3\Debug/../src/main.c:78: first defined here
src/main2.o: In function `main':
D:\MyFile\Engineering\microprocessor\nctu\Lab7\Lab7.3\Debug/../src/main2.c:100: multiple definition of `main'
src/main.o:D:\MyFile\Engineering\microprocessor\nctu\Lab7\Lab7.3\Debug/../src/main.c:100: first defined here
collect2.exe: error: ld returned 1 exit status
makefile:34: recipe for target 'Lab7.3.elf' failed
make: *** [Lab7.3.elf] Error 1
21:21:28 **** Incremental Build of configuration Debug for project Lab7.3 ****
make -j4 all 
Building file: ../src/main.c
Invoking: MCU GCC Compiler
D:\MyFile\Engineering\microprocessor\nctu\Lab7\Lab7.3\Debug
arm-none-eabi-gcc -mcpu=cortex-m4 -mthumb -mfloat-abi=hard -mfpu=fpv4-sp-d16 -DSTM32 -DSTM32L4 -DSTM32L476RGTx -DNUCLEO_L476RG -DDEBUG -I"D:/MyFile/Engineering/microprocessor/nctu/Lab7/Lab7.3/inc/" -O0 -g3 -Wall -fmessage-length=0 -ffunction-sections -c -MMD -MP -MF"src/main.d" -MT"src/main.o" -o "src/main.o" "../src/main.c"
Finished building: ../src/main.c
 
Building target: Lab7.3.elf
Invoking: MCU GCC Linker
arm-none-eabi-gcc -mcpu=cortex-m4 -mthumb -mfloat-abi=hard -mfpu=fpv4-sp-d16 -T"D:/MyFile/Engineering/microprocessor/nctu/Lab7/Lab7.3/LinkerScript.ld" -Wl,-Map=output.map -Wl,--gc-sections -o "Lab7.3.elf" @"objects.list"   -lm
Finished building target: Lab7.3.elf
 
make --no-print-directory post-build
Generating binary and Printing size information:
arm-none-eabi-objcopy -O binary "Lab7.3.elf" "Lab7.3.bin"
arm-none-eabi-size "Lab7.3.elf"
   text	   data	    bss	    dec	    hex	filename
   2504	   1120	   1096	   4720	   1270	Lab7.3.elf
 
21:23:17 **** Incremental Build of configuration Debug for project Lab7.3 ****
make -j4 all 
Building file: ../src/main2.c
Invoking: MCU GCC Compiler
D:\MyFile\Engineering\microprocessor\nctu\Lab7\Lab7.3\Debug
arm-none-eabi-gcc -mcpu=cortex-m4 -mthumb -mfloat-abi=hard -mfpu=fpv4-sp-d16 -DSTM32 -DSTM32L4 -DSTM32L476RGTx -DNUCLEO_L476RG -DDEBUG -I"D:/MyFile/Engineering/microprocessor/nctu/Lab7/Lab7.3/inc/" -O0 -g3 -Wall -fmessage-length=0 -ffunction-sections -c -MMD -MP -MF"src/main2.d" -MT"src/main2.o" -o "src/main2.o" "../src/main2.c"
Finished building: ../src/main2.c
 
Building target: Lab7.3.elf
Invoking: MCU GCC Linker
arm-none-eabi-gcc -mcpu=cortex-m4 -mthumb -mfloat-abi=hard -mfpu=fpv4-sp-d16 -T"D:/MyFile/Engineering/microprocessor/nctu/Lab7/Lab7.3/LinkerScript.ld" -Wl,-Map=output.map -Wl,--gc-sections -o "Lab7.3.elf" @"objects.list"   -lm
Finished building target: Lab7.3.elf
 
make --no-print-directory post-build
Generating binary and Printing size information:
arm-none-eabi-objcopy -O binary "Lab7.3.elf" "Lab7.3.bin"
arm-none-eabi-size "Lab7.3.elf"
   text	   data	    bss	    dec	    hex	filename
   2512	   1120	   1096	   4728	   1278	Lab7.3.elf
 
21:24:58 **** Incremental Build of configuration Debug for project Lab7.3 ****
make -j4 all 
Building file: ../src/main2.c
Invoking: MCU GCC Compiler
D:\MyFile\Engineering\microprocessor\nctu\Lab7\Lab7.3\Debug
arm-none-eabi-gcc -mcpu=cortex-m4 -mthumb -mfloat-abi=hard -mfpu=fpv4-sp-d16 -DSTM32 -DSTM32L4 -DSTM32L476RGTx -DNUCLEO_L476RG -DDEBUG -I"D:/MyFile/Engineering/microprocessor/nctu/Lab7/Lab7.3/inc/" -O0 -g3 -Wall -fmessage-length=0 -ffunction-sections -c -MMD -MP -MF"src/main2.d" -MT"src/main2.o" -o "src/main2.o" "../src/main2.c"
Finished building: ../src/main2.c
 
Building target: Lab7.3.elf
Invoking: MCU GCC Linker
arm-none-eabi-gcc -mcpu=cortex-m4 -mthumb -mfloat-abi=hard -mfpu=fpv4-sp-d16 -T"D:/MyFile/Engineering/microprocessor/nctu/Lab7/Lab7.3/LinkerScript.ld" -Wl,-Map=output.map -Wl,--gc-sections -o "Lab7.3.elf" @"objects.list"   -lm
Finished building target: Lab7.3.elf
 
make --no-print-directory post-build
Generating binary and Printing size information:
arm-none-eabi-objcopy -O binary "Lab7.3.elf" "Lab7.3.bin"
arm-none-eabi-size "Lab7.3.elf"
   text	   data	    bss	    dec	    hex	filename
   2520	   1120	   1096	   4736	   1280	Lab7.3.elf
 
19:04:00 **** Incremental Build of configuration Debug for project Lab7.3 ****
make -j4 all 
make: Nothing to be done for 'all'.
