01:49:33 **** Incremental Build of configuration Debug for project Lab7.3 ****
make -j4 all 
Building file: ../src/main.c
Invoking: MCU GCC Compiler
D:\MyFile\Engineering\microprocessor\nctu\Lab7\Lab7.3\Debug
arm-none-eabi-gcc -mcpu=cortex-m4 -mthumb -mfloat-abi=hard -mfpu=fpv4-sp-d16 -DSTM32 -DSTM32L4 -DSTM32L476RGTx -DNUCLEO_L476RG -DDEBUG -I"D:/MyFile/Engineering/microprocessor/nctu/Lab7/Lab7.3/inc/" -O0 -g3 -Wall -fmessage-length=0 -ffunction-sections -c -MMD -MP -MF"src/main.d" -MT"src/main.o" -o "src/main.o" "../src/main.c"
Finished building: ../src/main.c
 
Building target: Lab7.3.elf
Invoking: MCU GCC Linker
arm-none-eabi-gcc -mcpu=cortex-m4 -mthumb -mfloat-abi=hard -mfpu=fpv4-sp-d16 -T"D:/MyFile/Engineering/microprocessor/nctu/Lab7/Lab7.3/LinkerScript.ld" -Wl,-Map=output.map -Wl,--gc-sections -o "Lab7.3.elf" @"objects.list"   -lm
Finished building target: Lab7.3.elf
 
make --no-print-directory post-build
Generating binary and Printing size information:
arm-none-eabi-objcopy -O binary "Lab7.3.elf" "Lab7.3.bin"
arm-none-eabi-size "Lab7.3.elf"
   text	   data	    bss	    dec	    hex	filename
   2600	   1112	   1088	   4800	   12c0	Lab7.3.elf
 
01:49:44 **** Incremental Build of configuration Debug for project Lab7.3 ****
make -j4 all 
make: Nothing to be done for 'all'.
01:50:05 **** Incremental Build of configuration Debug for project Lab7.3 ****
make -j4 all 
make: Nothing to be done for 'all'.
01:50:40 **** Incremental Build of configuration Debug for project Lab7.3 ****
make -j4 all 
make: Nothing to be done for 'all'.
01:56:40 **** Incremental Build of configuration Debug for project Lab7.3 ****
make -j4 all 
make: Nothing to be done for 'all'.
01:57:08 **** Incremental Build of configuration Debug for project Lab7.3 ****
make -j4 all 
make: Nothing to be done for 'all'.
02:34:24 **** Incremental Build of configuration Debug for project Lab7.1 ****
make -j4 all 
Building file: ../src/main.c
Invoking: MCU GCC Compiler
D:\MyFile\Engineering\microprocessor\nctu\Lab7\Lab7.1\Debug
arm-none-eabi-gcc -mcpu=cortex-m4 -mthumb -mfloat-abi=hard -mfpu=fpv4-sp-d16 -DSTM32 -DSTM32L4 -DSTM32L476RGTx -DNUCLEO_L476RG -DDEBUG -I"D:/MyFile/Engineering/microprocessor/nctu/Lab7/Lab7.1/inc" -include"D:/MyFile/Engineering/microprocessor/nctu/Lab7/Lab7.1/inc/stm32l476xx.h" -O0 -g3 -Wall -fmessage-length=0 -ffunction-sections -c -MMD -MP -MF"src/main.d" -MT"src/main.o" -o "src/main.o" "../src/main.c"
Finished building: ../src/main.c
 
Building target: Lab7.1.elf
Invoking: MCU GCC Linker
arm-none-eabi-gcc -mcpu=cortex-m4 -mthumb -mfloat-abi=hard -mfpu=fpv4-sp-d16 -T"D:/MyFile/Engineering/microprocessor/nctu/Lab7/Lab7.1/LinkerScript.ld" -Wl,-Map=output.map -Wl,--gc-sections -o "Lab7.1.elf" @"objects.list"   -lm
Finished building target: Lab7.1.elf
 
make --no-print-directory post-build
Generating binary and Printing size information:
arm-none-eabi-objcopy -O binary "Lab7.1.elf" "Lab7.1.bin"
arm-none-eabi-size "Lab7.1.elf"
   text	   data	    bss	    dec	    hex	filename
   1184	   1088	   1088	   3360	    d20	Lab7.1.elf
 
02:53:12 **** Incremental Build of configuration Debug for project Lab7.3 ****
make -j4 all 
Building file: ../src/main.c
Invoking: MCU GCC Compiler
D:\MyFile\Engineering\microprocessor\nctu\Lab7\Lab7.3\Debug
arm-none-eabi-gcc -mcpu=cortex-m4 -mthumb -mfloat-abi=hard -mfpu=fpv4-sp-d16 -DSTM32 -DSTM32L4 -DSTM32L476RGTx -DNUCLEO_L476RG -DDEBUG -I"D:/MyFile/Engineering/microprocessor/nctu/Lab7/Lab7.3/inc/" -O0 -g3 -Wall -fmessage-length=0 -ffunction-sections -c -MMD -MP -MF"src/main.d" -MT"src/main.o" -o "src/main.o" "../src/main.c"
../src/main.c: In function 'main':
../src/main.c:131:2: error: too few arguments to function 'keypad_ctrl'
  keypad_ctrl();
  ^~~~~~~~~~~
../src/main.c:49:6: note: declared here
 void keypad_ctrl(int check, int timesup)
      ^~~~~~~~~~~
src/subdir.mk:22: recipe for target 'src/main.o' failed
make: *** [src/main.o] Error 1
02:53:26 **** Incremental Build of configuration Debug for project Lab7.3 ****
make -j4 all 
Building file: ../src/main.c
Invoking: MCU GCC Compiler
D:\MyFile\Engineering\microprocessor\nctu\Lab7\Lab7.3\Debug
arm-none-eabi-gcc -mcpu=cortex-m4 -mthumb -mfloat-abi=hard -mfpu=fpv4-sp-d16 -DSTM32 -DSTM32L4 -DSTM32L476RGTx -DNUCLEO_L476RG -DDEBUG -I"D:/MyFile/Engineering/microprocessor/nctu/Lab7/Lab7.3/inc/" -O0 -g3 -Wall -fmessage-length=0 -ffunction-sections -c -MMD -MP -MF"src/main.d" -MT"src/main.o" -o "src/main.o" "../src/main.c"
Finished building: ../src/main.c
 
Building target: Lab7.3.elf
Invoking: MCU GCC Linker
arm-none-eabi-gcc -mcpu=cortex-m4 -mthumb -mfloat-abi=hard -mfpu=fpv4-sp-d16 -T"D:/MyFile/Engineering/microprocessor/nctu/Lab7/Lab7.3/LinkerScript.ld" -Wl,-Map=output.map -Wl,--gc-sections -o "Lab7.3.elf" @"objects.list"   -lm
Finished building target: Lab7.3.elf
 
make --no-print-directory post-build
Generating binary and Printing size information:
arm-none-eabi-objcopy -O binary "Lab7.3.elf" "Lab7.3.bin"
arm-none-eabi-size "Lab7.3.elf"
   text	   data	    bss	    dec	    hex	filename
   2768	   1112	   1088	   4968	   1368	Lab7.3.elf
 
02:54:23 **** Incremental Build of configuration Debug for project Lab7.3 ****
make -j4 all 
Building file: ../src/main.c
Invoking: MCU GCC Compiler
D:\MyFile\Engineering\microprocessor\nctu\Lab7\Lab7.3\Debug
arm-none-eabi-gcc -mcpu=cortex-m4 -mthumb -mfloat-abi=hard -mfpu=fpv4-sp-d16 -DSTM32 -DSTM32L4 -DSTM32L476RGTx -DNUCLEO_L476RG -DDEBUG -I"D:/MyFile/Engineering/microprocessor/nctu/Lab7/Lab7.3/inc/" -O0 -g3 -Wall -fmessage-length=0 -ffunction-sections -c -MMD -MP -MF"src/main.d" -MT"src/main.o" -o "src/main.o" "../src/main.c"
Finished building: ../src/main.c
 
Building target: Lab7.3.elf
Invoking: MCU GCC Linker
arm-none-eabi-gcc -mcpu=cortex-m4 -mthumb -mfloat-abi=hard -mfpu=fpv4-sp-d16 -T"D:/MyFile/Engineering/microprocessor/nctu/Lab7/Lab7.3/LinkerScript.ld" -Wl,-Map=output.map -Wl,--gc-sections -o "Lab7.3.elf" @"objects.list"   -lm
Finished building target: Lab7.3.elf
 
make --no-print-directory post-build
Generating binary and Printing size information:
arm-none-eabi-objcopy -O binary "Lab7.3.elf" "Lab7.3.bin"
arm-none-eabi-size "Lab7.3.elf"
   text	   data	    bss	    dec	    hex	filename
   2752	   1112	   1088	   4952	   1358	Lab7.3.elf
 
02:54:58 **** Incremental Build of configuration Debug for project Lab7.3 ****
make -j4 all 
Building file: ../src/main.c
Invoking: MCU GCC Compiler
D:\MyFile\Engineering\microprocessor\nctu\Lab7\Lab7.3\Debug
arm-none-eabi-gcc -mcpu=cortex-m4 -mthumb -mfloat-abi=hard -mfpu=fpv4-sp-d16 -DSTM32 -DSTM32L4 -DSTM32L476RGTx -DNUCLEO_L476RG -DDEBUG -I"D:/MyFile/Engineering/microprocessor/nctu/Lab7/Lab7.3/inc/" -O0 -g3 -Wall -fmessage-length=0 -ffunction-sections -c -MMD -MP -MF"src/main.d" -MT"src/main.o" -o "src/main.o" "../src/main.c"
Finished building: ../src/main.c
 
Building target: Lab7.3.elf
Invoking: MCU GCC Linker
arm-none-eabi-gcc -mcpu=cortex-m4 -mthumb -mfloat-abi=hard -mfpu=fpv4-sp-d16 -T"D:/MyFile/Engineering/microprocessor/nctu/Lab7/Lab7.3/LinkerScript.ld" -Wl,-Map=output.map -Wl,--gc-sections -o "Lab7.3.elf" @"objects.list"   -lm
Finished building target: Lab7.3.elf
 
make --no-print-directory post-build
Generating binary and Printing size information:
arm-none-eabi-objcopy -O binary "Lab7.3.elf" "Lab7.3.bin"
arm-none-eabi-size "Lab7.3.elf"
   text	   data	    bss	    dec	    hex	filename
   2768	   1112	   1088	   4968	   1368	Lab7.3.elf
 
02:55:18 **** Incremental Build of configuration Debug for project Lab7.3 ****
make -j4 all 
Building file: ../src/main.c
Invoking: MCU GCC Compiler
D:\MyFile\Engineering\microprocessor\nctu\Lab7\Lab7.3\Debug
arm-none-eabi-gcc -mcpu=cortex-m4 -mthumb -mfloat-abi=hard -mfpu=fpv4-sp-d16 -DSTM32 -DSTM32L4 -DSTM32L476RGTx -DNUCLEO_L476RG -DDEBUG -I"D:/MyFile/Engineering/microprocessor/nctu/Lab7/Lab7.3/inc/" -O0 -g3 -Wall -fmessage-length=0 -ffunction-sections -c -MMD -MP -MF"src/main.d" -MT"src/main.o" -o "src/main.o" "../src/main.c"
Finished building: ../src/main.c
 
Building target: Lab7.3.elf
Invoking: MCU GCC Linker
arm-none-eabi-gcc -mcpu=cortex-m4 -mthumb -mfloat-abi=hard -mfpu=fpv4-sp-d16 -T"D:/MyFile/Engineering/microprocessor/nctu/Lab7/Lab7.3/LinkerScript.ld" -Wl,-Map=output.map -Wl,--gc-sections -o "Lab7.3.elf" @"objects.list"   -lm
Finished building target: Lab7.3.elf
 
make --no-print-directory post-build
Generating binary and Printing size information:
arm-none-eabi-objcopy -O binary "Lab7.3.elf" "Lab7.3.bin"
arm-none-eabi-size "Lab7.3.elf"
   text	   data	    bss	    dec	    hex	filename
   2776	   1112	   1088	   4976	   1370	Lab7.3.elf
 
02:56:21 **** Incremental Build of configuration Debug for project Lab7.3 ****
make -j4 all 
Building file: ../src/main.c
Invoking: MCU GCC Compiler
D:\MyFile\Engineering\microprocessor\nctu\Lab7\Lab7.3\Debug
arm-none-eabi-gcc -mcpu=cortex-m4 -mthumb -mfloat-abi=hard -mfpu=fpv4-sp-d16 -DSTM32 -DSTM32L4 -DSTM32L476RGTx -DNUCLEO_L476RG -DDEBUG -I"D:/MyFile/Engineering/microprocessor/nctu/Lab7/Lab7.3/inc/" -O0 -g3 -Wall -fmessage-length=0 -ffunction-sections -c -MMD -MP -MF"src/main.d" -MT"src/main.o" -o "src/main.o" "../src/main.c"
Finished building: ../src/main.c
 
Building target: Lab7.3.elf
Invoking: MCU GCC Linker
arm-none-eabi-gcc -mcpu=cortex-m4 -mthumb -mfloat-abi=hard -mfpu=fpv4-sp-d16 -T"D:/MyFile/Engineering/microprocessor/nctu/Lab7/Lab7.3/LinkerScript.ld" -Wl,-Map=output.map -Wl,--gc-sections -o "Lab7.3.elf" @"objects.list"   -lm
Finished building target: Lab7.3.elf
 
make --no-print-directory post-build
Generating binary and Printing size information:
arm-none-eabi-objcopy -O binary "Lab7.3.elf" "Lab7.3.bin"
arm-none-eabi-size "Lab7.3.elf"
   text	   data	    bss	    dec	    hex	filename
   2768	   1112	   1088	   4968	   1368	Lab7.3.elf
 
02:59:43 **** Incremental Build of configuration Debug for project Lab7.3 ****
make -j4 all 
Building file: ../src/main.c
Invoking: MCU GCC Compiler
D:\MyFile\Engineering\microprocessor\nctu\Lab7\Lab7.3\Debug
arm-none-eabi-gcc -mcpu=cortex-m4 -mthumb -mfloat-abi=hard -mfpu=fpv4-sp-d16 -DSTM32 -DSTM32L4 -DSTM32L476RGTx -DNUCLEO_L476RG -DDEBUG -I"D:/MyFile/Engineering/microprocessor/nctu/Lab7/Lab7.3/inc/" -O0 -g3 -Wall -fmessage-length=0 -ffunction-sections -c -MMD -MP -MF"src/main.d" -MT"src/main.o" -o "src/main.o" "../src/main.c"
Finished building: ../src/main.c
 
Building target: Lab7.3.elf
Invoking: MCU GCC Linker
arm-none-eabi-gcc -mcpu=cortex-m4 -mthumb -mfloat-abi=hard -mfpu=fpv4-sp-d16 -T"D:/MyFile/Engineering/microprocessor/nctu/Lab7/Lab7.3/LinkerScript.ld" -Wl,-Map=output.map -Wl,--gc-sections -o "Lab7.3.elf" @"objects.list"   -lm
Finished building target: Lab7.3.elf
 
make --no-print-directory post-build
Generating binary and Printing size information:
arm-none-eabi-objcopy -O binary "Lab7.3.elf" "Lab7.3.bin"
arm-none-eabi-size "Lab7.3.elf"
   text	   data	    bss	    dec	    hex	filename
   2768	   1112	   1088	   4968	   1368	Lab7.3.elf
 
03:00:12 **** Incremental Build of configuration Debug for project Lab7.3 ****
make -j4 all 
Building file: ../src/main.c
Invoking: MCU GCC Compiler
D:\MyFile\Engineering\microprocessor\nctu\Lab7\Lab7.3\Debug
arm-none-eabi-gcc -mcpu=cortex-m4 -mthumb -mfloat-abi=hard -mfpu=fpv4-sp-d16 -DSTM32 -DSTM32L4 -DSTM32L476RGTx -DNUCLEO_L476RG -DDEBUG -I"D:/MyFile/Engineering/microprocessor/nctu/Lab7/Lab7.3/inc/" -O0 -g3 -Wall -fmessage-length=0 -ffunction-sections -c -MMD -MP -MF"src/main.d" -MT"src/main.o" -o "src/main.o" "../src/main.c"
Finished building: ../src/main.c
 
Building target: Lab7.3.elf
Invoking: MCU GCC Linker
arm-none-eabi-gcc -mcpu=cortex-m4 -mthumb -mfloat-abi=hard -mfpu=fpv4-sp-d16 -T"D:/MyFile/Engineering/microprocessor/nctu/Lab7/Lab7.3/LinkerScript.ld" -Wl,-Map=output.map -Wl,--gc-sections -o "Lab7.3.elf" @"objects.list"   -lm
Finished building target: Lab7.3.elf
 
make --no-print-directory post-build
Generating binary and Printing size information:
arm-none-eabi-objcopy -O binary "Lab7.3.elf" "Lab7.3.bin"
arm-none-eabi-size "Lab7.3.elf"
   text	   data	    bss	    dec	    hex	filename
   2712	   1112	   1088	   4912	   1330	Lab7.3.elf
 
03:01:09 **** Incremental Build of configuration Debug for project Lab7.3 ****
make -j4 all 
Building file: ../src/main.c
Invoking: MCU GCC Compiler
D:\MyFile\Engineering\microprocessor\nctu\Lab7\Lab7.3\Debug
arm-none-eabi-gcc -mcpu=cortex-m4 -mthumb -mfloat-abi=hard -mfpu=fpv4-sp-d16 -DSTM32 -DSTM32L4 -DSTM32L476RGTx -DNUCLEO_L476RG -DDEBUG -I"D:/MyFile/Engineering/microprocessor/nctu/Lab7/Lab7.3/inc/" -O0 -g3 -Wall -fmessage-length=0 -ffunction-sections -c -MMD -MP -MF"src/main.d" -MT"src/main.o" -o "src/main.o" "../src/main.c"
Finished building: ../src/main.c
 
Building target: Lab7.3.elf
Invoking: MCU GCC Linker
arm-none-eabi-gcc -mcpu=cortex-m4 -mthumb -mfloat-abi=hard -mfpu=fpv4-sp-d16 -T"D:/MyFile/Engineering/microprocessor/nctu/Lab7/Lab7.3/LinkerScript.ld" -Wl,-Map=output.map -Wl,--gc-sections -o "Lab7.3.elf" @"objects.list"   -lm
Finished building target: Lab7.3.elf
 
make --no-print-directory post-build
Generating binary and Printing size information:
arm-none-eabi-objcopy -O binary "Lab7.3.elf" "Lab7.3.bin"
arm-none-eabi-size "Lab7.3.elf"
   text	   data	    bss	    dec	    hex	filename
   2720	   1112	   1088	   4920	   1338	Lab7.3.elf
 
03:02:03 **** Incremental Build of configuration Debug for project Lab7.3 ****
make -j4 all 
Building file: ../src/main.c
Invoking: MCU GCC Compiler
D:\MyFile\Engineering\microprocessor\nctu\Lab7\Lab7.3\Debug
arm-none-eabi-gcc -mcpu=cortex-m4 -mthumb -mfloat-abi=hard -mfpu=fpv4-sp-d16 -DSTM32 -DSTM32L4 -DSTM32L476RGTx -DNUCLEO_L476RG -DDEBUG -I"D:/MyFile/Engineering/microprocessor/nctu/Lab7/Lab7.3/inc/" -O0 -g3 -Wall -fmessage-length=0 -ffunction-sections -c -MMD -MP -MF"src/main.d" -MT"src/main.o" -o "src/main.o" "../src/main.c"
Finished building: ../src/main.c
 
Building target: Lab7.3.elf
Invoking: MCU GCC Linker
arm-none-eabi-gcc -mcpu=cortex-m4 -mthumb -mfloat-abi=hard -mfpu=fpv4-sp-d16 -T"D:/MyFile/Engineering/microprocessor/nctu/Lab7/Lab7.3/LinkerScript.ld" -Wl,-Map=output.map -Wl,--gc-sections -o "Lab7.3.elf" @"objects.list"   -lm
Finished building target: Lab7.3.elf
 
make --no-print-directory post-build
Generating binary and Printing size information:
arm-none-eabi-objcopy -O binary "Lab7.3.elf" "Lab7.3.bin"
arm-none-eabi-size "Lab7.3.elf"
   text	   data	    bss	    dec	    hex	filename
   2720	   1112	   1088	   4920	   1338	Lab7.3.elf
 
03:03:08 **** Incremental Build of configuration Debug for project Lab7.3 ****
make -j4 all 
Building file: ../src/main.c
Invoking: MCU GCC Compiler
D:\MyFile\Engineering\microprocessor\nctu\Lab7\Lab7.3\Debug
arm-none-eabi-gcc -mcpu=cortex-m4 -mthumb -mfloat-abi=hard -mfpu=fpv4-sp-d16 -DSTM32 -DSTM32L4 -DSTM32L476RGTx -DNUCLEO_L476RG -DDEBUG -I"D:/MyFile/Engineering/microprocessor/nctu/Lab7/Lab7.3/inc/" -O0 -g3 -Wall -fmessage-length=0 -ffunction-sections -c -MMD -MP -MF"src/main.d" -MT"src/main.o" -o "src/main.o" "../src/main.c"
Finished building: ../src/main.c
 
Building target: Lab7.3.elf
Invoking: MCU GCC Linker
arm-none-eabi-gcc -mcpu=cortex-m4 -mthumb -mfloat-abi=hard -mfpu=fpv4-sp-d16 -T"D:/MyFile/Engineering/microprocessor/nctu/Lab7/Lab7.3/LinkerScript.ld" -Wl,-Map=output.map -Wl,--gc-sections -o "Lab7.3.elf" @"objects.list"   -lm
Finished building target: Lab7.3.elf
 
make --no-print-directory post-build
Generating binary and Printing size information:
arm-none-eabi-objcopy -O binary "Lab7.3.elf" "Lab7.3.bin"
arm-none-eabi-size "Lab7.3.elf"
   text	   data	    bss	    dec	    hex	filename
   2784	   1112	   1088	   4984	   1378	Lab7.3.elf
 
03:03:28 **** Incremental Build of configuration Debug for project Lab7.3 ****
make -j4 all 
Building file: ../src/main.c
Invoking: MCU GCC Compiler
D:\MyFile\Engineering\microprocessor\nctu\Lab7\Lab7.3\Debug
arm-none-eabi-gcc -mcpu=cortex-m4 -mthumb -mfloat-abi=hard -mfpu=fpv4-sp-d16 -DSTM32 -DSTM32L4 -DSTM32L476RGTx -DNUCLEO_L476RG -DDEBUG -I"D:/MyFile/Engineering/microprocessor/nctu/Lab7/Lab7.3/inc/" -O0 -g3 -Wall -fmessage-length=0 -ffunction-sections -c -MMD -MP -MF"src/main.d" -MT"src/main.o" -o "src/main.o" "../src/main.c"
Finished building: ../src/main.c
 
Building target: Lab7.3.elf
Invoking: MCU GCC Linker
arm-none-eabi-gcc -mcpu=cortex-m4 -mthumb -mfloat-abi=hard -mfpu=fpv4-sp-d16 -T"D:/MyFile/Engineering/microprocessor/nctu/Lab7/Lab7.3/LinkerScript.ld" -Wl,-Map=output.map -Wl,--gc-sections -o "Lab7.3.elf" @"objects.list"   -lm
Finished building target: Lab7.3.elf
 
make --no-print-directory post-build
Generating binary and Printing size information:
arm-none-eabi-objcopy -O binary "Lab7.3.elf" "Lab7.3.bin"
arm-none-eabi-size "Lab7.3.elf"
   text	   data	    bss	    dec	    hex	filename
   2784	   1112	   1088	   4984	   1378	Lab7.3.elf
 
03:04:20 **** Incremental Build of configuration Debug for project Lab7.3 ****
make -j4 all 
Building file: ../src/main.c
Invoking: MCU GCC Compiler
D:\MyFile\Engineering\microprocessor\nctu\Lab7\Lab7.3\Debug
arm-none-eabi-gcc -mcpu=cortex-m4 -mthumb -mfloat-abi=hard -mfpu=fpv4-sp-d16 -DSTM32 -DSTM32L4 -DSTM32L476RGTx -DNUCLEO_L476RG -DDEBUG -I"D:/MyFile/Engineering/microprocessor/nctu/Lab7/Lab7.3/inc/" -O0 -g3 -Wall -fmessage-length=0 -ffunction-sections -c -MMD -MP -MF"src/main.d" -MT"src/main.o" -o "src/main.o" "../src/main.c"
Finished building: ../src/main.c
 
Building target: Lab7.3.elf
Invoking: MCU GCC Linker
arm-none-eabi-gcc -mcpu=cortex-m4 -mthumb -mfloat-abi=hard -mfpu=fpv4-sp-d16 -T"D:/MyFile/Engineering/microprocessor/nctu/Lab7/Lab7.3/LinkerScript.ld" -Wl,-Map=output.map -Wl,--gc-sections -o "Lab7.3.elf" @"objects.list"   -lm
Finished building target: Lab7.3.elf
 
make --no-print-directory post-build
Generating binary and Printing size information:
arm-none-eabi-objcopy -O binary "Lab7.3.elf" "Lab7.3.bin"
arm-none-eabi-size "Lab7.3.elf"
   text	   data	    bss	    dec	    hex	filename
   2792	   1112	   1088	   4992	   1380	Lab7.3.elf
 
03:04:47 **** Incremental Build of configuration Debug for project Lab7.3 ****
make -j4 all 
Building file: ../src/main.c
Invoking: MCU GCC Compiler
D:\MyFile\Engineering\microprocessor\nctu\Lab7\Lab7.3\Debug
arm-none-eabi-gcc -mcpu=cortex-m4 -mthumb -mfloat-abi=hard -mfpu=fpv4-sp-d16 -DSTM32 -DSTM32L4 -DSTM32L476RGTx -DNUCLEO_L476RG -DDEBUG -I"D:/MyFile/Engineering/microprocessor/nctu/Lab7/Lab7.3/inc/" -O0 -g3 -Wall -fmessage-length=0 -ffunction-sections -c -MMD -MP -MF"src/main.d" -MT"src/main.o" -o "src/main.o" "../src/main.c"
Finished building: ../src/main.c
 
Building target: Lab7.3.elf
Invoking: MCU GCC Linker
arm-none-eabi-gcc -mcpu=cortex-m4 -mthumb -mfloat-abi=hard -mfpu=fpv4-sp-d16 -T"D:/MyFile/Engineering/microprocessor/nctu/Lab7/Lab7.3/LinkerScript.ld" -Wl,-Map=output.map -Wl,--gc-sections -o "Lab7.3.elf" @"objects.list"   -lm
Finished building target: Lab7.3.elf
 
make --no-print-directory post-build
Generating binary and Printing size information:
arm-none-eabi-objcopy -O binary "Lab7.3.elf" "Lab7.3.bin"
arm-none-eabi-size "Lab7.3.elf"
   text	   data	    bss	    dec	    hex	filename
   2784	   1112	   1088	   4984	   1378	Lab7.3.elf
 
03:04:56 **** Incremental Build of configuration Debug for project Lab7.3 ****
make -j4 all 
Building file: ../src/main.c
Invoking: MCU GCC Compiler
D:\MyFile\Engineering\microprocessor\nctu\Lab7\Lab7.3\Debug
arm-none-eabi-gcc -mcpu=cortex-m4 -mthumb -mfloat-abi=hard -mfpu=fpv4-sp-d16 -DSTM32 -DSTM32L4 -DSTM32L476RGTx -DNUCLEO_L476RG -DDEBUG -I"D:/MyFile/Engineering/microprocessor/nctu/Lab7/Lab7.3/inc/" -O0 -g3 -Wall -fmessage-length=0 -ffunction-sections -c -MMD -MP -MF"src/main.d" -MT"src/main.o" -o "src/main.o" "../src/main.c"
Finished building: ../src/main.c
 
Building target: Lab7.3.elf
Invoking: MCU GCC Linker
arm-none-eabi-gcc -mcpu=cortex-m4 -mthumb -mfloat-abi=hard -mfpu=fpv4-sp-d16 -T"D:/MyFile/Engineering/microprocessor/nctu/Lab7/Lab7.3/LinkerScript.ld" -Wl,-Map=output.map -Wl,--gc-sections -o "Lab7.3.elf" @"objects.list"   -lm
Finished building target: Lab7.3.elf
 
make --no-print-directory post-build
Generating binary and Printing size information:
arm-none-eabi-objcopy -O binary "Lab7.3.elf" "Lab7.3.bin"
arm-none-eabi-size "Lab7.3.elf"
   text	   data	    bss	    dec	    hex	filename
   2784	   1112	   1088	   4984	   1378	Lab7.3.elf
 
03:05:47 **** Incremental Build of configuration Debug for project Lab7.3 ****
make -j4 all 
Building file: ../src/main.c
Invoking: MCU GCC Compiler
D:\MyFile\Engineering\microprocessor\nctu\Lab7\Lab7.3\Debug
arm-none-eabi-gcc -mcpu=cortex-m4 -mthumb -mfloat-abi=hard -mfpu=fpv4-sp-d16 -DSTM32 -DSTM32L4 -DSTM32L476RGTx -DNUCLEO_L476RG -DDEBUG -I"D:/MyFile/Engineering/microprocessor/nctu/Lab7/Lab7.3/inc/" -O0 -g3 -Wall -fmessage-length=0 -ffunction-sections -c -MMD -MP -MF"src/main.d" -MT"src/main.o" -o "src/main.o" "../src/main.c"
Finished building: ../src/main.c
 
Building target: Lab7.3.elf
Invoking: MCU GCC Linker
arm-none-eabi-gcc -mcpu=cortex-m4 -mthumb -mfloat-abi=hard -mfpu=fpv4-sp-d16 -T"D:/MyFile/Engineering/microprocessor/nctu/Lab7/Lab7.3/LinkerScript.ld" -Wl,-Map=output.map -Wl,--gc-sections -o "Lab7.3.elf" @"objects.list"   -lm
Finished building target: Lab7.3.elf
 
make --no-print-directory post-build
Generating binary and Printing size information:
arm-none-eabi-objcopy -O binary "Lab7.3.elf" "Lab7.3.bin"
arm-none-eabi-size "Lab7.3.elf"
   text	   data	    bss	    dec	    hex	filename
   2768	   1112	   1088	   4968	   1368	Lab7.3.elf
 
03:07:23 **** Incremental Build of configuration Debug for project Lab7.3 ****
make -j4 all 
make: Nothing to be done for 'all'.
03:07:34 **** Incremental Build of configuration Debug for project Lab7.3 ****
make -j4 all 
Building file: ../src/main.c
Invoking: MCU GCC Compiler
D:\MyFile\Engineering\microprocessor\nctu\Lab7\Lab7.3\Debug
arm-none-eabi-gcc -mcpu=cortex-m4 -mthumb -mfloat-abi=hard -mfpu=fpv4-sp-d16 -DSTM32 -DSTM32L4 -DSTM32L476RGTx -DNUCLEO_L476RG -DDEBUG -I"D:/MyFile/Engineering/microprocessor/nctu/Lab7/Lab7.3/inc/" -O0 -g3 -Wall -fmessage-length=0 -ffunction-sections -c -MMD -MP -MF"src/main.d" -MT"src/main.o" -o "src/main.o" "../src/main.c"
Finished building: ../src/main.c
 
Building target: Lab7.3.elf
Invoking: MCU GCC Linker
arm-none-eabi-gcc -mcpu=cortex-m4 -mthumb -mfloat-abi=hard -mfpu=fpv4-sp-d16 -T"D:/MyFile/Engineering/microprocessor/nctu/Lab7/Lab7.3/LinkerScript.ld" -Wl,-Map=output.map -Wl,--gc-sections -o "Lab7.3.elf" @"objects.list"   -lm
Finished building target: Lab7.3.elf
 
make --no-print-directory post-build
Generating binary and Printing size information:
arm-none-eabi-objcopy -O binary "Lab7.3.elf" "Lab7.3.bin"
arm-none-eabi-size "Lab7.3.elf"
   text	   data	    bss	    dec	    hex	filename
   2752	   1112	   1088	   4952	   1358	Lab7.3.elf
 
03:07:42 **** Incremental Build of configuration Debug for project Lab7.3 ****
make -j4 all 
make: Nothing to be done for 'all'.
03:09:53 **** Incremental Build of configuration Debug for project Lab7.3 ****
make -j4 all 
Building file: ../src/main.c
Invoking: MCU GCC Compiler
D:\MyFile\Engineering\microprocessor\nctu\Lab7\Lab7.3\Debug
arm-none-eabi-gcc -mcpu=cortex-m4 -mthumb -mfloat-abi=hard -mfpu=fpv4-sp-d16 -DSTM32 -DSTM32L4 -DSTM32L476RGTx -DNUCLEO_L476RG -DDEBUG -I"D:/MyFile/Engineering/microprocessor/nctu/Lab7/Lab7.3/inc/" -O0 -g3 -Wall -fmessage-length=0 -ffunction-sections -c -MMD -MP -MF"src/main.d" -MT"src/main.o" -o "src/main.o" "../src/main.c"
Finished building: ../src/main.c
 
Building target: Lab7.3.elf
Invoking: MCU GCC Linker
arm-none-eabi-gcc -mcpu=cortex-m4 -mthumb -mfloat-abi=hard -mfpu=fpv4-sp-d16 -T"D:/MyFile/Engineering/microprocessor/nctu/Lab7/Lab7.3/LinkerScript.ld" -Wl,-Map=output.map -Wl,--gc-sections -o "Lab7.3.elf" @"objects.list"   -lm
Finished building target: Lab7.3.elf
 
make --no-print-directory post-build
Generating binary and Printing size information:
arm-none-eabi-objcopy -O binary "Lab7.3.elf" "Lab7.3.bin"
arm-none-eabi-size "Lab7.3.elf"
   text	   data	    bss	    dec	    hex	filename
   2400	   1112	   1088	   4600	   11f8	Lab7.3.elf
 
03:10:24 **** Incremental Build of configuration Debug for project Lab7.3 ****
make -j4 all 
Building file: ../src/main.c
Invoking: MCU GCC Compiler
D:\MyFile\Engineering\microprocessor\nctu\Lab7\Lab7.3\Debug
arm-none-eabi-gcc -mcpu=cortex-m4 -mthumb -mfloat-abi=hard -mfpu=fpv4-sp-d16 -DSTM32 -DSTM32L4 -DSTM32L476RGTx -DNUCLEO_L476RG -DDEBUG -I"D:/MyFile/Engineering/microprocessor/nctu/Lab7/Lab7.3/inc/" -O0 -g3 -Wall -fmessage-length=0 -ffunction-sections -c -MMD -MP -MF"src/main.d" -MT"src/main.o" -o "src/main.o" "../src/main.c"
Finished building: ../src/main.c
 
Building target: Lab7.3.elf
Invoking: MCU GCC Linker
arm-none-eabi-gcc -mcpu=cortex-m4 -mthumb -mfloat-abi=hard -mfpu=fpv4-sp-d16 -T"D:/MyFile/Engineering/microprocessor/nctu/Lab7/Lab7.3/LinkerScript.ld" -Wl,-Map=output.map -Wl,--gc-sections -o "Lab7.3.elf" @"objects.list"   -lm
Finished building target: Lab7.3.elf
 
make --no-print-directory post-build
Generating binary and Printing size information:
arm-none-eabi-objcopy -O binary "Lab7.3.elf" "Lab7.3.bin"
arm-none-eabi-size "Lab7.3.elf"
   text	   data	    bss	    dec	    hex	filename
   2752	   1112	   1088	   4952	   1358	Lab7.3.elf
 
03:11:21 **** Incremental Build of configuration Debug for project Lab7.3 ****
make -j4 all 
Building file: ../src/main.c
Invoking: MCU GCC Compiler
D:\MyFile\Engineering\microprocessor\nctu\Lab7\Lab7.3\Debug
arm-none-eabi-gcc -mcpu=cortex-m4 -mthumb -mfloat-abi=hard -mfpu=fpv4-sp-d16 -DSTM32 -DSTM32L4 -DSTM32L476RGTx -DNUCLEO_L476RG -DDEBUG -I"D:/MyFile/Engineering/microprocessor/nctu/Lab7/Lab7.3/inc/" -O0 -g3 -Wall -fmessage-length=0 -ffunction-sections -c -MMD -MP -MF"src/main.d" -MT"src/main.o" -o "src/main.o" "../src/main.c"
Finished building: ../src/main.c
 
Building target: Lab7.3.elf
Invoking: MCU GCC Linker
arm-none-eabi-gcc -mcpu=cortex-m4 -mthumb -mfloat-abi=hard -mfpu=fpv4-sp-d16 -T"D:/MyFile/Engineering/microprocessor/nctu/Lab7/Lab7.3/LinkerScript.ld" -Wl,-Map=output.map -Wl,--gc-sections -o "Lab7.3.elf" @"objects.list"   -lm
Finished building target: Lab7.3.elf
 
make --no-print-directory post-build
Generating binary and Printing size information:
arm-none-eabi-objcopy -O binary "Lab7.3.elf" "Lab7.3.bin"
arm-none-eabi-size "Lab7.3.elf"
   text	   data	    bss	    dec	    hex	filename
   2360	   1112	   1088	   4560	   11d0	Lab7.3.elf
 
03:13:24 **** Incremental Build of configuration Debug for project Lab7.3 ****
make -j4 all 
Building file: ../src/main.c
Invoking: MCU GCC Compiler
D:\MyFile\Engineering\microprocessor\nctu\Lab7\Lab7.3\Debug
arm-none-eabi-gcc -mcpu=cortex-m4 -mthumb -mfloat-abi=hard -mfpu=fpv4-sp-d16 -DSTM32 -DSTM32L4 -DSTM32L476RGTx -DNUCLEO_L476RG -DDEBUG -I"D:/MyFile/Engineering/microprocessor/nctu/Lab7/Lab7.3/inc/" -O0 -g3 -Wall -fmessage-length=0 -ffunction-sections -c -MMD -MP -MF"src/main.d" -MT"src/main.o" -o "src/main.o" "../src/main.c"
Finished building: ../src/main.c
 
Building target: Lab7.3.elf
Invoking: MCU GCC Linker
arm-none-eabi-gcc -mcpu=cortex-m4 -mthumb -mfloat-abi=hard -mfpu=fpv4-sp-d16 -T"D:/MyFile/Engineering/microprocessor/nctu/Lab7/Lab7.3/LinkerScript.ld" -Wl,-Map=output.map -Wl,--gc-sections -o "Lab7.3.elf" @"objects.list"   -lm
Finished building target: Lab7.3.elf
 
make --no-print-directory post-build
Generating binary and Printing size information:
arm-none-eabi-objcopy -O binary "Lab7.3.elf" "Lab7.3.bin"
arm-none-eabi-size "Lab7.3.elf"
   text	   data	    bss	    dec	    hex	filename
   2336	   1112	   1088	   4536	   11b8	Lab7.3.elf
 
03:13:39 **** Incremental Build of configuration Debug for project Lab7.3 ****
make -j4 all 
Building file: ../src/main.c
Invoking: MCU GCC Compiler
D:\MyFile\Engineering\microprocessor\nctu\Lab7\Lab7.3\Debug
arm-none-eabi-gcc -mcpu=cortex-m4 -mthumb -mfloat-abi=hard -mfpu=fpv4-sp-d16 -DSTM32 -DSTM32L4 -DSTM32L476RGTx -DNUCLEO_L476RG -DDEBUG -I"D:/MyFile/Engineering/microprocessor/nctu/Lab7/Lab7.3/inc/" -O0 -g3 -Wall -fmessage-length=0 -ffunction-sections -c -MMD -MP -MF"src/main.d" -MT"src/main.o" -o "src/main.o" "../src/main.c"
Finished building: ../src/main.c
 
Building target: Lab7.3.elf
Invoking: MCU GCC Linker
arm-none-eabi-gcc -mcpu=cortex-m4 -mthumb -mfloat-abi=hard -mfpu=fpv4-sp-d16 -T"D:/MyFile/Engineering/microprocessor/nctu/Lab7/Lab7.3/LinkerScript.ld" -Wl,-Map=output.map -Wl,--gc-sections -o "Lab7.3.elf" @"objects.list"   -lm
Finished building target: Lab7.3.elf
 
make --no-print-directory post-build
Generating binary and Printing size information:
arm-none-eabi-objcopy -O binary "Lab7.3.elf" "Lab7.3.bin"
arm-none-eabi-size "Lab7.3.elf"
   text	   data	    bss	    dec	    hex	filename
   2336	   1112	   1088	   4536	   11b8	Lab7.3.elf
 
03:14:38 **** Incremental Build of configuration Debug for project Lab7.3 ****
make -j4 all 
Building file: ../src/main.c
Invoking: MCU GCC Compiler
D:\MyFile\Engineering\microprocessor\nctu\Lab7\Lab7.3\Debug
arm-none-eabi-gcc -mcpu=cortex-m4 -mthumb -mfloat-abi=hard -mfpu=fpv4-sp-d16 -DSTM32 -DSTM32L4 -DSTM32L476RGTx -DNUCLEO_L476RG -DDEBUG -I"D:/MyFile/Engineering/microprocessor/nctu/Lab7/Lab7.3/inc/" -O0 -g3 -Wall -fmessage-length=0 -ffunction-sections -c -MMD -MP -MF"src/main.d" -MT"src/main.o" -o "src/main.o" "../src/main.c"
Finished building: ../src/main.c
 
Building target: Lab7.3.elf
Invoking: MCU GCC Linker
arm-none-eabi-gcc -mcpu=cortex-m4 -mthumb -mfloat-abi=hard -mfpu=fpv4-sp-d16 -T"D:/MyFile/Engineering/microprocessor/nctu/Lab7/Lab7.3/LinkerScript.ld" -Wl,-Map=output.map -Wl,--gc-sections -o "Lab7.3.elf" @"objects.list"   -lm
Finished building target: Lab7.3.elf
 
make --no-print-directory post-build
Generating binary and Printing size information:
arm-none-eabi-objcopy -O binary "Lab7.3.elf" "Lab7.3.bin"
arm-none-eabi-size "Lab7.3.elf"
   text	   data	    bss	    dec	    hex	filename
   2360	   1112	   1088	   4560	   11d0	Lab7.3.elf
 
03:16:23 **** Incremental Build of configuration Debug for project Lab7.3 ****
make -j4 all 
Building file: ../src/main.c
Invoking: MCU GCC Compiler
D:\MyFile\Engineering\microprocessor\nctu\Lab7\Lab7.3\Debug
arm-none-eabi-gcc -mcpu=cortex-m4 -mthumb -mfloat-abi=hard -mfpu=fpv4-sp-d16 -DSTM32 -DSTM32L4 -DSTM32L476RGTx -DNUCLEO_L476RG -DDEBUG -I"D:/MyFile/Engineering/microprocessor/nctu/Lab7/Lab7.3/inc/" -O0 -g3 -Wall -fmessage-length=0 -ffunction-sections -c -MMD -MP -MF"src/main.d" -MT"src/main.o" -o "src/main.o" "../src/main.c"
../src/main.c: In function 'SysTick_Handler':
../src/main.c:74:2: error: too many arguments to function 'keypad_ctrl'
  keypad_ctrl(1, 1);
  ^~~~~~~~~~~
../src/main.c:49:6: note: declared here
 void keypad_ctrl(int timesup)
      ^~~~~~~~~~~
../src/main.c: In function 'main':
../src/main.c:94:3: error: too many arguments to function 'keypad_ctrl'
   keypad_ctrl(curr, 1);
   ^~~~~~~~~~~
../src/main.c:49:6: note: declared here
 void keypad_ctrl(int timesup)
      ^~~~~~~~~~~
src/subdir.mk:22: recipe for target 'src/main.o' failed
make: *** [src/main.o] Error 1
03:16:38 **** Incremental Build of configuration Debug for project Lab7.3 ****
make -j4 all 
Building file: ../src/main.c
Invoking: MCU GCC Compiler
D:\MyFile\Engineering\microprocessor\nctu\Lab7\Lab7.3\Debug
arm-none-eabi-gcc -mcpu=cortex-m4 -mthumb -mfloat-abi=hard -mfpu=fpv4-sp-d16 -DSTM32 -DSTM32L4 -DSTM32L476RGTx -DNUCLEO_L476RG -DDEBUG -I"D:/MyFile/Engineering/microprocessor/nctu/Lab7/Lab7.3/inc/" -O0 -g3 -Wall -fmessage-length=0 -ffunction-sections -c -MMD -MP -MF"src/main.d" -MT"src/main.o" -o "src/main.o" "../src/main.c"
Finished building: ../src/main.c
 
Building target: Lab7.3.elf
Invoking: MCU GCC Linker
arm-none-eabi-gcc -mcpu=cortex-m4 -mthumb -mfloat-abi=hard -mfpu=fpv4-sp-d16 -T"D:/MyFile/Engineering/microprocessor/nctu/Lab7/Lab7.3/LinkerScript.ld" -Wl,-Map=output.map -Wl,--gc-sections -o "Lab7.3.elf" @"objects.list"   -lm
Finished building target: Lab7.3.elf
 
make --no-print-directory post-build
Generating binary and Printing size information:
arm-none-eabi-objcopy -O binary "Lab7.3.elf" "Lab7.3.bin"
arm-none-eabi-size "Lab7.3.elf"
   text	   data	    bss	    dec	    hex	filename
   2384	   1112	   1088	   4584	   11e8	Lab7.3.elf
 
03:18:31 **** Incremental Build of configuration Debug for project Lab7.3 ****
make -j4 all 
Building file: ../src/main.c
Invoking: MCU GCC Compiler
D:\MyFile\Engineering\microprocessor\nctu\Lab7\Lab7.3\Debug
arm-none-eabi-gcc -mcpu=cortex-m4 -mthumb -mfloat-abi=hard -mfpu=fpv4-sp-d16 -DSTM32 -DSTM32L4 -DSTM32L476RGTx -DNUCLEO_L476RG -DDEBUG -I"D:/MyFile/Engineering/microprocessor/nctu/Lab7/Lab7.3/inc/" -O0 -g3 -Wall -fmessage-length=0 -ffunction-sections -c -MMD -MP -MF"src/main.d" -MT"src/main.o" -o "src/main.o" "../src/main.c"
Finished building: ../src/main.c
 
Building target: Lab7.3.elf
Invoking: MCU GCC Linker
arm-none-eabi-gcc -mcpu=cortex-m4 -mthumb -mfloat-abi=hard -mfpu=fpv4-sp-d16 -T"D:/MyFile/Engineering/microprocessor/nctu/Lab7/Lab7.3/LinkerScript.ld" -Wl,-Map=output.map -Wl,--gc-sections -o "Lab7.3.elf" @"objects.list"   -lm
Finished building target: Lab7.3.elf
 
make --no-print-directory post-build
Generating binary and Printing size information:
arm-none-eabi-objcopy -O binary "Lab7.3.elf" "Lab7.3.bin"
arm-none-eabi-size "Lab7.3.elf"
   text	   data	    bss	    dec	    hex	filename
   2384	   1112	   1088	   4584	   11e8	Lab7.3.elf
 
03:19:03 **** Incremental Build of configuration Debug for project Lab7.3 ****
make -j4 all 
Building file: ../src/main.c
Invoking: MCU GCC Compiler
D:\MyFile\Engineering\microprocessor\nctu\Lab7\Lab7.3\Debug
arm-none-eabi-gcc -mcpu=cortex-m4 -mthumb -mfloat-abi=hard -mfpu=fpv4-sp-d16 -DSTM32 -DSTM32L4 -DSTM32L476RGTx -DNUCLEO_L476RG -DDEBUG -I"D:/MyFile/Engineering/microprocessor/nctu/Lab7/Lab7.3/inc/" -O0 -g3 -Wall -fmessage-length=0 -ffunction-sections -c -MMD -MP -MF"src/main.d" -MT"src/main.o" -o "src/main.o" "../src/main.c"
Finished building: ../src/main.c
 
Building target: Lab7.3.elf
Invoking: MCU GCC Linker
arm-none-eabi-gcc -mcpu=cortex-m4 -mthumb -mfloat-abi=hard -mfpu=fpv4-sp-d16 -T"D:/MyFile/Engineering/microprocessor/nctu/Lab7/Lab7.3/LinkerScript.ld" -Wl,-Map=output.map -Wl,--gc-sections -o "Lab7.3.elf" @"objects.list"   -lm
Finished building target: Lab7.3.elf
 
make --no-print-directory post-build
Generating binary and Printing size information:
arm-none-eabi-objcopy -O binary "Lab7.3.elf" "Lab7.3.bin"
arm-none-eabi-size "Lab7.3.elf"
   text	   data	    bss	    dec	    hex	filename
   2320	   1112	   1088	   4520	   11a8	Lab7.3.elf
 
03:19:09 **** Incremental Build of configuration Debug for project Lab7.3 ****
make -j4 all 
Building file: ../src/main.c
Invoking: MCU GCC Compiler
D:\MyFile\Engineering\microprocessor\nctu\Lab7\Lab7.3\Debug
arm-none-eabi-gcc -mcpu=cortex-m4 -mthumb -mfloat-abi=hard -mfpu=fpv4-sp-d16 -DSTM32 -DSTM32L4 -DSTM32L476RGTx -DNUCLEO_L476RG -DDEBUG -I"D:/MyFile/Engineering/microprocessor/nctu/Lab7/Lab7.3/inc/" -O0 -g3 -Wall -fmessage-length=0 -ffunction-sections -c -MMD -MP -MF"src/main.d" -MT"src/main.o" -o "src/main.o" "../src/main.c"
Finished building: ../src/main.c
 
Building target: Lab7.3.elf
Invoking: MCU GCC Linker
arm-none-eabi-gcc -mcpu=cortex-m4 -mthumb -mfloat-abi=hard -mfpu=fpv4-sp-d16 -T"D:/MyFile/Engineering/microprocessor/nctu/Lab7/Lab7.3/LinkerScript.ld" -Wl,-Map=output.map -Wl,--gc-sections -o "Lab7.3.elf" @"objects.list"   -lm
Finished building target: Lab7.3.elf
 
make --no-print-directory post-build
Generating binary and Printing size information:
arm-none-eabi-objcopy -O binary "Lab7.3.elf" "Lab7.3.bin"
arm-none-eabi-size "Lab7.3.elf"
   text	   data	    bss	    dec	    hex	filename
   2336	   1112	   1088	   4536	   11b8	Lab7.3.elf
 
03:20:11 **** Incremental Build of configuration Debug for project Lab7.3 ****
make -j4 all 
Building file: ../src/main.c
Invoking: MCU GCC Compiler
D:\MyFile\Engineering\microprocessor\nctu\Lab7\Lab7.3\Debug
arm-none-eabi-gcc -mcpu=cortex-m4 -mthumb -mfloat-abi=hard -mfpu=fpv4-sp-d16 -DSTM32 -DSTM32L4 -DSTM32L476RGTx -DNUCLEO_L476RG -DDEBUG -I"D:/MyFile/Engineering/microprocessor/nctu/Lab7/Lab7.3/inc/" -O0 -g3 -Wall -fmessage-length=0 -ffunction-sections -c -MMD -MP -MF"src/main.d" -MT"src/main.o" -o "src/main.o" "../src/main.c"
Finished building: ../src/main.c
 
Building target: Lab7.3.elf
Invoking: MCU GCC Linker
arm-none-eabi-gcc -mcpu=cortex-m4 -mthumb -mfloat-abi=hard -mfpu=fpv4-sp-d16 -T"D:/MyFile/Engineering/microprocessor/nctu/Lab7/Lab7.3/LinkerScript.ld" -Wl,-Map=output.map -Wl,--gc-sections -o "Lab7.3.elf" @"objects.list"   -lm
Finished building target: Lab7.3.elf
 
make --no-print-directory post-build
Generating binary and Printing size information:
arm-none-eabi-objcopy -O binary "Lab7.3.elf" "Lab7.3.bin"
arm-none-eabi-size "Lab7.3.elf"
   text	   data	    bss	    dec	    hex	filename
   2384	   1112	   1088	   4584	   11e8	Lab7.3.elf
 
03:20:37 **** Incremental Build of configuration Debug for project Lab7.3 ****
make -j4 all 
Building file: ../src/main.c
Invoking: MCU GCC Compiler
D:\MyFile\Engineering\microprocessor\nctu\Lab7\Lab7.3\Debug
arm-none-eabi-gcc -mcpu=cortex-m4 -mthumb -mfloat-abi=hard -mfpu=fpv4-sp-d16 -DSTM32 -DSTM32L4 -DSTM32L476RGTx -DNUCLEO_L476RG -DDEBUG -I"D:/MyFile/Engineering/microprocessor/nctu/Lab7/Lab7.3/inc/" -O0 -g3 -Wall -fmessage-length=0 -ffunction-sections -c -MMD -MP -MF"src/main.d" -MT"src/main.o" -o "src/main.o" "../src/main.c"
Finished building: ../src/main.c
 
Building target: Lab7.3.elf
Invoking: MCU GCC Linker
arm-none-eabi-gcc -mcpu=cortex-m4 -mthumb -mfloat-abi=hard -mfpu=fpv4-sp-d16 -T"D:/MyFile/Engineering/microprocessor/nctu/Lab7/Lab7.3/LinkerScript.ld" -Wl,-Map=output.map -Wl,--gc-sections -o "Lab7.3.elf" @"objects.list"   -lm
Finished building target: Lab7.3.elf
 
make --no-print-directory post-build
Generating binary and Printing size information:
arm-none-eabi-objcopy -O binary "Lab7.3.elf" "Lab7.3.bin"
arm-none-eabi-size "Lab7.3.elf"
   text	   data	    bss	    dec	    hex	filename
   2384	   1112	   1088	   4584	   11e8	Lab7.3.elf
 
03:23:04 **** Incremental Build of configuration Debug for project Lab7.3 ****
make -j4 all 
Building file: ../src/main.c
Invoking: MCU GCC Compiler
D:\MyFile\Engineering\microprocessor\nctu\Lab7\Lab7.3\Debug
arm-none-eabi-gcc -mcpu=cortex-m4 -mthumb -mfloat-abi=hard -mfpu=fpv4-sp-d16 -DSTM32 -DSTM32L4 -DSTM32L476RGTx -DNUCLEO_L476RG -DDEBUG -I"D:/MyFile/Engineering/microprocessor/nctu/Lab7/Lab7.3/inc/" -O0 -g3 -Wall -fmessage-length=0 -ffunction-sections -c -MMD -MP -MF"src/main.d" -MT"src/main.o" -o "src/main.o" "../src/main.c"
Finished building: ../src/main.c
 
Building target: Lab7.3.elf
Invoking: MCU GCC Linker
arm-none-eabi-gcc -mcpu=cortex-m4 -mthumb -mfloat-abi=hard -mfpu=fpv4-sp-d16 -T"D:/MyFile/Engineering/microprocessor/nctu/Lab7/Lab7.3/LinkerScript.ld" -Wl,-Map=output.map -Wl,--gc-sections -o "Lab7.3.elf" @"objects.list"   -lm
Finished building target: Lab7.3.elf
 
make --no-print-directory post-build
Generating binary and Printing size information:
arm-none-eabi-objcopy -O binary "Lab7.3.elf" "Lab7.3.bin"
arm-none-eabi-size "Lab7.3.elf"
   text	   data	    bss	    dec	    hex	filename
   2392	   1112	   1088	   4592	   11f0	Lab7.3.elf
 
03:24:31 **** Incremental Build of configuration Debug for project Lab7.3 ****
make -j4 all 
Building file: ../src/main.c
Invoking: MCU GCC Compiler
D:\MyFile\Engineering\microprocessor\nctu\Lab7\Lab7.3\Debug
arm-none-eabi-gcc -mcpu=cortex-m4 -mthumb -mfloat-abi=hard -mfpu=fpv4-sp-d16 -DSTM32 -DSTM32L4 -DSTM32L476RGTx -DNUCLEO_L476RG -DDEBUG -I"D:/MyFile/Engineering/microprocessor/nctu/Lab7/Lab7.3/inc/" -O0 -g3 -Wall -fmessage-length=0 -ffunction-sections -c -MMD -MP -MF"src/main.d" -MT"src/main.o" -o "src/main.o" "../src/main.c"
Finished building: ../src/main.c
 
Building target: Lab7.3.elf
Invoking: MCU GCC Linker
arm-none-eabi-gcc -mcpu=cortex-m4 -mthumb -mfloat-abi=hard -mfpu=fpv4-sp-d16 -T"D:/MyFile/Engineering/microprocessor/nctu/Lab7/Lab7.3/LinkerScript.ld" -Wl,-Map=output.map -Wl,--gc-sections -o "Lab7.3.elf" @"objects.list"   -lm
Finished building target: Lab7.3.elf
 
make --no-print-directory post-build
Generating binary and Printing size information:
arm-none-eabi-objcopy -O binary "Lab7.3.elf" "Lab7.3.bin"
arm-none-eabi-size "Lab7.3.elf"
   text	   data	    bss	    dec	    hex	filename
   2376	   1112	   1088	   4576	   11e0	Lab7.3.elf
 
03:25:19 **** Incremental Build of configuration Debug for project Lab7.3 ****
make -j4 all 
Building file: ../src/main.c
Invoking: MCU GCC Compiler
D:\MyFile\Engineering\microprocessor\nctu\Lab7\Lab7.3\Debug
arm-none-eabi-gcc -mcpu=cortex-m4 -mthumb -mfloat-abi=hard -mfpu=fpv4-sp-d16 -DSTM32 -DSTM32L4 -DSTM32L476RGTx -DNUCLEO_L476RG -DDEBUG -I"D:/MyFile/Engineering/microprocessor/nctu/Lab7/Lab7.3/inc/" -O0 -g3 -Wall -fmessage-length=0 -ffunction-sections -c -MMD -MP -MF"src/main.d" -MT"src/main.o" -o "src/main.o" "../src/main.c"
../src/main.c: In function 'SysTick_Handler':
../src/main.c:81:6: error: 'timesup' undeclared (first use in this function)
   if(timesup && !(GPIOC->IDR & 0b10000000000000)){
      ^~~~~~~
../src/main.c:81:6: note: each undeclared identifier is reported only once for each function it appears in
make: *** [src/main.o] Error 1
src/subdir.mk:22: recipe for target 'src/main.o' failed
03:25:31 **** Incremental Build of configuration Debug for project Lab7.3 ****
make -j4 all 
Building file: ../src/main.c
Invoking: MCU GCC Compiler
D:\MyFile\Engineering\microprocessor\nctu\Lab7\Lab7.3\Debug
arm-none-eabi-gcc -mcpu=cortex-m4 -mthumb -mfloat-abi=hard -mfpu=fpv4-sp-d16 -DSTM32 -DSTM32L4 -DSTM32L476RGTx -DNUCLEO_L476RG -DDEBUG -I"D:/MyFile/Engineering/microprocessor/nctu/Lab7/Lab7.3/inc/" -O0 -g3 -Wall -fmessage-length=0 -ffunction-sections -c -MMD -MP -MF"src/main.d" -MT"src/main.o" -o "src/main.o" "../src/main.c"
Finished building: ../src/main.c
 
Building target: Lab7.3.elf
Invoking: MCU GCC Linker
arm-none-eabi-gcc -mcpu=cortex-m4 -mthumb -mfloat-abi=hard -mfpu=fpv4-sp-d16 -T"D:/MyFile/Engineering/microprocessor/nctu/Lab7/Lab7.3/LinkerScript.ld" -Wl,-Map=output.map -Wl,--gc-sections -o "Lab7.3.elf" @"objects.list"   -lm
Finished building target: Lab7.3.elf
 
make --no-print-directory post-build
Generating binary and Printing size information:
arm-none-eabi-objcopy -O binary "Lab7.3.elf" "Lab7.3.bin"
arm-none-eabi-size "Lab7.3.elf"
   text	   data	    bss	    dec	    hex	filename
   2352	   1112	   1088	   4552	   11c8	Lab7.3.elf
 
03:26:10 **** Incremental Build of configuration Debug for project Lab7.3 ****
make -j4 all 
Building file: ../src/main.c
Invoking: MCU GCC Compiler
D:\MyFile\Engineering\microprocessor\nctu\Lab7\Lab7.3\Debug
arm-none-eabi-gcc -mcpu=cortex-m4 -mthumb -mfloat-abi=hard -mfpu=fpv4-sp-d16 -DSTM32 -DSTM32L4 -DSTM32L476RGTx -DNUCLEO_L476RG -DDEBUG -I"D:/MyFile/Engineering/microprocessor/nctu/Lab7/Lab7.3/inc/" -O0 -g3 -Wall -fmessage-length=0 -ffunction-sections -c -MMD -MP -MF"src/main.d" -MT"src/main.o" -o "src/main.o" "../src/main.c"
Finished building: ../src/main.c
 
Building target: Lab7.3.elf
Invoking: MCU GCC Linker
arm-none-eabi-gcc -mcpu=cortex-m4 -mthumb -mfloat-abi=hard -mfpu=fpv4-sp-d16 -T"D:/MyFile/Engineering/microprocessor/nctu/Lab7/Lab7.3/LinkerScript.ld" -Wl,-Map=output.map -Wl,--gc-sections -o "Lab7.3.elf" @"objects.list"   -lm
Finished building target: Lab7.3.elf
 
make --no-print-directory post-build
Generating binary and Printing size information:
arm-none-eabi-objcopy -O binary "Lab7.3.elf" "Lab7.3.bin"
arm-none-eabi-size "Lab7.3.elf"
   text	   data	    bss	    dec	    hex	filename
   2336	   1112	   1088	   4536	   11b8	Lab7.3.elf
 
03:26:34 **** Incremental Build of configuration Debug for project Lab7.3 ****
make -j4 all 
Building file: ../src/main.c
Invoking: MCU GCC Compiler
D:\MyFile\Engineering\microprocessor\nctu\Lab7\Lab7.3\Debug
arm-none-eabi-gcc -mcpu=cortex-m4 -mthumb -mfloat-abi=hard -mfpu=fpv4-sp-d16 -DSTM32 -DSTM32L4 -DSTM32L476RGTx -DNUCLEO_L476RG -DDEBUG -I"D:/MyFile/Engineering/microprocessor/nctu/Lab7/Lab7.3/inc/" -O0 -g3 -Wall -fmessage-length=0 -ffunction-sections -c -MMD -MP -MF"src/main.d" -MT"src/main.o" -o "src/main.o" "../src/main.c"
Finished building: ../src/main.c
 
Building target: Lab7.3.elf
Invoking: MCU GCC Linker
arm-none-eabi-gcc -mcpu=cortex-m4 -mthumb -mfloat-abi=hard -mfpu=fpv4-sp-d16 -T"D:/MyFile/Engineering/microprocessor/nctu/Lab7/Lab7.3/LinkerScript.ld" -Wl,-Map=output.map -Wl,--gc-sections -o "Lab7.3.elf" @"objects.list"   -lm
Finished building target: Lab7.3.elf
 
make --no-print-directory post-build
Generating binary and Printing size information:
arm-none-eabi-objcopy -O binary "Lab7.3.elf" "Lab7.3.bin"
arm-none-eabi-size "Lab7.3.elf"
   text	   data	    bss	    dec	    hex	filename
   2344	   1112	   1088	   4544	   11c0	Lab7.3.elf
 
03:31:15 **** Incremental Build of configuration Debug for project Lab7.3 ****
make -j4 all 
make: Nothing to be done for 'all'.
03:31:56 **** Incremental Build of configuration Debug for project Lab7.3 ****
make -j4 all 
Building file: ../src/main.c
Invoking: MCU GCC Compiler
D:\MyFile\Engineering\microprocessor\nctu\Lab7\Lab7.3\Debug
arm-none-eabi-gcc -mcpu=cortex-m4 -mthumb -mfloat-abi=hard -mfpu=fpv4-sp-d16 -DSTM32 -DSTM32L4 -DSTM32L476RGTx -DNUCLEO_L476RG -DDEBUG -I"D:/MyFile/Engineering/microprocessor/nctu/Lab7/Lab7.3/inc/" -O0 -g3 -Wall -fmessage-length=0 -ffunction-sections -c -MMD -MP -MF"src/main.d" -MT"src/main.o" -o "src/main.o" "../src/main.c"
Finished building: ../src/main.c
 
Building target: Lab7.3.elf
Invoking: MCU GCC Linker
arm-none-eabi-gcc -mcpu=cortex-m4 -mthumb -mfloat-abi=hard -mfpu=fpv4-sp-d16 -T"D:/MyFile/Engineering/microprocessor/nctu/Lab7/Lab7.3/LinkerScript.ld" -Wl,-Map=output.map -Wl,--gc-sections -o "Lab7.3.elf" @"objects.list"   -lm
Finished building target: Lab7.3.elf
 
make --no-print-directory post-build
Generating binary and Printing size information:
arm-none-eabi-objcopy -O binary "Lab7.3.elf" "Lab7.3.bin"
arm-none-eabi-size "Lab7.3.elf"
   text	   data	    bss	    dec	    hex	filename
   2344	   1112	   1088	   4544	   11c0	Lab7.3.elf
 
03:32:27 **** Incremental Build of configuration Debug for project Lab7.3 ****
make -j4 all 
Building file: ../src/main.c
Invoking: MCU GCC Compiler
D:\MyFile\Engineering\microprocessor\nctu\Lab7\Lab7.3\Debug
arm-none-eabi-gcc -mcpu=cortex-m4 -mthumb -mfloat-abi=hard -mfpu=fpv4-sp-d16 -DSTM32 -DSTM32L4 -DSTM32L476RGTx -DNUCLEO_L476RG -DDEBUG -I"D:/MyFile/Engineering/microprocessor/nctu/Lab7/Lab7.3/inc/" -O0 -g3 -Wall -fmessage-length=0 -ffunction-sections -c -MMD -MP -MF"src/main.d" -MT"src/main.o" -o "src/main.o" "../src/main.c"
Finished building: ../src/main.c
 
Building target: Lab7.3.elf
Invoking: MCU GCC Linker
arm-none-eabi-gcc -mcpu=cortex-m4 -mthumb -mfloat-abi=hard -mfpu=fpv4-sp-d16 -T"D:/MyFile/Engineering/microprocessor/nctu/Lab7/Lab7.3/LinkerScript.ld" -Wl,-Map=output.map -Wl,--gc-sections -o "Lab7.3.elf" @"objects.list"   -lm
Finished building target: Lab7.3.elf
 
make --no-print-directory post-build
Generating binary and Printing size information:
arm-none-eabi-objcopy -O binary "Lab7.3.elf" "Lab7.3.bin"
arm-none-eabi-size "Lab7.3.elf"
   text	   data	    bss	    dec	    hex	filename
   2320	   1112	   1088	   4520	   11a8	Lab7.3.elf
 
11:48:48 **** Incremental Build of configuration Debug for project Lab7.3 ****
make -j4 all 
Building file: ../src/main.c
Invoking: MCU GCC Compiler
D:\MyFile\Engineering\microprocessor\nctu\Lab7\Lab7.3\Debug
arm-none-eabi-gcc -mcpu=cortex-m4 -mthumb -mfloat-abi=hard -mfpu=fpv4-sp-d16 -DSTM32 -DSTM32L4 -DSTM32L476RGTx -DNUCLEO_L476RG -DDEBUG -I"D:/MyFile/Engineering/microprocessor/nctu/Lab7/Lab7.3/inc/" -O0 -g3 -Wall -fmessage-length=0 -ffunction-sections -c -MMD -MP -MF"src/main.d" -MT"src/main.o" -o "src/main.o" "../src/main.c"
../src/main.c: In function 'main':
../src/main.c:124:5: warning: 'return' with no value, in function returning non-void
     return;
     ^~~~~~
../src/main.c:103:5: note: declared here
 int main()
     ^~~~
Finished building: ../src/main.c
 
Building target: Lab7.3.elf
Invoking: MCU GCC Linker
arm-none-eabi-gcc -mcpu=cortex-m4 -mthumb -mfloat-abi=hard -mfpu=fpv4-sp-d16 -T"D:/MyFile/Engineering/microprocessor/nctu/Lab7/Lab7.3/LinkerScript.ld" -Wl,-Map=output.map -Wl,--gc-sections -o "Lab7.3.elf" @"objects.list"   -lm
Finished building target: Lab7.3.elf
 
make --no-print-directory post-build
Generating binary and Printing size information:
arm-none-eabi-objcopy -O binary "Lab7.3.elf" "Lab7.3.bin"
arm-none-eabi-size "Lab7.3.elf"
   text	   data	    bss	    dec	    hex	filename
   1912	   1112	   1088	   4112	   1010	Lab7.3.elf
 
11:49:54 **** Incremental Build of configuration Debug for project Lab7.3 ****
make -j4 all 
Building file: ../src/main.c
Invoking: MCU GCC Compiler
D:\MyFile\Engineering\microprocessor\nctu\Lab7\Lab7.3\Debug
arm-none-eabi-gcc -mcpu=cortex-m4 -mthumb -mfloat-abi=hard -mfpu=fpv4-sp-d16 -DSTM32 -DSTM32L4 -DSTM32L476RGTx -DNUCLEO_L476RG -DDEBUG -I"D:/MyFile/Engineering/microprocessor/nctu/Lab7/Lab7.3/inc/" -O0 -g3 -Wall -fmessage-length=0 -ffunction-sections -c -MMD -MP -MF"src/main.d" -MT"src/main.o" -o "src/main.o" "../src/main.c"
Finished building: ../src/main.c
 
Building target: Lab7.3.elf
Invoking: MCU GCC Linker
arm-none-eabi-gcc -mcpu=cortex-m4 -mthumb -mfloat-abi=hard -mfpu=fpv4-sp-d16 -T"D:/MyFile/Engineering/microprocessor/nctu/Lab7/Lab7.3/LinkerScript.ld" -Wl,-Map=output.map -Wl,--gc-sections -o "Lab7.3.elf" @"objects.list"   -lm
Finished building target: Lab7.3.elf
 
make --no-print-directory post-build
Generating binary and Printing size information:
arm-none-eabi-objcopy -O binary "Lab7.3.elf" "Lab7.3.bin"
arm-none-eabi-size "Lab7.3.elf"
   text	   data	    bss	    dec	    hex	filename
   2216	   1112	   1088	   4416	   1140	Lab7.3.elf
 
11:50:04 **** Incremental Build of configuration Debug for project Lab7.3 ****
make -j4 all 
Building file: ../src/main.c
Invoking: MCU GCC Compiler
D:\MyFile\Engineering\microprocessor\nctu\Lab7\Lab7.3\Debug
arm-none-eabi-gcc -mcpu=cortex-m4 -mthumb -mfloat-abi=hard -mfpu=fpv4-sp-d16 -DSTM32 -DSTM32L4 -DSTM32L476RGTx -DNUCLEO_L476RG -DDEBUG -I"D:/MyFile/Engineering/microprocessor/nctu/Lab7/Lab7.3/inc/" -O0 -g3 -Wall -fmessage-length=0 -ffunction-sections -c -MMD -MP -MF"src/main.d" -MT"src/main.o" -o "src/main.o" "../src/main.c"
Finished building: ../src/main.c
 
Building target: Lab7.3.elf
Invoking: MCU GCC Linker
arm-none-eabi-gcc -mcpu=cortex-m4 -mthumb -mfloat-abi=hard -mfpu=fpv4-sp-d16 -T"D:/MyFile/Engineering/microprocessor/nctu/Lab7/Lab7.3/LinkerScript.ld" -Wl,-Map=output.map -Wl,--gc-sections -o "Lab7.3.elf" @"objects.list"   -lm
Finished building target: Lab7.3.elf
 
make --no-print-directory post-build
Generating binary and Printing size information:
arm-none-eabi-objcopy -O binary "Lab7.3.elf" "Lab7.3.bin"
arm-none-eabi-size "Lab7.3.elf"
   text	   data	    bss	    dec	    hex	filename
   2472	   1112	   1088	   4672	   1240	Lab7.3.elf
 
11:50:44 **** Incremental Build of configuration Debug for project Lab7.3 ****
make -j4 all 
Building file: ../src/main.c
Invoking: MCU GCC Compiler
D:\MyFile\Engineering\microprocessor\nctu\Lab7\Lab7.3\Debug
arm-none-eabi-gcc -mcpu=cortex-m4 -mthumb -mfloat-abi=hard -mfpu=fpv4-sp-d16 -DSTM32 -DSTM32L4 -DSTM32L476RGTx -DNUCLEO_L476RG -DDEBUG -I"D:/MyFile/Engineering/microprocessor/nctu/Lab7/Lab7.3/inc/" -O0 -g3 -Wall -fmessage-length=0 -ffunction-sections -c -MMD -MP -MF"src/main.d" -MT"src/main.o" -o "src/main.o" "../src/main.c"
Finished building: ../src/main.c
 
Building target: Lab7.3.elf
Invoking: MCU GCC Linker
arm-none-eabi-gcc -mcpu=cortex-m4 -mthumb -mfloat-abi=hard -mfpu=fpv4-sp-d16 -T"D:/MyFile/Engineering/microprocessor/nctu/Lab7/Lab7.3/LinkerScript.ld" -Wl,-Map=output.map -Wl,--gc-sections -o "Lab7.3.elf" @"objects.list"   -lm
Finished building target: Lab7.3.elf
 
make --no-print-directory post-build
Generating binary and Printing size information:
arm-none-eabi-objcopy -O binary "Lab7.3.elf" "Lab7.3.bin"
arm-none-eabi-size "Lab7.3.elf"
   text	   data	    bss	    dec	    hex	filename
   1864	   1112	   1088	   4064	    fe0	Lab7.3.elf
 
11:51:29 **** Incremental Build of configuration Debug for project Lab7.3 ****
make -j4 all 
Building file: ../src/main.c
Invoking: MCU GCC Compiler
D:\MyFile\Engineering\microprocessor\nctu\Lab7\Lab7.3\Debug
arm-none-eabi-gcc -mcpu=cortex-m4 -mthumb -mfloat-abi=hard -mfpu=fpv4-sp-d16 -DSTM32 -DSTM32L4 -DSTM32L476RGTx -DNUCLEO_L476RG -DDEBUG -I"D:/MyFile/Engineering/microprocessor/nctu/Lab7/Lab7.3/inc/" -O0 -g3 -Wall -fmessage-length=0 -ffunction-sections -c -MMD -MP -MF"src/main.d" -MT"src/main.o" -o "src/main.o" "../src/main.c"
Finished building: ../src/main.c
 
Building target: Lab7.3.elf
Invoking: MCU GCC Linker
arm-none-eabi-gcc -mcpu=cortex-m4 -mthumb -mfloat-abi=hard -mfpu=fpv4-sp-d16 -T"D:/MyFile/Engineering/microprocessor/nctu/Lab7/Lab7.3/LinkerScript.ld" -Wl,-Map=output.map -Wl,--gc-sections -o "Lab7.3.elf" @"objects.list"   -lm
Finished building target: Lab7.3.elf
 
make --no-print-directory post-build
Generating binary and Printing size information:
arm-none-eabi-objcopy -O binary "Lab7.3.elf" "Lab7.3.bin"
arm-none-eabi-size "Lab7.3.elf"
   text	   data	    bss	    dec	    hex	filename
   1864	   1112	   1088	   4064	    fe0	Lab7.3.elf
 
11:51:51 **** Incremental Build of configuration Debug for project Lab7.3 ****
make -j4 all 
Building file: ../src/main.c
Invoking: MCU GCC Compiler
D:\MyFile\Engineering\microprocessor\nctu\Lab7\Lab7.3\Debug
arm-none-eabi-gcc -mcpu=cortex-m4 -mthumb -mfloat-abi=hard -mfpu=fpv4-sp-d16 -DSTM32 -DSTM32L4 -DSTM32L476RGTx -DNUCLEO_L476RG -DDEBUG -I"D:/MyFile/Engineering/microprocessor/nctu/Lab7/Lab7.3/inc/" -O0 -g3 -Wall -fmessage-length=0 -ffunction-sections -c -MMD -MP -MF"src/main.d" -MT"src/main.o" -o "src/main.o" "../src/main.c"
Finished building: ../src/main.c
 
Building target: Lab7.3.elf
Invoking: MCU GCC Linker
arm-none-eabi-gcc -mcpu=cortex-m4 -mthumb -mfloat-abi=hard -mfpu=fpv4-sp-d16 -T"D:/MyFile/Engineering/microprocessor/nctu/Lab7/Lab7.3/LinkerScript.ld" -Wl,-Map=output.map -Wl,--gc-sections -o "Lab7.3.elf" @"objects.list"   -lm
Finished building target: Lab7.3.elf
 
make --no-print-directory post-build
Generating binary and Printing size information:
arm-none-eabi-objcopy -O binary "Lab7.3.elf" "Lab7.3.bin"
arm-none-eabi-size "Lab7.3.elf"
   text	   data	    bss	    dec	    hex	filename
   1864	   1112	   1088	   4064	    fe0	Lab7.3.elf
 
11:52:44 **** Incremental Build of configuration Debug for project Lab7.3 ****
make -j4 all 
Building file: ../src/main.c
Invoking: MCU GCC Compiler
D:\MyFile\Engineering\microprocessor\nctu\Lab7\Lab7.3\Debug
arm-none-eabi-gcc -mcpu=cortex-m4 -mthumb -mfloat-abi=hard -mfpu=fpv4-sp-d16 -DSTM32 -DSTM32L4 -DSTM32L476RGTx -DNUCLEO_L476RG -DDEBUG -I"D:/MyFile/Engineering/microprocessor/nctu/Lab7/Lab7.3/inc/" -O0 -g3 -Wall -fmessage-length=0 -ffunction-sections -c -MMD -MP -MF"src/main.d" -MT"src/main.o" -o "src/main.o" "../src/main.c"
Finished building: ../src/main.c
 
Building target: Lab7.3.elf
Invoking: MCU GCC Linker
arm-none-eabi-gcc -mcpu=cortex-m4 -mthumb -mfloat-abi=hard -mfpu=fpv4-sp-d16 -T"D:/MyFile/Engineering/microprocessor/nctu/Lab7/Lab7.3/LinkerScript.ld" -Wl,-Map=output.map -Wl,--gc-sections -o "Lab7.3.elf" @"objects.list"   -lm
Finished building target: Lab7.3.elf
 
make --no-print-directory post-build
Generating binary and Printing size information:
arm-none-eabi-objcopy -O binary "Lab7.3.elf" "Lab7.3.bin"
arm-none-eabi-size "Lab7.3.elf"
   text	   data	    bss	    dec	    hex	filename
   1864	   1112	   1088	   4064	    fe0	Lab7.3.elf
 
11:54:36 **** Incremental Build of configuration Debug for project Lab7.3 ****
make -j4 all 
Building file: ../src/main.c
Invoking: MCU GCC Compiler
D:\MyFile\Engineering\microprocessor\nctu\Lab7\Lab7.3\Debug
arm-none-eabi-gcc -mcpu=cortex-m4 -mthumb -mfloat-abi=hard -mfpu=fpv4-sp-d16 -DSTM32 -DSTM32L4 -DSTM32L476RGTx -DNUCLEO_L476RG -DDEBUG -I"D:/MyFile/Engineering/microprocessor/nctu/Lab7/Lab7.3/inc/" -O0 -g3 -Wall -fmessage-length=0 -ffunction-sections -c -MMD -MP -MF"src/main.d" -MT"src/main.o" -o "src/main.o" "../src/main.c"
Finished building: ../src/main.c
 
Building target: Lab7.3.elf
Invoking: MCU GCC Linker
arm-none-eabi-gcc -mcpu=cortex-m4 -mthumb -mfloat-abi=hard -mfpu=fpv4-sp-d16 -T"D:/MyFile/Engineering/microprocessor/nctu/Lab7/Lab7.3/LinkerScript.ld" -Wl,-Map=output.map -Wl,--gc-sections -o "Lab7.3.elf" @"objects.list"   -lm
Finished building target: Lab7.3.elf
 
make --no-print-directory post-build
Generating binary and Printing size information:
arm-none-eabi-objcopy -O binary "Lab7.3.elf" "Lab7.3.bin"
arm-none-eabi-size "Lab7.3.elf"
   text	   data	    bss	    dec	    hex	filename
   2336	   1112	   1088	   4536	   11b8	Lab7.3.elf
 
11:55:15 **** Incremental Build of configuration Debug for project Lab7.3 ****
make -j4 all 
Building file: ../src/main.c
Invoking: MCU GCC Compiler
D:\MyFile\Engineering\microprocessor\nctu\Lab7\Lab7.3\Debug
arm-none-eabi-gcc -mcpu=cortex-m4 -mthumb -mfloat-abi=hard -mfpu=fpv4-sp-d16 -DSTM32 -DSTM32L4 -DSTM32L476RGTx -DNUCLEO_L476RG -DDEBUG -I"D:/MyFile/Engineering/microprocessor/nctu/Lab7/Lab7.3/inc/" -O0 -g3 -Wall -fmessage-length=0 -ffunction-sections -c -MMD -MP -MF"src/main.d" -MT"src/main.o" -o "src/main.o" "../src/main.c"
Finished building: ../src/main.c
 
Building target: Lab7.3.elf
Invoking: MCU GCC Linker
arm-none-eabi-gcc -mcpu=cortex-m4 -mthumb -mfloat-abi=hard -mfpu=fpv4-sp-d16 -T"D:/MyFile/Engineering/microprocessor/nctu/Lab7/Lab7.3/LinkerScript.ld" -Wl,-Map=output.map -Wl,--gc-sections -o "Lab7.3.elf" @"objects.list"   -lm
Finished building target: Lab7.3.elf
 
make --no-print-directory post-build
Generating binary and Printing size information:
arm-none-eabi-objcopy -O binary "Lab7.3.elf" "Lab7.3.bin"
arm-none-eabi-size "Lab7.3.elf"
   text	   data	    bss	    dec	    hex	filename
   2328	   1112	   1088	   4528	   11b0	Lab7.3.elf
 
11:55:47 **** Incremental Build of configuration Debug for project Lab7.3 ****
make -j4 all 
Building file: ../src/main.c
Invoking: MCU GCC Compiler
D:\MyFile\Engineering\microprocessor\nctu\Lab7\Lab7.3\Debug
arm-none-eabi-gcc -mcpu=cortex-m4 -mthumb -mfloat-abi=hard -mfpu=fpv4-sp-d16 -DSTM32 -DSTM32L4 -DSTM32L476RGTx -DNUCLEO_L476RG -DDEBUG -I"D:/MyFile/Engineering/microprocessor/nctu/Lab7/Lab7.3/inc/" -O0 -g3 -Wall -fmessage-length=0 -ffunction-sections -c -MMD -MP -MF"src/main.d" -MT"src/main.o" -o "src/main.o" "../src/main.c"
Finished building: ../src/main.c
 
Building target: Lab7.3.elf
Invoking: MCU GCC Linker
arm-none-eabi-gcc -mcpu=cortex-m4 -mthumb -mfloat-abi=hard -mfpu=fpv4-sp-d16 -T"D:/MyFile/Engineering/microprocessor/nctu/Lab7/Lab7.3/LinkerScript.ld" -Wl,-Map=output.map -Wl,--gc-sections -o "Lab7.3.elf" @"objects.list"   -lm
Finished building target: Lab7.3.elf
 
make --no-print-directory post-build
Generating binary and Printing size information:
arm-none-eabi-objcopy -O binary "Lab7.3.elf" "Lab7.3.bin"
arm-none-eabi-size "Lab7.3.elf"
   text	   data	    bss	    dec	    hex	filename
   2328	   1112	   1088	   4528	   11b0	Lab7.3.elf
 
11:56:24 **** Incremental Build of configuration Debug for project Lab7.3 ****
make -j4 all 
Building file: ../src/main.c
Invoking: MCU GCC Compiler
D:\MyFile\Engineering\microprocessor\nctu\Lab7\Lab7.3\Debug
arm-none-eabi-gcc -mcpu=cortex-m4 -mthumb -mfloat-abi=hard -mfpu=fpv4-sp-d16 -DSTM32 -DSTM32L4 -DSTM32L476RGTx -DNUCLEO_L476RG -DDEBUG -I"D:/MyFile/Engineering/microprocessor/nctu/Lab7/Lab7.3/inc/" -O0 -g3 -Wall -fmessage-length=0 -ffunction-sections -c -MMD -MP -MF"src/main.d" -MT"src/main.o" -o "src/main.o" "../src/main.c"
Finished building: ../src/main.c
 
Building target: Lab7.3.elf
Invoking: MCU GCC Linker
arm-none-eabi-gcc -mcpu=cortex-m4 -mthumb -mfloat-abi=hard -mfpu=fpv4-sp-d16 -T"D:/MyFile/Engineering/microprocessor/nctu/Lab7/Lab7.3/LinkerScript.ld" -Wl,-Map=output.map -Wl,--gc-sections -o "Lab7.3.elf" @"objects.list"   -lm
Finished building target: Lab7.3.elf
 
make --no-print-directory post-build
Generating binary and Printing size information:
arm-none-eabi-objcopy -O binary "Lab7.3.elf" "Lab7.3.bin"
arm-none-eabi-size "Lab7.3.elf"
   text	   data	    bss	    dec	    hex	filename
   1864	   1112	   1088	   4064	    fe0	Lab7.3.elf
 
11:58:02 **** Incremental Build of configuration Debug for project Lab7.3 ****
make -j4 all 
Building file: ../src/main.c
Invoking: MCU GCC Compiler
D:\MyFile\Engineering\microprocessor\nctu\Lab7\Lab7.3\Debug
arm-none-eabi-gcc -mcpu=cortex-m4 -mthumb -mfloat-abi=hard -mfpu=fpv4-sp-d16 -DSTM32 -DSTM32L4 -DSTM32L476RGTx -DNUCLEO_L476RG -DDEBUG -I"D:/MyFile/Engineering/microprocessor/nctu/Lab7/Lab7.3/inc/" -O0 -g3 -Wall -fmessage-length=0 -ffunction-sections -c -MMD -MP -MF"src/main.d" -MT"src/main.o" -o "src/main.o" "../src/main.c"
Finished building: ../src/main.c
 
Building target: Lab7.3.elf
Invoking: MCU GCC Linker
arm-none-eabi-gcc -mcpu=cortex-m4 -mthumb -mfloat-abi=hard -mfpu=fpv4-sp-d16 -T"D:/MyFile/Engineering/microprocessor/nctu/Lab7/Lab7.3/LinkerScript.ld" -Wl,-Map=output.map -Wl,--gc-sections -o "Lab7.3.elf" @"objects.list"   -lm
Finished building target: Lab7.3.elf
 
make --no-print-directory post-build
Generating binary and Printing size information:
arm-none-eabi-objcopy -O binary "Lab7.3.elf" "Lab7.3.bin"
arm-none-eabi-size "Lab7.3.elf"
   text	   data	    bss	    dec	    hex	filename
   2328	   1112	   1088	   4528	   11b0	Lab7.3.elf
 
11:59:01 **** Incremental Build of configuration Debug for project Lab7.3 ****
make -j4 all 
Building file: ../src/main.c
Invoking: MCU GCC Compiler
D:\MyFile\Engineering\microprocessor\nctu\Lab7\Lab7.3\Debug
arm-none-eabi-gcc -mcpu=cortex-m4 -mthumb -mfloat-abi=hard -mfpu=fpv4-sp-d16 -DSTM32 -DSTM32L4 -DSTM32L476RGTx -DNUCLEO_L476RG -DDEBUG -I"D:/MyFile/Engineering/microprocessor/nctu/Lab7/Lab7.3/inc/" -O0 -g3 -Wall -fmessage-length=0 -ffunction-sections -c -MMD -MP -MF"src/main.d" -MT"src/main.o" -o "src/main.o" "../src/main.c"
../src/main.c: In function 'main':
../src/main.c:114:12: error: expected expression before 'int'
    if(2==2)int a=1;
            ^~~
src/subdir.mk:22: recipe for target 'src/main.o' failed
make: *** [src/main.o] Error 1
11:59:35 **** Incremental Build of configuration Debug for project Lab7.3 ****
make -j4 all 
Building file: ../src/main.c
Invoking: MCU GCC Compiler
D:\MyFile\Engineering\microprocessor\nctu\Lab7\Lab7.3\Debug
arm-none-eabi-gcc -mcpu=cortex-m4 -mthumb -mfloat-abi=hard -mfpu=fpv4-sp-d16 -DSTM32 -DSTM32L4 -DSTM32L476RGTx -DNUCLEO_L476RG -DDEBUG -I"D:/MyFile/Engineering/microprocessor/nctu/Lab7/Lab7.3/inc/" -O0 -g3 -Wall -fmessage-length=0 -ffunction-sections -c -MMD -MP -MF"src/main.d" -MT"src/main.o" -o "src/main.o" "../src/main.c"
../src/main.c: In function 'main':
../src/main.c:114:8: warning: variable 'qqqa' set but not used [-Wunused-but-set-variable]
    int qqqa;
        ^~~~
Finished building: ../src/main.c
 
Building target: Lab7.3.elf
Invoking: MCU GCC Linker
arm-none-eabi-gcc -mcpu=cortex-m4 -mthumb -mfloat-abi=hard -mfpu=fpv4-sp-d16 -T"D:/MyFile/Engineering/microprocessor/nctu/Lab7/Lab7.3/LinkerScript.ld" -Wl,-Map=output.map -Wl,--gc-sections -o "Lab7.3.elf" @"objects.list"   -lm
Finished building target: Lab7.3.elf
 
make --no-print-directory post-build
Generating binary and Printing size information:
arm-none-eabi-objcopy -O binary "Lab7.3.elf" "Lab7.3.bin"
arm-none-eabi-size "Lab7.3.elf"
   text	   data	    bss	    dec	    hex	filename
   1872	   1112	   1088	   4072	    fe8	Lab7.3.elf
 
12:00:14 **** Incremental Build of configuration Debug for project Lab7.3 ****
make -j4 all 
Building file: ../src/main.c
Invoking: MCU GCC Compiler
D:\MyFile\Engineering\microprocessor\nctu\Lab7\Lab7.3\Debug
arm-none-eabi-gcc -mcpu=cortex-m4 -mthumb -mfloat-abi=hard -mfpu=fpv4-sp-d16 -DSTM32 -DSTM32L4 -DSTM32L476RGTx -DNUCLEO_L476RG -DDEBUG -I"D:/MyFile/Engineering/microprocessor/nctu/Lab7/Lab7.3/inc/" -O0 -g3 -Wall -fmessage-length=0 -ffunction-sections -c -MMD -MP -MF"src/main.d" -MT"src/main.o" -o "src/main.o" "../src/main.c"
Finished building: ../src/main.c
 
Building target: Lab7.3.elf
Invoking: MCU GCC Linker
arm-none-eabi-gcc -mcpu=cortex-m4 -mthumb -mfloat-abi=hard -mfpu=fpv4-sp-d16 -T"D:/MyFile/Engineering/microprocessor/nctu/Lab7/Lab7.3/LinkerScript.ld" -Wl,-Map=output.map -Wl,--gc-sections -o "Lab7.3.elf" @"objects.list"   -lm
Finished building target: Lab7.3.elf
 
make --no-print-directory post-build
Generating binary and Printing size information:
arm-none-eabi-objcopy -O binary "Lab7.3.elf" "Lab7.3.bin"
arm-none-eabi-size "Lab7.3.elf"
   text	   data	    bss	    dec	    hex	filename
   1888	   1112	   1088	   4088	    ff8	Lab7.3.elf
 
12:01:04 **** Incremental Build of configuration Debug for project Lab7.3 ****
make -j4 all 
Building file: ../src/main.c
Invoking: MCU GCC Compiler
D:\MyFile\Engineering\microprocessor\nctu\Lab7\Lab7.3\Debug
arm-none-eabi-gcc -mcpu=cortex-m4 -mthumb -mfloat-abi=hard -mfpu=fpv4-sp-d16 -DSTM32 -DSTM32L4 -DSTM32L476RGTx -DNUCLEO_L476RG -DDEBUG -I"D:/MyFile/Engineering/microprocessor/nctu/Lab7/Lab7.3/inc/" -O0 -g3 -Wall -fmessage-length=0 -ffunction-sections -c -MMD -MP -MF"src/main.d" -MT"src/main.o" -o "src/main.o" "../src/main.c"
Finished building: ../src/main.c
 
Building target: Lab7.3.elf
Invoking: MCU GCC Linker
arm-none-eabi-gcc -mcpu=cortex-m4 -mthumb -mfloat-abi=hard -mfpu=fpv4-sp-d16 -T"D:/MyFile/Engineering/microprocessor/nctu/Lab7/Lab7.3/LinkerScript.ld" -Wl,-Map=output.map -Wl,--gc-sections -o "Lab7.3.elf" @"objects.list"   -lm
Finished building target: Lab7.3.elf
 
make --no-print-directory post-build
Generating binary and Printing size information:
arm-none-eabi-objcopy -O binary "Lab7.3.elf" "Lab7.3.bin"
arm-none-eabi-size "Lab7.3.elf"
   text	   data	    bss	    dec	    hex	filename
   1952	   1112	   1088	   4152	   1038	Lab7.3.elf
 
12:03:10 **** Incremental Build of configuration Debug for project Lab7.3 ****
make -j4 all 
Building file: ../src/main.c
Invoking: MCU GCC Compiler
D:\MyFile\Engineering\microprocessor\nctu\Lab7\Lab7.3\Debug
arm-none-eabi-gcc -mcpu=cortex-m4 -mthumb -mfloat-abi=hard -mfpu=fpv4-sp-d16 -DSTM32 -DSTM32L4 -DSTM32L476RGTx -DNUCLEO_L476RG -DDEBUG -I"D:/MyFile/Engineering/microprocessor/nctu/Lab7/Lab7.3/inc/" -O0 -g3 -Wall -fmessage-length=0 -ffunction-sections -c -MMD -MP -MF"src/main.d" -MT"src/main.o" -o "src/main.o" "../src/main.c"
Finished building: ../src/main.c
 
Building target: Lab7.3.elf
Invoking: MCU GCC Linker
arm-none-eabi-gcc -mcpu=cortex-m4 -mthumb -mfloat-abi=hard -mfpu=fpv4-sp-d16 -T"D:/MyFile/Engineering/microprocessor/nctu/Lab7/Lab7.3/LinkerScript.ld" -Wl,-Map=output.map -Wl,--gc-sections -o "Lab7.3.elf" @"objects.list"   -lm
Finished building target: Lab7.3.elf
 
make --no-print-directory post-build
Generating binary and Printing size information:
arm-none-eabi-objcopy -O binary "Lab7.3.elf" "Lab7.3.bin"
arm-none-eabi-size "Lab7.3.elf"
   text	   data	    bss	    dec	    hex	filename
   2336	   1112	   1088	   4536	   11b8	Lab7.3.elf
 
12:03:22 **** Incremental Build of configuration Debug for project Lab7.3 ****
make -j4 all 
Building file: ../src/main.c
Invoking: MCU GCC Compiler
D:\MyFile\Engineering\microprocessor\nctu\Lab7\Lab7.3\Debug
arm-none-eabi-gcc -mcpu=cortex-m4 -mthumb -mfloat-abi=hard -mfpu=fpv4-sp-d16 -DSTM32 -DSTM32L4 -DSTM32L476RGTx -DNUCLEO_L476RG -DDEBUG -I"D:/MyFile/Engineering/microprocessor/nctu/Lab7/Lab7.3/inc/" -O0 -g3 -Wall -fmessage-length=0 -ffunction-sections -c -MMD -MP -MF"src/main.d" -MT"src/main.o" -o "src/main.o" "../src/main.c"
Finished building: ../src/main.c
 
Building target: Lab7.3.elf
Invoking: MCU GCC Linker
arm-none-eabi-gcc -mcpu=cortex-m4 -mthumb -mfloat-abi=hard -mfpu=fpv4-sp-d16 -T"D:/MyFile/Engineering/microprocessor/nctu/Lab7/Lab7.3/LinkerScript.ld" -Wl,-Map=output.map -Wl,--gc-sections -o "Lab7.3.elf" @"objects.list"   -lm
Finished building target: Lab7.3.elf
 
make --no-print-directory post-build
Generating binary and Printing size information:
arm-none-eabi-objcopy -O binary "Lab7.3.elf" "Lab7.3.bin"
arm-none-eabi-size "Lab7.3.elf"
   text	   data	    bss	    dec	    hex	filename
   2328	   1112	   1088	   4528	   11b0	Lab7.3.elf
 
12:03:55 **** Incremental Build of configuration Debug for project Lab7.3 ****
make -j4 all 
Building file: ../src/main.c
Invoking: MCU GCC Compiler
D:\MyFile\Engineering\microprocessor\nctu\Lab7\Lab7.3\Debug
arm-none-eabi-gcc -mcpu=cortex-m4 -mthumb -mfloat-abi=hard -mfpu=fpv4-sp-d16 -DSTM32 -DSTM32L4 -DSTM32L476RGTx -DNUCLEO_L476RG -DDEBUG -I"D:/MyFile/Engineering/microprocessor/nctu/Lab7/Lab7.3/inc/" -O0 -g3 -Wall -fmessage-length=0 -ffunction-sections -c -MMD -MP -MF"src/main.d" -MT"src/main.o" -o "src/main.o" "../src/main.c"
../src/main.c: In function 'main':
../src/main.c:118:9: warning: unused variable 'a' [-Wunused-variable]
    char a = keypad_scan();
         ^
Finished building: ../src/main.c
 
Building target: Lab7.3.elf
Invoking: MCU GCC Linker
arm-none-eabi-gcc -mcpu=cortex-m4 -mthumb -mfloat-abi=hard -mfpu=fpv4-sp-d16 -T"D:/MyFile/Engineering/microprocessor/nctu/Lab7/Lab7.3/LinkerScript.ld" -Wl,-Map=output.map -Wl,--gc-sections -o "Lab7.3.elf" @"objects.list"   -lm
Finished building target: Lab7.3.elf
 
make --no-print-directory post-build
Generating binary and Printing size information:
arm-none-eabi-objcopy -O binary "Lab7.3.elf" "Lab7.3.bin"
arm-none-eabi-size "Lab7.3.elf"
   text	   data	    bss	    dec	    hex	filename
   2320	   1112	   1088	   4520	   11a8	Lab7.3.elf
 
12:04:08 **** Incremental Build of configuration Debug for project Lab7.3 ****
make -j4 all 
Building file: ../src/main.c
Invoking: MCU GCC Compiler
D:\MyFile\Engineering\microprocessor\nctu\Lab7\Lab7.3\Debug
arm-none-eabi-gcc -mcpu=cortex-m4 -mthumb -mfloat-abi=hard -mfpu=fpv4-sp-d16 -DSTM32 -DSTM32L4 -DSTM32L476RGTx -DNUCLEO_L476RG -DDEBUG -I"D:/MyFile/Engineering/microprocessor/nctu/Lab7/Lab7.3/inc/" -O0 -g3 -Wall -fmessage-length=0 -ffunction-sections -c -MMD -MP -MF"src/main.d" -MT"src/main.o" -o "src/main.o" "../src/main.c"
Finished building: ../src/main.c
 
Building target: Lab7.3.elf
Invoking: MCU GCC Linker
arm-none-eabi-gcc -mcpu=cortex-m4 -mthumb -mfloat-abi=hard -mfpu=fpv4-sp-d16 -T"D:/MyFile/Engineering/microprocessor/nctu/Lab7/Lab7.3/LinkerScript.ld" -Wl,-Map=output.map -Wl,--gc-sections -o "Lab7.3.elf" @"objects.list"   -lm
Finished building target: Lab7.3.elf
 
make --no-print-directory post-build
Generating binary and Printing size information:
arm-none-eabi-objcopy -O binary "Lab7.3.elf" "Lab7.3.bin"
arm-none-eabi-size "Lab7.3.elf"
   text	   data	    bss	    dec	    hex	filename
   2304	   1112	   1088	   4504	   1198	Lab7.3.elf
 
12:04:20 **** Incremental Build of configuration Debug for project Lab7.3 ****
make -j4 all 
Building file: ../src/main.c
Invoking: MCU GCC Compiler
D:\MyFile\Engineering\microprocessor\nctu\Lab7\Lab7.3\Debug
arm-none-eabi-gcc -mcpu=cortex-m4 -mthumb -mfloat-abi=hard -mfpu=fpv4-sp-d16 -DSTM32 -DSTM32L4 -DSTM32L476RGTx -DNUCLEO_L476RG -DDEBUG -I"D:/MyFile/Engineering/microprocessor/nctu/Lab7/Lab7.3/inc/" -O0 -g3 -Wall -fmessage-length=0 -ffunction-sections -c -MMD -MP -MF"src/main.d" -MT"src/main.o" -o "src/main.o" "../src/main.c"
Finished building: ../src/main.c
 
Building target: Lab7.3.elf
Invoking: MCU GCC Linker
arm-none-eabi-gcc -mcpu=cortex-m4 -mthumb -mfloat-abi=hard -mfpu=fpv4-sp-d16 -T"D:/MyFile/Engineering/microprocessor/nctu/Lab7/Lab7.3/LinkerScript.ld" -Wl,-Map=output.map -Wl,--gc-sections -o "Lab7.3.elf" @"objects.list"   -lm
Finished building target: Lab7.3.elf
 
make --no-print-directory post-build
Generating binary and Printing size information:
arm-none-eabi-objcopy -O binary "Lab7.3.elf" "Lab7.3.bin"
arm-none-eabi-size "Lab7.3.elf"
   text	   data	    bss	    dec	    hex	filename
   2304	   1112	   1088	   4504	   1198	Lab7.3.elf
 
12:04:37 **** Incremental Build of configuration Debug for project Lab7.3 ****
make -j4 all 
Building file: ../src/main.c
Invoking: MCU GCC Compiler
D:\MyFile\Engineering\microprocessor\nctu\Lab7\Lab7.3\Debug
arm-none-eabi-gcc -mcpu=cortex-m4 -mthumb -mfloat-abi=hard -mfpu=fpv4-sp-d16 -DSTM32 -DSTM32L4 -DSTM32L476RGTx -DNUCLEO_L476RG -DDEBUG -I"D:/MyFile/Engineering/microprocessor/nctu/Lab7/Lab7.3/inc/" -O0 -g3 -Wall -fmessage-length=0 -ffunction-sections -c -MMD -MP -MF"src/main.d" -MT"src/main.o" -o "src/main.o" "../src/main.c"
Finished building: ../src/main.c
 
Building target: Lab7.3.elf
Invoking: MCU GCC Linker
arm-none-eabi-gcc -mcpu=cortex-m4 -mthumb -mfloat-abi=hard -mfpu=fpv4-sp-d16 -T"D:/MyFile/Engineering/microprocessor/nctu/Lab7/Lab7.3/LinkerScript.ld" -Wl,-Map=output.map -Wl,--gc-sections -o "Lab7.3.elf" @"objects.list"   -lm
Finished building target: Lab7.3.elf
 
make --no-print-directory post-build
Generating binary and Printing size information:
arm-none-eabi-objcopy -O binary "Lab7.3.elf" "Lab7.3.bin"
arm-none-eabi-size "Lab7.3.elf"
   text	   data	    bss	    dec	    hex	filename
   1960	   1112	   1088	   4160	   1040	Lab7.3.elf
 
12:05:18 **** Incremental Build of configuration Debug for project Lab7.3 ****
make -j4 all 
Building file: ../src/main.c
Invoking: MCU GCC Compiler
D:\MyFile\Engineering\microprocessor\nctu\Lab7\Lab7.3\Debug
arm-none-eabi-gcc -mcpu=cortex-m4 -mthumb -mfloat-abi=hard -mfpu=fpv4-sp-d16 -DSTM32 -DSTM32L4 -DSTM32L476RGTx -DNUCLEO_L476RG -DDEBUG -I"D:/MyFile/Engineering/microprocessor/nctu/Lab7/Lab7.3/inc/" -O0 -g3 -Wall -fmessage-length=0 -ffunction-sections -c -MMD -MP -MF"src/main.d" -MT"src/main.o" -o "src/main.o" "../src/main.c"
Finished building: ../src/main.c
 
Building target: Lab7.3.elf
Invoking: MCU GCC Linker
arm-none-eabi-gcc -mcpu=cortex-m4 -mthumb -mfloat-abi=hard -mfpu=fpv4-sp-d16 -T"D:/MyFile/Engineering/microprocessor/nctu/Lab7/Lab7.3/LinkerScript.ld" -Wl,-Map=output.map -Wl,--gc-sections -o "Lab7.3.elf" @"objects.list"   -lm
Finished building target: Lab7.3.elf
 
make --no-print-directory post-build
Generating binary and Printing size information:
arm-none-eabi-objcopy -O binary "Lab7.3.elf" "Lab7.3.bin"
arm-none-eabi-size "Lab7.3.elf"
   text	   data	    bss	    dec	    hex	filename
   1960	   1112	   1088	   4160	   1040	Lab7.3.elf
 
12:05:39 **** Incremental Build of configuration Debug for project Lab7.3 ****
make -j4 all 
Building file: ../src/main.c
Invoking: MCU GCC Compiler
D:\MyFile\Engineering\microprocessor\nctu\Lab7\Lab7.3\Debug
arm-none-eabi-gcc -mcpu=cortex-m4 -mthumb -mfloat-abi=hard -mfpu=fpv4-sp-d16 -DSTM32 -DSTM32L4 -DSTM32L476RGTx -DNUCLEO_L476RG -DDEBUG -I"D:/MyFile/Engineering/microprocessor/nctu/Lab7/Lab7.3/inc/" -O0 -g3 -Wall -fmessage-length=0 -ffunction-sections -c -MMD -MP -MF"src/main.d" -MT"src/main.o" -o "src/main.o" "../src/main.c"
Finished building: ../src/main.c
 
Building target: Lab7.3.elf
Invoking: MCU GCC Linker
arm-none-eabi-gcc -mcpu=cortex-m4 -mthumb -mfloat-abi=hard -mfpu=fpv4-sp-d16 -T"D:/MyFile/Engineering/microprocessor/nctu/Lab7/Lab7.3/LinkerScript.ld" -Wl,-Map=output.map -Wl,--gc-sections -o "Lab7.3.elf" @"objects.list"   -lm
Finished building target: Lab7.3.elf
 
make --no-print-directory post-build
Generating binary and Printing size information:
arm-none-eabi-objcopy -O binary "Lab7.3.elf" "Lab7.3.bin"
arm-none-eabi-size "Lab7.3.elf"
   text	   data	    bss	    dec	    hex	filename
   1904	   1112	   1088	   4104	   1008	Lab7.3.elf
 
12:06:08 **** Incremental Build of configuration Debug for project Lab7.3 ****
make -j4 all 
Building file: ../src/main.c
Invoking: MCU GCC Compiler
D:\MyFile\Engineering\microprocessor\nctu\Lab7\Lab7.3\Debug
arm-none-eabi-gcc -mcpu=cortex-m4 -mthumb -mfloat-abi=hard -mfpu=fpv4-sp-d16 -DSTM32 -DSTM32L4 -DSTM32L476RGTx -DNUCLEO_L476RG -DDEBUG -I"D:/MyFile/Engineering/microprocessor/nctu/Lab7/Lab7.3/inc/" -O0 -g3 -Wall -fmessage-length=0 -ffunction-sections -c -MMD -MP -MF"src/main.d" -MT"src/main.o" -o "src/main.o" "../src/main.c"
Finished building: ../src/main.c
 
Building target: Lab7.3.elf
Invoking: MCU GCC Linker
arm-none-eabi-gcc -mcpu=cortex-m4 -mthumb -mfloat-abi=hard -mfpu=fpv4-sp-d16 -T"D:/MyFile/Engineering/microprocessor/nctu/Lab7/Lab7.3/LinkerScript.ld" -Wl,-Map=output.map -Wl,--gc-sections -o "Lab7.3.elf" @"objects.list"   -lm
Finished building target: Lab7.3.elf
 
make --no-print-directory post-build
Generating binary and Printing size information:
arm-none-eabi-objcopy -O binary "Lab7.3.elf" "Lab7.3.bin"
arm-none-eabi-size "Lab7.3.elf"
   text	   data	    bss	    dec	    hex	filename
   1896	   1112	   1088	   4096	   1000	Lab7.3.elf
 
12:06:59 **** Incremental Build of configuration Debug for project Lab7.3 ****
make -j4 all 
Building file: ../src/main.c
Invoking: MCU GCC Compiler
D:\MyFile\Engineering\microprocessor\nctu\Lab7\Lab7.3\Debug
arm-none-eabi-gcc -mcpu=cortex-m4 -mthumb -mfloat-abi=hard -mfpu=fpv4-sp-d16 -DSTM32 -DSTM32L4 -DSTM32L476RGTx -DNUCLEO_L476RG -DDEBUG -I"D:/MyFile/Engineering/microprocessor/nctu/Lab7/Lab7.3/inc/" -O0 -g3 -Wall -fmessage-length=0 -ffunction-sections -c -MMD -MP -MF"src/main.d" -MT"src/main.o" -o "src/main.o" "../src/main.c"
Finished building: ../src/main.c
 
Building target: Lab7.3.elf
Invoking: MCU GCC Linker
arm-none-eabi-gcc -mcpu=cortex-m4 -mthumb -mfloat-abi=hard -mfpu=fpv4-sp-d16 -T"D:/MyFile/Engineering/microprocessor/nctu/Lab7/Lab7.3/LinkerScript.ld" -Wl,-Map=output.map -Wl,--gc-sections -o "Lab7.3.elf" @"objects.list"   -lm
Finished building target: Lab7.3.elf
 
make --no-print-directory post-build
Generating binary and Printing size information:
arm-none-eabi-objcopy -O binary "Lab7.3.elf" "Lab7.3.bin"
arm-none-eabi-size "Lab7.3.elf"
   text	   data	    bss	    dec	    hex	filename
   2320	   1112	   1088	   4520	   11a8	Lab7.3.elf
 
12:07:29 **** Incremental Build of configuration Debug for project Lab7.3 ****
make -j4 all 
Building file: ../src/main.c
Invoking: MCU GCC Compiler
D:\MyFile\Engineering\microprocessor\nctu\Lab7\Lab7.3\Debug
arm-none-eabi-gcc -mcpu=cortex-m4 -mthumb -mfloat-abi=hard -mfpu=fpv4-sp-d16 -DSTM32 -DSTM32L4 -DSTM32L476RGTx -DNUCLEO_L476RG -DDEBUG -I"D:/MyFile/Engineering/microprocessor/nctu/Lab7/Lab7.3/inc/" -O0 -g3 -Wall -fmessage-length=0 -ffunction-sections -c -MMD -MP -MF"src/main.d" -MT"src/main.o" -o "src/main.o" "../src/main.c"
Finished building: ../src/main.c
 
Building target: Lab7.3.elf
Invoking: MCU GCC Linker
arm-none-eabi-gcc -mcpu=cortex-m4 -mthumb -mfloat-abi=hard -mfpu=fpv4-sp-d16 -T"D:/MyFile/Engineering/microprocessor/nctu/Lab7/Lab7.3/LinkerScript.ld" -Wl,-Map=output.map -Wl,--gc-sections -o "Lab7.3.elf" @"objects.list"   -lm
Finished building target: Lab7.3.elf
 
make --no-print-directory post-build
Generating binary and Printing size information:
arm-none-eabi-objcopy -O binary "Lab7.3.elf" "Lab7.3.bin"
arm-none-eabi-size "Lab7.3.elf"
   text	   data	    bss	    dec	    hex	filename
   2328	   1112	   1088	   4528	   11b0	Lab7.3.elf
 
12:08:46 **** Incremental Build of configuration Debug for project Lab7.3 ****
make -j4 all 
Building file: ../src/main.c
Invoking: MCU GCC Compiler
D:\MyFile\Engineering\microprocessor\nctu\Lab7\Lab7.3\Debug
arm-none-eabi-gcc -mcpu=cortex-m4 -mthumb -mfloat-abi=hard -mfpu=fpv4-sp-d16 -DSTM32 -DSTM32L4 -DSTM32L476RGTx -DNUCLEO_L476RG -DDEBUG -I"D:/MyFile/Engineering/microprocessor/nctu/Lab7/Lab7.3/inc/" -O0 -g3 -Wall -fmessage-length=0 -ffunction-sections -c -MMD -MP -MF"src/main.d" -MT"src/main.o" -o "src/main.o" "../src/main.c"
Finished building: ../src/main.c
 
Building target: Lab7.3.elf
Invoking: MCU GCC Linker
arm-none-eabi-gcc -mcpu=cortex-m4 -mthumb -mfloat-abi=hard -mfpu=fpv4-sp-d16 -T"D:/MyFile/Engineering/microprocessor/nctu/Lab7/Lab7.3/LinkerScript.ld" -Wl,-Map=output.map -Wl,--gc-sections -o "Lab7.3.elf" @"objects.list"   -lm
Finished building target: Lab7.3.elf
 
make --no-print-directory post-build
Generating binary and Printing size information:
arm-none-eabi-objcopy -O binary "Lab7.3.elf" "Lab7.3.bin"
arm-none-eabi-size "Lab7.3.elf"
   text	   data	    bss	    dec	    hex	filename
   2352	   1112	   1088	   4552	   11c8	Lab7.3.elf
 
12:09:07 **** Incremental Build of configuration Debug for project Lab7.3 ****
make -j4 all 
make: Nothing to be done for 'all'.
12:09:30 **** Incremental Build of configuration Debug for project Lab7.3 ****
make -j4 all 
Building file: ../src/main.c
Invoking: MCU GCC Compiler
D:\MyFile\Engineering\microprocessor\nctu\Lab7\Lab7.3\Debug
arm-none-eabi-gcc -mcpu=cortex-m4 -mthumb -mfloat-abi=hard -mfpu=fpv4-sp-d16 -DSTM32 -DSTM32L4 -DSTM32L476RGTx -DNUCLEO_L476RG -DDEBUG -I"D:/MyFile/Engineering/microprocessor/nctu/Lab7/Lab7.3/inc/" -O0 -g3 -Wall -fmessage-length=0 -ffunction-sections -c -MMD -MP -MF"src/main.d" -MT"src/main.o" -o "src/main.o" "../src/main.c"
Finished building: ../src/main.c
 
Building target: Lab7.3.elf
Invoking: MCU GCC Linker
arm-none-eabi-gcc -mcpu=cortex-m4 -mthumb -mfloat-abi=hard -mfpu=fpv4-sp-d16 -T"D:/MyFile/Engineering/microprocessor/nctu/Lab7/Lab7.3/LinkerScript.ld" -Wl,-Map=output.map -Wl,--gc-sections -o "Lab7.3.elf" @"objects.list"   -lm
Finished building target: Lab7.3.elf
 
make --no-print-directory post-build
Generating binary and Printing size information:
arm-none-eabi-objcopy -O binary "Lab7.3.elf" "Lab7.3.bin"
arm-none-eabi-size "Lab7.3.elf"
   text	   data	    bss	    dec	    hex	filename
   2328	   1112	   1088	   4528	   11b0	Lab7.3.elf
 
12:11:11 **** Incremental Build of configuration Debug for project Lab7.3 ****
make -j4 all 
Building file: ../src/main.c
Invoking: MCU GCC Compiler
D:\MyFile\Engineering\microprocessor\nctu\Lab7\Lab7.3\Debug
arm-none-eabi-gcc -mcpu=cortex-m4 -mthumb -mfloat-abi=hard -mfpu=fpv4-sp-d16 -DSTM32 -DSTM32L4 -DSTM32L476RGTx -DNUCLEO_L476RG -DDEBUG -I"D:/MyFile/Engineering/microprocessor/nctu/Lab7/Lab7.3/inc/" -O0 -g3 -Wall -fmessage-length=0 -ffunction-sections -c -MMD -MP -MF"src/main.d" -MT"src/main.o" -o "src/main.o" "../src/main.c"
Finished building: ../src/main.c
 
Building target: Lab7.3.elf
Invoking: MCU GCC Linker
arm-none-eabi-gcc -mcpu=cortex-m4 -mthumb -mfloat-abi=hard -mfpu=fpv4-sp-d16 -T"D:/MyFile/Engineering/microprocessor/nctu/Lab7/Lab7.3/LinkerScript.ld" -Wl,-Map=output.map -Wl,--gc-sections -o "Lab7.3.elf" @"objects.list"   -lm
Finished building target: Lab7.3.elf
 
make --no-print-directory post-build
Generating binary and Printing size information:
arm-none-eabi-objcopy -O binary "Lab7.3.elf" "Lab7.3.bin"
arm-none-eabi-size "Lab7.3.elf"
   text	   data	    bss	    dec	    hex	filename
   2328	   1112	   1088	   4528	   11b0	Lab7.3.elf
 
12:11:38 **** Incremental Build of configuration Debug for project Lab7.3 ****
make -j4 all 
Building file: ../src/main.c
Invoking: MCU GCC Compiler
D:\MyFile\Engineering\microprocessor\nctu\Lab7\Lab7.3\Debug
arm-none-eabi-gcc -mcpu=cortex-m4 -mthumb -mfloat-abi=hard -mfpu=fpv4-sp-d16 -DSTM32 -DSTM32L4 -DSTM32L476RGTx -DNUCLEO_L476RG -DDEBUG -I"D:/MyFile/Engineering/microprocessor/nctu/Lab7/Lab7.3/inc/" -O0 -g3 -Wall -fmessage-length=0 -ffunction-sections -c -MMD -MP -MF"src/main.d" -MT"src/main.o" -o "src/main.o" "../src/main.c"
Finished building: ../src/main.c
 
Building target: Lab7.3.elf
Invoking: MCU GCC Linker
arm-none-eabi-gcc -mcpu=cortex-m4 -mthumb -mfloat-abi=hard -mfpu=fpv4-sp-d16 -T"D:/MyFile/Engineering/microprocessor/nctu/Lab7/Lab7.3/LinkerScript.ld" -Wl,-Map=output.map -Wl,--gc-sections -o "Lab7.3.elf" @"objects.list"   -lm
Finished building target: Lab7.3.elf
 
make --no-print-directory post-build
Generating binary and Printing size information:
arm-none-eabi-objcopy -O binary "Lab7.3.elf" "Lab7.3.bin"
arm-none-eabi-size "Lab7.3.elf"
   text	   data	    bss	    dec	    hex	filename
   2336	   1112	   1088	   4536	   11b8	Lab7.3.elf
 
12:14:39 **** Incremental Build of configuration Debug for project Lab7.3 ****
make -j4 all 
Building file: ../src/main.c
Invoking: MCU GCC Compiler
D:\MyFile\Engineering\microprocessor\nctu\Lab7\Lab7.3\Debug
arm-none-eabi-gcc -mcpu=cortex-m4 -mthumb -mfloat-abi=hard -mfpu=fpv4-sp-d16 -DSTM32 -DSTM32L4 -DSTM32L476RGTx -DNUCLEO_L476RG -DDEBUG -I"D:/MyFile/Engineering/microprocessor/nctu/Lab7/Lab7.3/inc/" -O0 -g3 -Wall -fmessage-length=0 -ffunction-sections -c -MMD -MP -MF"src/main.d" -MT"src/main.o" -o "src/main.o" "../src/main.c"
Finished building: ../src/main.c
 
Building target: Lab7.3.elf
Invoking: MCU GCC Linker
arm-none-eabi-gcc -mcpu=cortex-m4 -mthumb -mfloat-abi=hard -mfpu=fpv4-sp-d16 -T"D:/MyFile/Engineering/microprocessor/nctu/Lab7/Lab7.3/LinkerScript.ld" -Wl,-Map=output.map -Wl,--gc-sections -o "Lab7.3.elf" @"objects.list"   -lm
Finished building target: Lab7.3.elf
 
make --no-print-directory post-build
Generating binary and Printing size information:
arm-none-eabi-objcopy -O binary "Lab7.3.elf" "Lab7.3.bin"
arm-none-eabi-size "Lab7.3.elf"
   text	   data	    bss	    dec	    hex	filename
   2360	   1112	   1096	   4568	   11d8	Lab7.3.elf
 
12:16:06 **** Incremental Build of configuration Debug for project Lab7.3 ****
make -j4 all 
Building file: ../src/main.c
Invoking: MCU GCC Compiler
D:\MyFile\Engineering\microprocessor\nctu\Lab7\Lab7.3\Debug
arm-none-eabi-gcc -mcpu=cortex-m4 -mthumb -mfloat-abi=hard -mfpu=fpv4-sp-d16 -DSTM32 -DSTM32L4 -DSTM32L476RGTx -DNUCLEO_L476RG -DDEBUG -I"D:/MyFile/Engineering/microprocessor/nctu/Lab7/Lab7.3/inc/" -O0 -g3 -Wall -fmessage-length=0 -ffunction-sections -c -MMD -MP -MF"src/main.d" -MT"src/main.o" -o "src/main.o" "../src/main.c"
Finished building: ../src/main.c
 
Building target: Lab7.3.elf
Invoking: MCU GCC Linker
arm-none-eabi-gcc -mcpu=cortex-m4 -mthumb -mfloat-abi=hard -mfpu=fpv4-sp-d16 -T"D:/MyFile/Engineering/microprocessor/nctu/Lab7/Lab7.3/LinkerScript.ld" -Wl,-Map=output.map -Wl,--gc-sections -o "Lab7.3.elf" @"objects.list"   -lm
Finished building target: Lab7.3.elf
 
make --no-print-directory post-build
Generating binary and Printing size information:
arm-none-eabi-objcopy -O binary "Lab7.3.elf" "Lab7.3.bin"
arm-none-eabi-size "Lab7.3.elf"
   text	   data	    bss	    dec	    hex	filename
   2352	   1112	   1096	   4560	   11d0	Lab7.3.elf
 
12:16:36 **** Incremental Build of configuration Debug for project Lab7.3 ****
make -j4 all 
Building file: ../src/main.c
Invoking: MCU GCC Compiler
D:\MyFile\Engineering\microprocessor\nctu\Lab7\Lab7.3\Debug
arm-none-eabi-gcc -mcpu=cortex-m4 -mthumb -mfloat-abi=hard -mfpu=fpv4-sp-d16 -DSTM32 -DSTM32L4 -DSTM32L476RGTx -DNUCLEO_L476RG -DDEBUG -I"D:/MyFile/Engineering/microprocessor/nctu/Lab7/Lab7.3/inc/" -O0 -g3 -Wall -fmessage-length=0 -ffunction-sections -c -MMD -MP -MF"src/main.d" -MT"src/main.o" -o "src/main.o" "../src/main.c"
Finished building: ../src/main.c
 
Building target: Lab7.3.elf
Invoking: MCU GCC Linker
arm-none-eabi-gcc -mcpu=cortex-m4 -mthumb -mfloat-abi=hard -mfpu=fpv4-sp-d16 -T"D:/MyFile/Engineering/microprocessor/nctu/Lab7/Lab7.3/LinkerScript.ld" -Wl,-Map=output.map -Wl,--gc-sections -o "Lab7.3.elf" @"objects.list"   -lm
Finished building target: Lab7.3.elf
 
make --no-print-directory post-build
Generating binary and Printing size information:
arm-none-eabi-objcopy -O binary "Lab7.3.elf" "Lab7.3.bin"
arm-none-eabi-size "Lab7.3.elf"
   text	   data	    bss	    dec	    hex	filename
   2360	   1112	   1096	   4568	   11d8	Lab7.3.elf
 
12:17:50 **** Incremental Build of configuration Debug for project Lab7.3 ****
make -j4 all 
Building file: ../src/main.c
Invoking: MCU GCC Compiler
D:\MyFile\Engineering\microprocessor\nctu\Lab7\Lab7.3\Debug
arm-none-eabi-gcc -mcpu=cortex-m4 -mthumb -mfloat-abi=hard -mfpu=fpv4-sp-d16 -DSTM32 -DSTM32L4 -DSTM32L476RGTx -DNUCLEO_L476RG -DDEBUG -I"D:/MyFile/Engineering/microprocessor/nctu/Lab7/Lab7.3/inc/" -O0 -g3 -Wall -fmessage-length=0 -ffunction-sections -c -MMD -MP -MF"src/main.d" -MT"src/main.o" -o "src/main.o" "../src/main.c"
Finished building: ../src/main.c
 
Building target: Lab7.3.elf
Invoking: MCU GCC Linker
arm-none-eabi-gcc -mcpu=cortex-m4 -mthumb -mfloat-abi=hard -mfpu=fpv4-sp-d16 -T"D:/MyFile/Engineering/microprocessor/nctu/Lab7/Lab7.3/LinkerScript.ld" -Wl,-Map=output.map -Wl,--gc-sections -o "Lab7.3.elf" @"objects.list"   -lm
Finished building target: Lab7.3.elf
 
make --no-print-directory post-build
Generating binary and Printing size information:
arm-none-eabi-objcopy -O binary "Lab7.3.elf" "Lab7.3.bin"
arm-none-eabi-size "Lab7.3.elf"
   text	   data	    bss	    dec	    hex	filename
   2360	   1112	   1096	   4568	   11d8	Lab7.3.elf
 
12:20:09 **** Incremental Build of configuration Debug for project Lab7.3 ****
make -j4 all 
Building file: ../src/main.c
Invoking: MCU GCC Compiler
D:\MyFile\Engineering\microprocessor\nctu\Lab7\Lab7.3\Debug
arm-none-eabi-gcc -mcpu=cortex-m4 -mthumb -mfloat-abi=hard -mfpu=fpv4-sp-d16 -DSTM32 -DSTM32L4 -DSTM32L476RGTx -DNUCLEO_L476RG -DDEBUG -I"D:/MyFile/Engineering/microprocessor/nctu/Lab7/Lab7.3/inc/" -O0 -g3 -Wall -fmessage-length=0 -ffunction-sections -c -MMD -MP -MF"src/main.d" -MT"src/main.o" -o "src/main.o" "../src/main.c"
Finished building: ../src/main.c
 
Building target: Lab7.3.elf
Invoking: MCU GCC Linker
arm-none-eabi-gcc -mcpu=cortex-m4 -mthumb -mfloat-abi=hard -mfpu=fpv4-sp-d16 -T"D:/MyFile/Engineering/microprocessor/nctu/Lab7/Lab7.3/LinkerScript.ld" -Wl,-Map=output.map -Wl,--gc-sections -o "Lab7.3.elf" @"objects.list"   -lm
Finished building target: Lab7.3.elf
 
make --no-print-directory post-build
Generating binary and Printing size information:
arm-none-eabi-objcopy -O binary "Lab7.3.elf" "Lab7.3.bin"
arm-none-eabi-size "Lab7.3.elf"
   text	   data	    bss	    dec	    hex	filename
   2376	   1112	   1096	   4584	   11e8	Lab7.3.elf
 
12:20:46 **** Incremental Build of configuration Debug for project Lab7.3 ****
make -j4 all 
Building file: ../src/main.c
Invoking: MCU GCC Compiler
D:\MyFile\Engineering\microprocessor\nctu\Lab7\Lab7.3\Debug
arm-none-eabi-gcc -mcpu=cortex-m4 -mthumb -mfloat-abi=hard -mfpu=fpv4-sp-d16 -DSTM32 -DSTM32L4 -DSTM32L476RGTx -DNUCLEO_L476RG -DDEBUG -I"D:/MyFile/Engineering/microprocessor/nctu/Lab7/Lab7.3/inc/" -O0 -g3 -Wall -fmessage-length=0 -ffunction-sections -c -MMD -MP -MF"src/main.d" -MT"src/main.o" -o "src/main.o" "../src/main.c"
Finished building: ../src/main.c
 
Building target: Lab7.3.elf
Invoking: MCU GCC Linker
arm-none-eabi-gcc -mcpu=cortex-m4 -mthumb -mfloat-abi=hard -mfpu=fpv4-sp-d16 -T"D:/MyFile/Engineering/microprocessor/nctu/Lab7/Lab7.3/LinkerScript.ld" -Wl,-Map=output.map -Wl,--gc-sections -o "Lab7.3.elf" @"objects.list"   -lm
Finished building target: Lab7.3.elf
 
make --no-print-directory post-build
Generating binary and Printing size information:
arm-none-eabi-objcopy -O binary "Lab7.3.elf" "Lab7.3.bin"
arm-none-eabi-size "Lab7.3.elf"
   text	   data	    bss	    dec	    hex	filename
   2384	   1112	   1096	   4592	   11f0	Lab7.3.elf
 
12:20:57 **** Incremental Build of configuration Debug for project Lab7.3 ****
make -j4 all 
make: Nothing to be done for 'all'.
12:30:54 **** Incremental Build of configuration Debug for project Lab7.3 ****
make -j4 all 
Building file: ../src/main.c
Invoking: MCU GCC Compiler
D:\MyFile\Engineering\microprocessor\nctu\Lab7\Lab7.3\Debug
arm-none-eabi-gcc -mcpu=cortex-m4 -mthumb -mfloat-abi=hard -mfpu=fpv4-sp-d16 -DSTM32 -DSTM32L4 -DSTM32L476RGTx -DNUCLEO_L476RG -DDEBUG -I"D:/MyFile/Engineering/microprocessor/nctu/Lab7/Lab7.3/inc/" -O0 -g3 -Wall -fmessage-length=0 -ffunction-sections -c -MMD -MP -MF"src/main.d" -MT"src/main.o" -o "src/main.o" "../src/main.c"
Finished building: ../src/main.c
 
Building target: Lab7.3.elf
Invoking: MCU GCC Linker
arm-none-eabi-gcc -mcpu=cortex-m4 -mthumb -mfloat-abi=hard -mfpu=fpv4-sp-d16 -T"D:/MyFile/Engineering/microprocessor/nctu/Lab7/Lab7.3/LinkerScript.ld" -Wl,-Map=output.map -Wl,--gc-sections -o "Lab7.3.elf" @"objects.list"   -lm
Finished building target: Lab7.3.elf
 
make --no-print-directory post-build
Generating binary and Printing size information:
arm-none-eabi-objcopy -O binary "Lab7.3.elf" "Lab7.3.bin"
arm-none-eabi-size "Lab7.3.elf"
   text	   data	    bss	    dec	    hex	filename
   2400	   1112	   1096	   4608	   1200	Lab7.3.elf
 
