02:34:24 **** Incremental Build of configuration Debug for project Lab7.1 ****
make -j4 all 
Building file: ../src/main.c
Invoking: MCU GCC Compiler
D:\MyFile\Engineering\microprocessor\nctu\Lab7\Lab7.1\Debug
arm-none-eabi-gcc -mcpu=cortex-m4 -mthumb -mfloat-abi=hard -mfpu=fpv4-sp-d16 -DSTM32 -DSTM32L4 -DSTM32L476RGTx -DNUCLEO_L476RG -DDEBUG -I"D:/MyFile/Engineering/microprocessor/nctu/Lab7/Lab7.1/inc" -include"D:/MyFile/Engineering/microprocessor/nctu/Lab7/Lab7.1/inc/stm32l476xx.h" -O0 -g3 -Wall -fmessage-length=0 -ffunction-sections -c -MMD -MP -MF"src/main.d" -MT"src/main.o" -o "src/main.o" "../src/main.c"
Finished building: ../src/main.c
 
Building target: Lab7.1.elf
Invoking: MCU GCC Linker
arm-none-eabi-gcc -mcpu=cortex-m4 -mthumb -mfloat-abi=hard -mfpu=fpv4-sp-d16 -T"D:/MyFile/Engineering/microprocessor/nctu/Lab7/Lab7.1/LinkerScript.ld" -Wl,-Map=output.map -Wl,--gc-sections -o "Lab7.1.elf" @"objects.list"   -lm
Finished building target: Lab7.1.elf
 
make --no-print-directory post-build
Generating binary and Printing size information:
arm-none-eabi-objcopy -O binary "Lab7.1.elf" "Lab7.1.bin"
arm-none-eabi-size "Lab7.1.elf"
   text	   data	    bss	    dec	    hex	filename
   1184	   1088	   1088	   3360	    d20	Lab7.1.elf
 

02:34:25 Build Finished (took 1s.19ms)

