01:08:14 **** Incremental Build of configuration Debug for project Lab7.2 ****
make -j4 all 
Building file: ../src/main.c
Invoking: MCU GCC Compiler
D:\MyFile\Engineering\microprocessor\nctu\Lab7\Lab7.2\Debug
arm-none-eabi-gcc -mcpu=cortex-m4 -mthumb -mfloat-abi=hard -mfpu=fpv4-sp-d16 -DSTM32 -DSTM32L4 -DSTM32L476RGTx -DNUCLEO_L476RG -DDEBUG -I"D:/MyFile/Engineering/microprocessor/nctu/Lab7/Lab7.2/inc/" -O0 -g3 -Wall -fmessage-length=0 -ffunction-sections -c -MMD -MP -MF"src/main.d" -MT"src/main.o" -o "src/main.o" "../src/main.c"
Finished building: ../src/main.c
 
Building target: Lab7.2.elf
Invoking: MCU GCC Linker
arm-none-eabi-gcc -mcpu=cortex-m4 -mthumb -mfloat-abi=hard -mfpu=fpv4-sp-d16 -T"D:/MyFile/Engineering/microprocessor/nctu/Lab7/Lab7.2/LinkerScript.ld" -Wl,-Map=output.map -Wl,--gc-sections -o "Lab7.2.elf" @"objects.list"   -lm
Finished building target: Lab7.2.elf
 
make --no-print-directory post-build
Generating binary and Printing size information:
arm-none-eabi-objcopy -O binary "Lab7.2.elf" "Lab7.2.bin"
arm-none-eabi-size "Lab7.2.elf"
   text	   data	    bss	    dec	    hex	filename
   2224	   1184	   1104	   4512	   11a0	Lab7.2.elf
 

01:08:15 Build Finished (took 1s.17ms)

