20:35:17 **** Clean-only build of configuration Debug for project lab4-3 ****
make -j4 clean 
rm -rf *
 
20:35:18 **** Build of configuration Debug for project lab4-3 ****
make -j4 all 
Building file: ../startup/startup_stm32.s
Building file: ../startup/sysmem.c
Building file: ../src/main.s
Invoking: MCU GCC Assembler
Invoking: MCU GCC Compiler
Invoking: MCU GCC Assembler
D:\MyFile\Engineering\microprocessor\nctu\Lab4\lab4-3\Debug
arm-none-eabi-as -mcpu=cortex-m4 -mthumb -mfloat-abi=hard -mfpu=fpv4-sp-d16 -g -o "startup/startup_stm32.o" "../startup/startup_stm32.s"
D:\MyFile\Engineering\microprocessor\nctu\Lab4\lab4-3\Debug
D:\MyFile\Engineering\microprocessor\nctu\Lab4\lab4-3\Debug
arm-none-eabi-gcc -mcpu=cortex-m4 -mthumb -mfloat-abi=hard -mfpu=fpv4-sp-d16 -DSTM32 -DSTM32L4 -DSTM32L476RGTx -DNUCLEO_L476RG -DDEBUG -O0 -g3 -Wall -fmessage-length=0 -ffunction-sections -c -MMD -MP -MF"startup/sysmem.d" -MT"startup/sysmem.o" -o "startup/sysmem.o" "../startup/sysmem.c"
arm-none-eabi-as -mcpu=cortex-m4 -mthumb -mfloat-abi=hard -mfpu=fpv4-sp-d16 -g -o "src/main.o" "../src/main.s"
Finished building: ../src/main.s
 
Finished building: ../startup/startup_stm32.s
 
Finished building: ../startup/sysmem.c
 
Building target: lab4-3.elf
Invoking: MCU GCC Linker
arm-none-eabi-gcc -mcpu=cortex-m4 -mthumb -mfloat-abi=hard -mfpu=fpv4-sp-d16 -T"D:/MyFile/Engineering/microprocessor/nctu/Lab4/lab4-3/LinkerScript.ld" -Wl,-Map=output.map -Wl,--gc-sections -o "lab4-3.elf" @"objects.list"   -lm
Finished building target: lab4-3.elf
 
make --no-print-directory post-build
Generating binary and Printing size information:
arm-none-eabi-objcopy -O binary "lab4-3.elf" "lab4-3.bin"
arm-none-eabi-size "lab4-3.elf"
   text	   data	    bss	    dec	    hex	filename
   1336	   1088	   1088	   3512	    db8	lab4-3.elf
 
20:35:32 **** Incremental Build of configuration Debug for project lab4-3 ****
make -j4 all 
make: Nothing to be done for 'all'.
20:35:36 **** Incremental Build of configuration Debug for project lab4-3 ****
make -j4 all 
make: Nothing to be done for 'all'.
20:43:29 **** Incremental Build of configuration Debug for project Lab4.1 ****
make -j4 all 
make: Nothing to be done for 'all'.
20:43:32 **** Incremental Build of configuration Debug for project Lab4.1 ****
make -j4 all 
make: Nothing to be done for 'all'.
20:47:53 **** Incremental Build of configuration Debug for project Lab4.1 ****
make -j4 all 
Building file: ../src/main.s
Invoking: MCU GCC Assembler
D:\MyFile\Engineering\microprocessor\nctu\Lab4\Lab4.1\Debug
arm-none-eabi-as -mcpu=cortex-m4 -mthumb -mfloat-abi=hard -mfpu=fpv4-sp-d16 -g -o "src/main.o" "../src/main.s"
Finished building: ../src/main.s
 
Building target: Lab4.1.elf
Invoking: MCU GCC Linker
arm-none-eabi-gcc -mcpu=cortex-m4 -mthumb -mfloat-abi=hard -mfpu=fpv4-sp-d16 -T"D:/MyFile/Engineering/microprocessor/nctu/Lab4/Lab4.1/LinkerScript.ld" -Wl,-Map=output.map -Wl,--gc-sections -o "Lab4.1.elf" @"objects.list"   -lm
Finished building target: Lab4.1.elf
 
make --no-print-directory post-build
Generating binary and Printing size information:
arm-none-eabi-objcopy -O binary "Lab4.1.elf" "Lab4.1.bin"
arm-none-eabi-size "Lab4.1.elf"
   text	   data	    bss	    dec	    hex	filename
   1240	   1104	   1088	   3432	    d68	Lab4.1.elf
 
20:48:46 **** Incremental Build of configuration Debug for project Lab4.2 ****
make -j4 all 
make: Nothing to be done for 'all'.
20:48:49 **** Incremental Build of configuration Debug for project Lab4.2 ****
make -j4 all 
make: Nothing to be done for 'all'.
20:49:22 **** Incremental Build of configuration Debug for project Lab4.2 ****
make -j4 all 
Building file: ../src/main.s
Invoking: MCU GCC Assembler
D:\MyFile\Engineering\microprocessor\nctu\Lab4\Lab4.2\Debug
arm-none-eabi-as -mcpu=cortex-m4 -mthumb -mfloat-abi=hard -mfpu=fpv4-sp-d16 -g -o "src/main.o" "../src/main.s"
Finished building: ../src/main.s
 
Building target: Lab4.2.elf
Invoking: MCU GCC Linker
arm-none-eabi-gcc -mcpu=cortex-m4 -mthumb -mfloat-abi=hard -mfpu=fpv4-sp-d16 -T"D:/MyFile/Engineering/microprocessor/nctu/Lab4/Lab4.2/LinkerScript.ld" -Wl,-Map=output.map -Wl,--gc-sections -o "Lab4.2.elf" @"objects.list"   -lm
Finished building target: Lab4.2.elf
 
make --no-print-directory post-build
Generating binary and Printing size information:
arm-none-eabi-objcopy -O binary "Lab4.2.elf" "Lab4.2.bin"
arm-none-eabi-size "Lab4.2.elf"
   text	   data	    bss	    dec	    hex	filename
   1176	   1096	   1088	   3360	    d20	Lab4.2.elf
 
20:49:49 **** Incremental Build of configuration Debug for project lab4-3 ****
make -j4 all 
make: Nothing to be done for 'all'.
