20:49:22 **** Incremental Build of configuration Debug for project Lab4.2 ****
make -j4 all 
Building file: ../src/main.s
Invoking: MCU GCC Assembler
D:\MyFile\Engineering\microprocessor\nctu\Lab4\Lab4.2\Debug
arm-none-eabi-as -mcpu=cortex-m4 -mthumb -mfloat-abi=hard -mfpu=fpv4-sp-d16 -g -o "src/main.o" "../src/main.s"
Finished building: ../src/main.s
 
Building target: Lab4.2.elf
Invoking: MCU GCC Linker
arm-none-eabi-gcc -mcpu=cortex-m4 -mthumb -mfloat-abi=hard -mfpu=fpv4-sp-d16 -T"D:/MyFile/Engineering/microprocessor/nctu/Lab4/Lab4.2/LinkerScript.ld" -Wl,-Map=output.map -Wl,--gc-sections -o "Lab4.2.elf" @"objects.list"   -lm
Finished building target: Lab4.2.elf
 
make --no-print-directory post-build
Generating binary and Printing size information:
arm-none-eabi-objcopy -O binary "Lab4.2.elf" "Lab4.2.bin"
arm-none-eabi-size "Lab4.2.elf"
   text	   data	    bss	    dec	    hex	filename
   1176	   1096	   1088	   3360	    d20	Lab4.2.elf
 

20:49:24 Build Finished (took 1s.373ms)

