21:44:05 **** Incremental Build of configuration Debug for project PostfixArithmetic ****
make -j4 all 
Building file: ../src/main.s
Invoking: MCU GCC Assembler
D:\MyFile\Engineering\microprocessor\nctu\Lab2\PostfixArithmetic\Debug
arm-none-eabi-as -mcpu=cortex-m4 -mthumb -mfloat-abi=hard -mfpu=fpv4-sp-d16 -g -o "src/main.o" "../src/main.s"
Finished building: ../src/main.s
 
Building target: PostfixArithmetic.elf
Invoking: MCU GCC Linker
arm-none-eabi-gcc -mcpu=cortex-m4 -mthumb -mfloat-abi=hard -mfpu=fpv4-sp-d16 -T"D:/MyFile/Engineering/microprocessor/nctu/Lab2/PostfixArithmetic/LinkerScript.ld" -Wl,-Map=output.map -Wl,--gc-sections -o "PostfixArithmetic.elf" @"objects.list"   -lm
Finished building target: PostfixArithmetic.elf
 
make --no-print-directory post-build
Generating binary and Printing size information:
arm-none-eabi-objcopy -O binary "PostfixArithmetic.elf" "PostfixArithmetic.bin"
arm-none-eabi-size "PostfixArithmetic.elf"
   text	   data	    bss	    dec	    hex	filename
    960	   1088	   1088	   3136	    c40	PostfixArithmetic.elf
 
21:44:11 **** Incremental Build of configuration Debug for project PostfixArithmetic ****
make -j4 all 
make: Nothing to be done for 'all'.
21:52:29 **** Incremental Build of configuration Debug for project PostfixArithmetic ****
make -j4 all 
Building file: ../src/main.s
Invoking: MCU GCC Assembler
D:\MyFile\Engineering\microprocessor\nctu\Lab2\PostfixArithmetic\Debug
arm-none-eabi-as -mcpu=cortex-m4 -mthumb -mfloat-abi=hard -mfpu=fpv4-sp-d16 -g -o "src/main.o" "../src/main.s"
Finished building: ../src/main.s
 
Building target: PostfixArithmetic.elf
Invoking: MCU GCC Linker
arm-none-eabi-gcc -mcpu=cortex-m4 -mthumb -mfloat-abi=hard -mfpu=fpv4-sp-d16 -T"D:/MyFile/Engineering/microprocessor/nctu/Lab2/PostfixArithmetic/LinkerScript.ld" -Wl,-Map=output.map -Wl,--gc-sections -o "PostfixArithmetic.elf" @"objects.list"   -lm
Finished building target: PostfixArithmetic.elf
 
make --no-print-directory post-build
Generating binary and Printing size information:
arm-none-eabi-objcopy -O binary "PostfixArithmetic.elf" "PostfixArithmetic.bin"
arm-none-eabi-size "PostfixArithmetic.elf"
   text	   data	    bss	    dec	    hex	filename
    968	   1088	   1088	   3144	    c48	PostfixArithmetic.elf
 
21:52:34 **** Incremental Build of configuration Debug for project PostfixArithmetic ****
make -j4 all 
make: Nothing to be done for 'all'.
22:12:51 **** Incremental Build of configuration Debug for project PostfixArithmetic ****
make -j4 all 
Building file: ../src/main.s
Invoking: MCU GCC Assembler
D:\MyFile\Engineering\microprocessor\nctu\Lab2\PostfixArithmetic\Debug
arm-none-eabi-as -mcpu=cortex-m4 -mthumb -mfloat-abi=hard -mfpu=fpv4-sp-d16 -g -o "src/main.o" "../src/main.s"
Finished building: ../src/main.s
 
Building target: PostfixArithmetic.elf
Invoking: MCU GCC Linker
arm-none-eabi-gcc -mcpu=cortex-m4 -mthumb -mfloat-abi=hard -mfpu=fpv4-sp-d16 -T"D:/MyFile/Engineering/microprocessor/nctu/Lab2/PostfixArithmetic/LinkerScript.ld" -Wl,-Map=output.map -Wl,--gc-sections -o "PostfixArithmetic.elf" @"objects.list"   -lm
Finished building target: PostfixArithmetic.elf
 
make --no-print-directory post-build
Generating binary and Printing size information:
arm-none-eabi-objcopy -O binary "PostfixArithmetic.elf" "PostfixArithmetic.bin"
arm-none-eabi-size "PostfixArithmetic.elf"
   text	   data	    bss	    dec	    hex	filename
    968	   1224	   1088	   3280	    cd0	PostfixArithmetic.elf
 
22:12:58 **** Incremental Build of configuration Debug for project PostfixArithmetic ****
make -j4 all 
make: Nothing to be done for 'all'.
22:13:00 **** Incremental Build of configuration Debug for project PostfixArithmetic ****
make -j4 all 
make: Nothing to be done for 'all'.
22:44:58 **** Incremental Build of configuration Debug for project PostfixArithmetic ****
make -j4 all 
Building file: ../src/main.s
Invoking: MCU GCC Assembler
D:\MyFile\Engineering\microprocessor\nctu\Lab2\PostfixArithmetic\Debug
arm-none-eabi-as -mcpu=cortex-m4 -mthumb -mfloat-abi=hard -mfpu=fpv4-sp-d16 -g -o "src/main.o" "../src/main.s"
Finished building: ../src/main.s
 
Building target: PostfixArithmetic.elf
Invoking: MCU GCC Linker
arm-none-eabi-gcc -mcpu=cortex-m4 -mthumb -mfloat-abi=hard -mfpu=fpv4-sp-d16 -T"D:/MyFile/Engineering/microprocessor/nctu/Lab2/PostfixArithmetic/LinkerScript.ld" -Wl,-Map=output.map -Wl,--gc-sections -o "PostfixArithmetic.elf" @"objects.list"   -lm
Finished building target: PostfixArithmetic.elf
 
make --no-print-directory post-build
Generating binary and Printing size information:
arm-none-eabi-objcopy -O binary "PostfixArithmetic.elf" "PostfixArithmetic.bin"
arm-none-eabi-size "PostfixArithmetic.elf"
   text	   data	    bss	    dec	    hex	filename
    976	   1224	   1088	   3288	    cd8	PostfixArithmetic.elf
 
22:45:02 **** Incremental Build of configuration Debug for project PostfixArithmetic ****
make -j4 all 
make: Nothing to be done for 'all'.
18:20:43 **** Incremental Build of configuration Debug for project PostfixArithmetic ****
make -j4 all 
Building file: ../src/main.s
Invoking: MCU GCC Assembler
D:\MyFile\Engineering\microprocessor\nctu\Lab2\PostfixArithmetic\Debug
arm-none-eabi-as -mcpu=cortex-m4 -mthumb -mfloat-abi=hard -mfpu=fpv4-sp-d16 -g -o "src/main.o" "../src/main.s"
../src/main.s: Assembler messages:
../src/main.s:21: Error: expression too complex -- `push R2'
../src/main.s:26: Error: expression too complex -- `pop R8'
../src/main.s:27: Error: expression too complex -- `pop R9'
../src/main.s:29: Error: expression too complex -- `push R9'
../src/main.s:34: Error: expression too complex -- `pop R8'
../src/main.s:35: Error: expression too complex -- `pop R9'
../src/main.s:37: Error: expression too complex -- `push R9'
../src/main.s:44: Error: bad instruction `be done'
../src/main.s:45: Error: ARM register expected -- `cmp $2,0'
../src/main.s:46: Error: bad instruction `be done'
../src/main.s:50: Error: expression too complex -- `pop R9'
../src/main.s:67: Error: bad instruction `be done'
../src/main.s:69: Error: bad instruction `be atoi_done'
../src/main.s:71: Error: bad instruction `be negative'
../src/main.s:73: Error: bad instruction `be negative'
../src/main.s:75: Error: bad instruction `be plus'
../src/main.s:78: Error: ARM register expected -- `mul R2,R2,10'
../src/main.s:94: Error: ARM register expected -- `mul R2,R2,10'
src/subdir.mk:15: recipe for target 'src/main.o' failed
make: *** [src/main.o] Error 1
18:23:44 **** Incremental Build of configuration Debug for project PostfixArithmetic ****
make -j4 all 
Building file: ../src/main.s
Invoking: MCU GCC Assembler
D:\MyFile\Engineering\microprocessor\nctu\Lab2\PostfixArithmetic\Debug
arm-none-eabi-as -mcpu=cortex-m4 -mthumb -mfloat-abi=hard -mfpu=fpv4-sp-d16 -g -o "src/main.o" "../src/main.s"
../src/main.s: Assembler messages:
../src/main.s:21: Error: expression too complex -- `push R2'
../src/main.s:26: Error: expression too complex -- `pop R8'
../src/main.s:27: Error: expression too complex -- `pop R9'
../src/main.s:29: Error: expression too complex -- `push R9'
../src/main.s:34: Error: expression too complex -- `pop R8'
../src/main.s:35: Error: expression too complex -- `pop R9'
../src/main.s:37: Error: expression too complex -- `push R9'
../src/main.s:44: Error: bad instruction `be done'
../src/main.s:45: Error: ARM register expected -- `cmp $2,0'
../src/main.s:46: Error: bad instruction `be done'
../src/main.s:50: Error: expression too complex -- `pop R9'
../src/main.s:78: Error: ARM register expected -- `muls R2,R2,10'
../src/main.s:94: Error: ARM register expected -- `muls R2,R2,10'
src/subdir.mk:15: recipe for target 'src/main.o' failed
make: *** [src/main.o] Error 1
18:23:53 **** Incremental Build of configuration Debug for project PostfixArithmetic ****
make -j4 all 
Building file: ../src/main.s
Invoking: MCU GCC Assembler
D:\MyFile\Engineering\microprocessor\nctu\Lab2\PostfixArithmetic\Debug
arm-none-eabi-as -mcpu=cortex-m4 -mthumb -mfloat-abi=hard -mfpu=fpv4-sp-d16 -g -o "src/main.o" "../src/main.s"
../src/main.s: Assembler messages:
../src/main.s:21: Error: expression too complex -- `push R2'
../src/main.s:26: Error: expression too complex -- `pop R8'
../src/main.s:27: Error: expression too complex -- `pop R9'
../src/main.s:29: Error: expression too complex -- `push R9'
../src/main.s:34: Error: expression too complex -- `pop R8'
../src/main.s:35: Error: expression too complex -- `pop R9'
../src/main.s:37: Error: expression too complex -- `push R9'
../src/main.s:44: Error: bad instruction `be done'
../src/main.s:45: Error: ARM register expected -- `cmp $2,0'
../src/main.s:46: Error: bad instruction `be done'
../src/main.s:50: Error: expression too complex -- `pop R9'
../src/main.s:94: Error: ARM register expected -- `muls R2,R2,10'
src/subdir.mk:15: recipe for target 'src/main.o' failed
make: *** [src/main.o] Error 1
18:24:44 **** Incremental Build of configuration Debug for project PostfixArithmetic ****
make -j4 all 
Building file: ../src/main.s
Invoking: MCU GCC Assembler
D:\MyFile\Engineering\microprocessor\nctu\Lab2\PostfixArithmetic\Debug
arm-none-eabi-as -mcpu=cortex-m4 -mthumb -mfloat-abi=hard -mfpu=fpv4-sp-d16 -g -o "src/main.o" "../src/main.s"
../src/main.s: Assembler messages:
../src/main.s:22: Error: expression too complex -- `push R2'
../src/main.s:27: Error: expression too complex -- `pop R8'
../src/main.s:28: Error: expression too complex -- `pop R9'
../src/main.s:30: Error: expression too complex -- `push R9'
../src/main.s:35: Error: expression too complex -- `pop R8'
../src/main.s:36: Error: expression too complex -- `pop R9'
../src/main.s:38: Error: expression too complex -- `push R9'
../src/main.s:51: Error: expression too complex -- `pop R9'
../src/main.s:79: Error: Thumb-2 MUL must not set flags -- `muls R2,R2,R10'
../src/main.s:95: Error: Thumb-2 MUL must not set flags -- `muls R2,R2,R10'
src/subdir.mk:15: recipe for target 'src/main.o' failed
make: *** [src/main.o] Error 1
18:25:04 **** Incremental Build of configuration Debug for project PostfixArithmetic ****
make -j4 all 
Building file: ../src/main.s
Invoking: MCU GCC Assembler
D:\MyFile\Engineering\microprocessor\nctu\Lab2\PostfixArithmetic\Debug
arm-none-eabi-as -mcpu=cortex-m4 -mthumb -mfloat-abi=hard -mfpu=fpv4-sp-d16 -g -o "src/main.o" "../src/main.s"
../src/main.s: Assembler messages:
../src/main.s:22: Error: expression too complex -- `push R2'
../src/main.s:27: Error: expression too complex -- `pop R8'
../src/main.s:28: Error: expression too complex -- `pop R9'
../src/main.s:30: Error: expression too complex -- `push R9'
../src/main.s:35: Error: expression too complex -- `pop R8'
../src/main.s:36: Error: expression too complex -- `pop R9'
../src/main.s:38: Error: expression too complex -- `push R9'
../src/main.s:51: Error: expression too complex -- `pop R9'
../src/main.s:95: Error: Thumb-2 MUL must not set flags -- `muls R2,R2,R10'
src/subdir.mk:15: recipe for target 'src/main.o' failed
make: *** [src/main.o] Error 1
18:25:52 **** Incremental Build of configuration Debug for project PostfixArithmetic ****
make -j4 all 
Building file: ../src/main.s
Invoking: MCU GCC Assembler
D:\MyFile\Engineering\microprocessor\nctu\Lab2\PostfixArithmetic\Debug
arm-none-eabi-as -mcpu=cortex-m4 -mthumb -mfloat-abi=hard -mfpu=fpv4-sp-d16 -g -o "src/main.o" "../src/main.s"
../src/main.s: Assembler messages:
../src/main.s:22: Error: expression too complex -- `push R2'
../src/main.s:27: Error: expression too complex -- `pop R8'
../src/main.s:28: Error: expression too complex -- `pop R9'
../src/main.s:30: Error: expression too complex -- `push R9'
../src/main.s:35: Error: expression too complex -- `pop R8'
../src/main.s:36: Error: expression too complex -- `pop R9'
../src/main.s:38: Error: expression too complex -- `push R9'
../src/main.s:51: Error: expression too complex -- `pop R9'
../src/main.s:79: Error: Thumb-2 MUL must not set flags -- `muls R2,R2,R9'
../src/main.s:95: Error: Thumb-2 MUL must not set flags -- `muls R2,R2,R9'
src/subdir.mk:15: recipe for target 'src/main.o' failed
make: *** [src/main.o] Error 1
18:26:02 **** Incremental Build of configuration Debug for project PostfixArithmetic ****
make -j4 all 
Building file: ../src/main.s
Invoking: MCU GCC Assembler
D:\MyFile\Engineering\microprocessor\nctu\Lab2\PostfixArithmetic\Debug
arm-none-eabi-as -mcpu=cortex-m4 -mthumb -mfloat-abi=hard -mfpu=fpv4-sp-d16 -g -o "src/main.o" "../src/main.s"
../src/main.s: Assembler messages:
../src/main.s:22: Error: expression too complex -- `push R2'
../src/main.s:27: Error: expression too complex -- `pop R8'
../src/main.s:28: Error: expression too complex -- `pop R9'
../src/main.s:30: Error: expression too complex -- `push R9'
../src/main.s:35: Error: expression too complex -- `pop R8'
../src/main.s:36: Error: expression too complex -- `pop R9'
../src/main.s:38: Error: expression too complex -- `push R9'
../src/main.s:51: Error: expression too complex -- `pop R9'
../src/main.s:95: Error: Thumb-2 MUL must not set flags -- `muls R2,R2,R9'
src/subdir.mk:15: recipe for target 'src/main.o' failed
make: *** [src/main.o] Error 1
18:26:30 **** Incremental Build of configuration Debug for project PostfixArithmetic ****
make -j4 all 
Building file: ../src/main.s
Invoking: MCU GCC Assembler
D:\MyFile\Engineering\microprocessor\nctu\Lab2\PostfixArithmetic\Debug
arm-none-eabi-as -mcpu=cortex-m4 -mthumb -mfloat-abi=hard -mfpu=fpv4-sp-d16 -g -o "src/main.o" "../src/main.s"
../src/main.s: Assembler messages:
../src/main.s:22: Error: expression too complex -- `push R2'
../src/main.s:27: Error: expression too complex -- `pop R8'
../src/main.s:28: Error: expression too complex -- `pop R9'
../src/main.s:30: Error: expression too complex -- `push R9'
../src/main.s:35: Error: expression too complex -- `pop R8'
../src/main.s:36: Error: expression too complex -- `pop R9'
../src/main.s:38: Error: expression too complex -- `push R9'
../src/main.s:51: Error: expression too complex -- `pop R9'
src/subdir.mk:15: recipe for target 'src/main.o' failed
make: *** [src/main.o] Error 1
18:41:30 **** Incremental Build of configuration Debug for project PostfixArithmetic ****
make -j4 all 
Building file: ../src/main.s
Invoking: MCU GCC Assembler
D:\MyFile\Engineering\microprocessor\nctu\Lab2\PostfixArithmetic\Debug
arm-none-eabi-as -mcpu=cortex-m4 -mthumb -mfloat-abi=hard -mfpu=fpv4-sp-d16 -g -o "src/main.o" "../src/main.s"
../src/main.s: Assembler messages:
../src/main.s:27: Error: expression too complex -- `pop R8'
../src/main.s:28: Error: expression too complex -- `pop R9'
../src/main.s:30: Error: expression too complex -- `push R9'
../src/main.s:35: Error: expression too complex -- `pop R8'
../src/main.s:36: Error: expression too complex -- `pop R9'
../src/main.s:38: Error: expression too complex -- `push R9'
../src/main.s:51: Error: expression too complex -- `pop R9'
src/subdir.mk:15: recipe for target 'src/main.o' failed
make: *** [src/main.o] Error 1
18:41:37 **** Incremental Build of configuration Debug for project PostfixArithmetic ****
make -j4 all 
Building file: ../src/main.s
Invoking: MCU GCC Assembler
D:\MyFile\Engineering\microprocessor\nctu\Lab2\PostfixArithmetic\Debug
arm-none-eabi-as -mcpu=cortex-m4 -mthumb -mfloat-abi=hard -mfpu=fpv4-sp-d16 -g -o "src/main.o" "../src/main.s"
../src/main.s: Assembler messages:
../src/main.s:28: Error: expression too complex -- `pop R9'
../src/main.s:30: Error: expression too complex -- `push R9'
../src/main.s:35: Error: expression too complex -- `pop R8'
../src/main.s:36: Error: expression too complex -- `pop R9'
../src/main.s:38: Error: expression too complex -- `push R9'
../src/main.s:51: Error: expression too complex -- `pop R9'
src/subdir.mk:15: recipe for target 'src/main.o' failed
make: *** [src/main.o] Error 1
18:42:06 **** Incremental Build of configuration Debug for project PostfixArithmetic ****
make -j4 all 
Building file: ../src/main.s
Invoking: MCU GCC Assembler
D:\MyFile\Engineering\microprocessor\nctu\Lab2\PostfixArithmetic\Debug
arm-none-eabi-as -mcpu=cortex-m4 -mthumb -mfloat-abi=hard -mfpu=fpv4-sp-d16 -g -o "src/main.o" "../src/main.s"
Finished building: ../src/main.s
 
Building target: PostfixArithmetic.elf
Invoking: MCU GCC Linker
arm-none-eabi-gcc -mcpu=cortex-m4 -mthumb -mfloat-abi=hard -mfpu=fpv4-sp-d16 -T"D:/MyFile/Engineering/microprocessor/nctu/Lab2/PostfixArithmetic/LinkerScript.ld" -Wl,-Map=output.map -Wl,--gc-sections -o "PostfixArithmetic.elf" @"objects.list"   -lm
Finished building target: PostfixArithmetic.elf
 
make --no-print-directory post-build
Generating binary and Printing size information:
arm-none-eabi-objcopy -O binary "PostfixArithmetic.elf" "PostfixArithmetic.bin"
arm-none-eabi-size "PostfixArithmetic.elf"
   text	   data	    bss	    dec	    hex	filename
   1120	   1224	   1088	   3432	    d68	PostfixArithmetic.elf
 
18:42:10 **** Incremental Build of configuration Debug for project PostfixArithmetic ****
make -j4 all 
make: Nothing to be done for 'all'.
18:42:18 **** Incremental Build of configuration Debug for project PostfixArithmetic ****
make -j4 all 
make: Nothing to be done for 'all'.
18:42:21 **** Incremental Build of configuration Debug for project PostfixArithmetic ****
make -j4 all 
make: Nothing to be done for 'all'.
18:44:30 **** Incremental Build of configuration Debug for project PostfixArithmetic ****
make -j4 all 
make: Nothing to be done for 'all'.
18:44:45 **** Incremental Build of configuration Debug for project PostfixArithmetic ****
make -j4 all 
make: Nothing to be done for 'all'.
18:50:59 **** Incremental Build of configuration Debug for project PostfixArithmetic ****
make -j4 all 
Building file: ../src/main.s
Invoking: MCU GCC Assembler
D:\MyFile\Engineering\microprocessor\nctu\Lab2\PostfixArithmetic\Debug
arm-none-eabi-as -mcpu=cortex-m4 -mthumb -mfloat-abi=hard -mfpu=fpv4-sp-d16 -g -o "src/main.o" "../src/main.s"
Finished building: ../src/main.s
 
Building target: PostfixArithmetic.elf
Invoking: MCU GCC Linker
arm-none-eabi-gcc -mcpu=cortex-m4 -mthumb -mfloat-abi=hard -mfpu=fpv4-sp-d16 -T"D:/MyFile/Engineering/microprocessor/nctu/Lab2/PostfixArithmetic/LinkerScript.ld" -Wl,-Map=output.map -Wl,--gc-sections -o "PostfixArithmetic.elf" @"objects.list"   -lm
Finished building target: PostfixArithmetic.elf
 
make --no-print-directory post-build
Generating binary and Printing size information:
arm-none-eabi-objcopy -O binary "PostfixArithmetic.elf" "PostfixArithmetic.bin"
arm-none-eabi-size "PostfixArithmetic.elf"
   text	   data	    bss	    dec	    hex	filename
   1120	   1224	   1088	   3432	    d68	PostfixArithmetic.elf
 
18:51:05 **** Incremental Build of configuration Debug for project PostfixArithmetic ****
make -j4 all 
make: Nothing to be done for 'all'.
18:51:26 **** Incremental Build of configuration Debug for project PostfixArithmetic ****
make -j4 all 
make: Nothing to be done for 'all'.
18:54:06 **** Incremental Build of configuration Debug for project PostfixArithmetic ****
make -j4 all 
Building file: ../src/main.s
Invoking: MCU GCC Assembler
D:\MyFile\Engineering\microprocessor\nctu\Lab2\PostfixArithmetic\Debug
arm-none-eabi-as -mcpu=cortex-m4 -mthumb -mfloat-abi=hard -mfpu=fpv4-sp-d16 -g -o "src/main.o" "../src/main.s"
Finished building: ../src/main.s
 
Building target: PostfixArithmetic.elf
Invoking: MCU GCC Linker
arm-none-eabi-gcc -mcpu=cortex-m4 -mthumb -mfloat-abi=hard -mfpu=fpv4-sp-d16 -T"D:/MyFile/Engineering/microprocessor/nctu/Lab2/PostfixArithmetic/LinkerScript.ld" -Wl,-Map=output.map -Wl,--gc-sections -o "PostfixArithmetic.elf" @"objects.list"   -lm
Finished building target: PostfixArithmetic.elf
 
make --no-print-directory post-build
Generating binary and Printing size information:
arm-none-eabi-objcopy -O binary "PostfixArithmetic.elf" "PostfixArithmetic.bin"
arm-none-eabi-size "PostfixArithmetic.elf"
   text	   data	    bss	    dec	    hex	filename
   1128	   1224	   1088	   3440	    d70	PostfixArithmetic.elf
 
18:54:11 **** Incremental Build of configuration Debug for project PostfixArithmetic ****
make -j4 all 
make: Nothing to be done for 'all'.
18:54:20 **** Incremental Build of configuration Debug for project PostfixArithmetic ****
make -j4 all 
make: Nothing to be done for 'all'.
18:54:22 **** Incremental Build of configuration Debug for project PostfixArithmetic ****
make -j4 all 
make: Nothing to be done for 'all'.
19:01:37 **** Incremental Build of configuration Debug for project PostfixArithmetic ****
make -j4 all 
Building file: ../src/main.s
Invoking: MCU GCC Assembler
D:\MyFile\Engineering\microprocessor\nctu\Lab2\PostfixArithmetic\Debug
arm-none-eabi-as -mcpu=cortex-m4 -mthumb -mfloat-abi=hard -mfpu=fpv4-sp-d16 -g -o "src/main.o" "../src/main.s"
Finished building: ../src/main.s
 
Building target: PostfixArithmetic.elf
Invoking: MCU GCC Linker
arm-none-eabi-gcc -mcpu=cortex-m4 -mthumb -mfloat-abi=hard -mfpu=fpv4-sp-d16 -T"D:/MyFile/Engineering/microprocessor/nctu/Lab2/PostfixArithmetic/LinkerScript.ld" -Wl,-Map=output.map -Wl,--gc-sections -o "PostfixArithmetic.elf" @"objects.list"   -lm
Finished building target: PostfixArithmetic.elf
 
make --no-print-directory post-build
Generating binary and Printing size information:
arm-none-eabi-objcopy -O binary "PostfixArithmetic.elf" "PostfixArithmetic.bin"
arm-none-eabi-size "PostfixArithmetic.elf"
   text	   data	    bss	    dec	    hex	filename
   1128	   1224	   1088	   3440	    d70	PostfixArithmetic.elf
 
19:02:05 **** Incremental Build of configuration Debug for project PostfixArithmetic ****
make -j4 all 
make: Nothing to be done for 'all'.
19:02:32 **** Incremental Build of configuration Debug for project PostfixArithmetic ****
make -j4 all 
make: Nothing to be done for 'all'.
19:07:29 **** Incremental Build of configuration Debug for project PostfixArithmetic ****
make -j4 all 
Building file: ../src/main.s
Invoking: MCU GCC Assembler
D:\MyFile\Engineering\microprocessor\nctu\Lab2\PostfixArithmetic\Debug
arm-none-eabi-as -mcpu=cortex-m4 -mthumb -mfloat-abi=hard -mfpu=fpv4-sp-d16 -g -o "src/main.o" "../src/main.s"
Finished building: ../src/main.s
 
Building target: PostfixArithmetic.elf
Invoking: MCU GCC Linker
arm-none-eabi-gcc -mcpu=cortex-m4 -mthumb -mfloat-abi=hard -mfpu=fpv4-sp-d16 -T"D:/MyFile/Engineering/microprocessor/nctu/Lab2/PostfixArithmetic/LinkerScript.ld" -Wl,-Map=output.map -Wl,--gc-sections -o "PostfixArithmetic.elf" @"objects.list"   -lm
Finished building target: PostfixArithmetic.elf
 
make --no-print-directory post-build
Generating binary and Printing size information:
arm-none-eabi-objcopy -O binary "PostfixArithmetic.elf" "PostfixArithmetic.bin"
arm-none-eabi-size "PostfixArithmetic.elf"
   text	   data	    bss	    dec	    hex	filename
   1136	   1224	   1088	   3448	    d78	PostfixArithmetic.elf
 
19:07:51 **** Incremental Build of configuration Debug for project PostfixArithmetic ****
make -j4 all 
make: Nothing to be done for 'all'.
19:10:17 **** Incremental Build of configuration Debug for project PostfixArithmetic ****
make -j4 all 
Building file: ../src/main.s
Invoking: MCU GCC Assembler
D:\MyFile\Engineering\microprocessor\nctu\Lab2\PostfixArithmetic\Debug
arm-none-eabi-as -mcpu=cortex-m4 -mthumb -mfloat-abi=hard -mfpu=fpv4-sp-d16 -g -o "src/main.o" "../src/main.s"
Finished building: ../src/main.s
 
Building target: PostfixArithmetic.elf
Invoking: MCU GCC Linker
arm-none-eabi-gcc -mcpu=cortex-m4 -mthumb -mfloat-abi=hard -mfpu=fpv4-sp-d16 -T"D:/MyFile/Engineering/microprocessor/nctu/Lab2/PostfixArithmetic/LinkerScript.ld" -Wl,-Map=output.map -Wl,--gc-sections -o "PostfixArithmetic.elf" @"objects.list"   -lm
Finished building target: PostfixArithmetic.elf
 
make --no-print-directory post-build
Generating binary and Printing size information:
arm-none-eabi-objcopy -O binary "PostfixArithmetic.elf" "PostfixArithmetic.bin"
arm-none-eabi-size "PostfixArithmetic.elf"
   text	   data	    bss	    dec	    hex	filename
   1136	   1224	   1088	   3448	    d78	PostfixArithmetic.elf
 
19:16:07 **** Incremental Build of configuration Debug for project PostfixArithmetic ****
make -j4 all 
make: Nothing to be done for 'all'.
19:16:13 **** Incremental Build of configuration Debug for project PostfixArithmetic ****
make -j4 all 
make: Nothing to be done for 'all'.
19:19:17 **** Incremental Build of configuration Debug for project PostfixArithmetic ****
make -j4 all 
Building file: ../src/main.s
Invoking: MCU GCC Assembler
D:\MyFile\Engineering\microprocessor\nctu\Lab2\PostfixArithmetic\Debug
arm-none-eabi-as -mcpu=cortex-m4 -mthumb -mfloat-abi=hard -mfpu=fpv4-sp-d16 -g -o "src/main.o" "../src/main.s"
Finished building: ../src/main.s
 
Building target: PostfixArithmetic.elf
Invoking: MCU GCC Linker
arm-none-eabi-gcc -mcpu=cortex-m4 -mthumb -mfloat-abi=hard -mfpu=fpv4-sp-d16 -T"D:/MyFile/Engineering/microprocessor/nctu/Lab2/PostfixArithmetic/LinkerScript.ld" -Wl,-Map=output.map -Wl,--gc-sections -o "PostfixArithmetic.elf" @"objects.list"   -lm
Finished building target: PostfixArithmetic.elf
 
make --no-print-directory post-build
Generating binary and Printing size information:
arm-none-eabi-objcopy -O binary "PostfixArithmetic.elf" "PostfixArithmetic.bin"
arm-none-eabi-size "PostfixArithmetic.elf"
   text	   data	    bss	    dec	    hex	filename
   1136	   1224	   1088	   3448	    d78	PostfixArithmetic.elf
 
19:20:19 **** Incremental Build of configuration Debug for project PostfixArithmetic ****
make -j4 all 
make: Nothing to be done for 'all'.
19:20:45 **** Incremental Build of configuration Debug for project PostfixArithmetic ****
make -j4 all 
make: Nothing to be done for 'all'.
19:25:21 **** Incremental Build of configuration Debug for project PostfixArithmetic ****
make -j4 all 
Building file: ../src/main.s
Invoking: MCU GCC Assembler
D:\MyFile\Engineering\microprocessor\nctu\Lab2\PostfixArithmetic\Debug
arm-none-eabi-as -mcpu=cortex-m4 -mthumb -mfloat-abi=hard -mfpu=fpv4-sp-d16 -g -o "src/main.o" "../src/main.s"
../src/main.s: Assembler messages:
../src/main.s:42: Error: bad instruction `r2, [R2]'
src/subdir.mk:15: recipe for target 'src/main.o' failed
make: *** [src/main.o] Error 1
19:25:46 **** Incremental Build of configuration Debug for project PostfixArithmetic ****
make -j4 all 
Building file: ../src/main.s
Invoking: MCU GCC Assembler
D:\MyFile\Engineering\microprocessor\nctu\Lab2\PostfixArithmetic\Debug
arm-none-eabi-as -mcpu=cortex-m4 -mthumb -mfloat-abi=hard -mfpu=fpv4-sp-d16 -g -o "src/main.o" "../src/main.s"
Finished building: ../src/main.s
 
Building target: PostfixArithmetic.elf
Invoking: MCU GCC Linker
arm-none-eabi-gcc -mcpu=cortex-m4 -mthumb -mfloat-abi=hard -mfpu=fpv4-sp-d16 -T"D:/MyFile/Engineering/microprocessor/nctu/Lab2/PostfixArithmetic/LinkerScript.ld" -Wl,-Map=output.map -Wl,--gc-sections -o "PostfixArithmetic.elf" @"objects.list"   -lm
Finished building target: PostfixArithmetic.elf
 
make --no-print-directory post-build
Generating binary and Printing size information:
arm-none-eabi-objcopy -O binary "PostfixArithmetic.elf" "PostfixArithmetic.bin"
arm-none-eabi-size "PostfixArithmetic.elf"
   text	   data	    bss	    dec	    hex	filename
   1136	   1224	   1088	   3448	    d78	PostfixArithmetic.elf
 
19:27:56 **** Incremental Build of configuration Debug for project PostfixArithmetic ****
make -j4 all 
Building file: ../src/main.s
Invoking: MCU GCC Assembler
D:\MyFile\Engineering\microprocessor\nctu\Lab2\PostfixArithmetic\Debug
arm-none-eabi-as -mcpu=cortex-m4 -mthumb -mfloat-abi=hard -mfpu=fpv4-sp-d16 -g -o "src/main.o" "../src/main.s"
../src/main.s: Assembler messages:
../src/main.s: Error: unaligned opcodes detected in executable segment
make: *** [src/main.o] Error 1
src/subdir.mk:15: recipe for target 'src/main.o' failed
19:28:19 **** Incremental Build of configuration Debug for project PostfixArithmetic ****
make -j4 all 
Building file: ../src/main.s
Invoking: MCU GCC Assembler
D:\MyFile\Engineering\microprocessor\nctu\Lab2\PostfixArithmetic\Debug
arm-none-eabi-as -mcpu=cortex-m4 -mthumb -mfloat-abi=hard -mfpu=fpv4-sp-d16 -g -o "src/main.o" "../src/main.s"
Finished building: ../src/main.s
 
Building target: PostfixArithmetic.elf
Invoking: MCU GCC Linker
arm-none-eabi-gcc -mcpu=cortex-m4 -mthumb -mfloat-abi=hard -mfpu=fpv4-sp-d16 -T"D:/MyFile/Engineering/microprocessor/nctu/Lab2/PostfixArithmetic/LinkerScript.ld" -Wl,-Map=output.map -Wl,--gc-sections -o "PostfixArithmetic.elf" @"objects.list"   -lm
Finished building target: PostfixArithmetic.elf
 
make --no-print-directory post-build
Generating binary and Printing size information:
arm-none-eabi-objcopy -O binary "PostfixArithmetic.elf" "PostfixArithmetic.bin"
arm-none-eabi-size "PostfixArithmetic.elf"
   text	   data	    bss	    dec	    hex	filename
   1152	   1224	   1088	   3464	    d88	PostfixArithmetic.elf
 
19:57:20 **** Incremental Build of configuration Debug for project PostfixArithmetic ****
make -j4 all 
make: Nothing to be done for 'all'.
19:57:22 **** Incremental Build of configuration Debug for project PostfixArithmetic ****
make -j4 all 
make: Nothing to be done for 'all'.
19:57:31 **** Incremental Build of configuration Debug for project PostfixArithmetic ****
make -j4 all 
make: Nothing to be done for 'all'.
20:40:33 **** Incremental Build of configuration Debug for project PostfixArithmetic ****
make -j4 all 
make: Nothing to be done for 'all'.
20:48:13 **** Incremental Build of configuration Debug for project PostfixArithmetic ****
make -j4 all 
make: Nothing to be done for 'all'.
20:49:44 **** Incremental Build of configuration Debug for project PostfixArithmetic ****
make -j4 all 
make: Nothing to be done for 'all'.
20:49:44 **** Build of configuration Debug for project gcd ****
make -j4 all 
Building file: ../startup/startup_stm32.s
Building file: ../startup/sysmem.c
Building file: ../src/main.s
Invoking: MCU GCC Assembler
Invoking: MCU GCC Assembler
Invoking: MCU GCC Compiler
D:\MyFile\Engineering\microprocessor\nctu\Lab2\gcd\Debug
D:\MyFile\Engineering\microprocessor\nctu\Lab2\gcd\Debug
D:\MyFile\Engineering\microprocessor\nctu\Lab2\gcd\Debug
arm-none-eabi-as -mcpu=cortex-m4 -mthumb -mfloat-abi=hard -mfpu=fpv4-sp-d16 -g -o "startup/startup_stm32.o" "../startup/startup_stm32.s"
arm-none-eabi-gcc -mcpu=cortex-m4 -mthumb -mfloat-abi=hard -mfpu=fpv4-sp-d16 -DSTM32 -DSTM32L4 -DSTM32L476RGTx -DNUCLEO_L476RG -DDEBUG -O0 -g3 -Wall -fmessage-length=0 -ffunction-sections -c -MMD -MP -MF"startup/sysmem.d" -MT"startup/sysmem.o" -o "startup/sysmem.o" "../startup/sysmem.c"
arm-none-eabi-as -mcpu=cortex-m4 -mthumb -mfloat-abi=hard -mfpu=fpv4-sp-d16 -g -o "src/main.o" "../src/main.s"
../src/main.s: Assembler messages:
../src/main.s:13: Error: ARM register expected -- `ldr r4,[MSP]'
src/subdir.mk:15: recipe for target 'src/main.o' failed
../src/main.s:14: Error: constant expression expected -- `adds r7,MSP,4'
../src/main.s:31: Error: missing expression -- `blt'
Finished building: ../startup/startup_stm32.s
../src/main.s:41: Error: missing expression -- `pop'
../src/main.s:42: Error: missing expression -- `pop'
make: *** [src/main.o] Error 1
make: *** Waiting for unfinished jobs....
 
Finished building: ../startup/sysmem.c
 
20:49:54 **** Incremental Build of configuration Debug for project PostfixArithmetic ****
make -j4 all 
make: Nothing to be done for 'all'.
20:50:38 **** Incremental Build of configuration Debug for project PostfixArithmetic ****
make -j4 all 
make: Nothing to be done for 'all'.
20:50:38 **** Incremental Build of configuration Debug for project gcd ****
make -j4 all 
Building file: ../src/main.s
Invoking: MCU GCC Assembler
D:\MyFile\Engineering\microprocessor\nctu\Lab2\gcd\Debug
arm-none-eabi-as -mcpu=cortex-m4 -mthumb -mfloat-abi=hard -mfpu=fpv4-sp-d16 -g -o "src/main.o" "../src/main.s"
../src/main.s: Assembler messages:
../src/main.s:13: Error: ARM register expected -- `ldr r4,[MSP]'
../src/main.s:14: Error: constant expression expected -- `adds r7,MSP,4'
../src/main.s:31: Error: missing expression -- `blt'
../src/main.s:41: Error: missing expression -- `pop'
../src/main.s:42: Error: missing expression -- `pop'
src/subdir.mk:15: recipe for target 'src/main.o' failed
make: *** [src/main.o] Error 1
20:50:39 **** Clean-only build of configuration Debug for project lab2-gcd ****
make -j4 clean 
rm -rf *
 
20:50:39 **** Build of configuration Debug for project lab2-gcd ****
make -j4 all 
Building file: ../startup/startup_stm32.s
Building file: ../startup/sysmem.c
Building file: ../src/main.s
Invoking: MCU GCC Assembler
Invoking: MCU GCC Compiler
Invoking: MCU GCC Assembler
D:\MyFile\Engineering\microprocessor\nctu\Lab2\lab2-gcd\Debug
arm-none-eabi-as -mcpu=cortex-m4 -mthumb -mfloat-abi=hard -mfpu=fpv4-sp-d16 -g -o "startup/startup_stm32.o" "../startup/startup_stm32.s"
D:\MyFile\Engineering\microprocessor\nctu\Lab2\lab2-gcd\Debug
arm-none-eabi-gcc -mcpu=cortex-m4 -mthumb -mfloat-abi=hard -mfpu=fpv4-sp-d16 -DSTM32 -DSTM32L4 -DSTM32L476RGTx -DNUCLEO_L476RG -DDEBUG -O0 -g3 -Wall -fmessage-length=0 -ffunction-sections -c -MMD -MP -MF"startup/sysmem.d" -MT"startup/sysmem.o" -o "startup/sysmem.o" "../startup/sysmem.c"
D:\MyFile\Engineering\microprocessor\nctu\Lab2\lab2-gcd\Debug
arm-none-eabi-as -mcpu=cortex-m4 -mthumb -mfloat-abi=hard -mfpu=fpv4-sp-d16 -g -o "src/main.o" "../src/main.s"
../src/main.s: Assembler messages:
../src/main.s:53: Warning: register range not in ascending order
../src/main.s:53: Warning: register range not in ascending order
../src/main.s:60: Warning: register range not in ascending order
../src/main.s:60: Warning: register range not in ascending order
../src/main.s:69: Warning: register range not in ascending order
../src/main.s:69: Warning: register range not in ascending order
../src/main.s:78: Warning: register range not in ascending order
../src/main.s:78: Warning: register range not in ascending order
../src/main.s:85: Warning: register range not in ascending order
../src/main.s:85: Warning: register range not in ascending order
Finished building: ../startup/startup_stm32.s
 
Finished building: ../src/main.s
 
Finished building: ../startup/sysmem.c
 
Building target: lab2-gcd.elf
Invoking: MCU GCC Linker
arm-none-eabi-gcc -mcpu=cortex-m4 -mthumb -mfloat-abi=hard -mfpu=fpv4-sp-d16 -T"D:/MyFile/Engineering/microprocessor/nctu/Lab2/lab2-gcd/LinkerScript.ld" -Wl,-Map=output.map -Wl,--gc-sections -o "lab2-gcd.elf" @"objects.list"   -lm
Finished building target: lab2-gcd.elf
 
make --no-print-directory post-build
Generating binary and Printing size information:
arm-none-eabi-objcopy -O binary "lab2-gcd.elf" "lab2-gcd.bin"
arm-none-eabi-size "lab2-gcd.elf"
   text	   data	    bss	    dec	    hex	filename
   1128	   1096	   1088	   3312	    cf0	lab2-gcd.elf
 
20:50:51 **** Incremental Build of configuration Debug for project lab2-gcd ****
make -j4 all 
make: Nothing to be done for 'all'.
20:50:52 **** Incremental Build of configuration Debug for project lab2-gcd ****
make -j4 all 
make: Nothing to be done for 'all'.
20:52:28 **** Incremental Build of configuration Debug for project lab2-gcd ****
make -j4 all 
Building file: ../src/main.s
Invoking: MCU GCC Assembler
D:\MyFile\Engineering\microprocessor\nctu\Lab2\lab2-gcd\Debug
arm-none-eabi-as -mcpu=cortex-m4 -mthumb -mfloat-abi=hard -mfpu=fpv4-sp-d16 -g -o "src/main.o" "../src/main.s"
../src/main.s: Assembler messages:
../src/main.s:53: Warning: register range not in ascending order
../src/main.s:53: Warning: register range not in ascending order
../src/main.s:60: Warning: register range not in ascending order
../src/main.s:60: Warning: register range not in ascending order
../src/main.s:69: Warning: register range not in ascending order
../src/main.s:69: Warning: register range not in ascending order
../src/main.s:78: Warning: register range not in ascending order
../src/main.s:78: Warning: register range not in ascending order
../src/main.s:85: Warning: register range not in ascending order
../src/main.s:85: Warning: register range not in ascending order
Finished building: ../src/main.s
 
Building target: lab2-gcd.elf
Invoking: MCU GCC Linker
arm-none-eabi-gcc -mcpu=cortex-m4 -mthumb -mfloat-abi=hard -mfpu=fpv4-sp-d16 -T"D:/MyFile/Engineering/microprocessor/nctu/Lab2/lab2-gcd/LinkerScript.ld" -Wl,-Map=output.map -Wl,--gc-sections -o "lab2-gcd.elf" @"objects.list"   -lm
Finished building target: lab2-gcd.elf
 
make --no-print-directory post-build
Generating binary and Printing size information:
arm-none-eabi-objcopy -O binary "lab2-gcd.elf" "lab2-gcd.bin"
arm-none-eabi-size "lab2-gcd.elf"
   text	   data	    bss	    dec	    hex	filename
   1128	   1096	   1088	   3312	    cf0	lab2-gcd.elf
 
20:52:30 **** Incremental Build of configuration Debug for project lab2-gcd ****
make -j4 all 
make: Nothing to be done for 'all'.
20:53:43 **** Incremental Build of configuration Debug for project PostfixArithmetic ****
make -j4 all 
make: Nothing to be done for 'all'.
20:54:47 **** Incremental Build of configuration Debug for project PostfixArithmetic ****
make -j4 all 
Building file: ../src/main.s
Invoking: MCU GCC Assembler
D:\MyFile\Engineering\microprocessor\nctu\Lab2\PostfixArithmetic\Debug
arm-none-eabi-as -mcpu=cortex-m4 -mthumb -mfloat-abi=hard -mfpu=fpv4-sp-d16 -g -o "src/main.o" "../src/main.s"
Finished building: ../src/main.s
 
Building target: PostfixArithmetic.elf
Invoking: MCU GCC Linker
arm-none-eabi-gcc -mcpu=cortex-m4 -mthumb -mfloat-abi=hard -mfpu=fpv4-sp-d16 -T"D:/MyFile/Engineering/microprocessor/nctu/Lab2/PostfixArithmetic/LinkerScript.ld" -Wl,-Map=output.map -Wl,--gc-sections -o "PostfixArithmetic.elf" @"objects.list"   -lm
Finished building target: PostfixArithmetic.elf
 
make --no-print-directory post-build
Generating binary and Printing size information:
arm-none-eabi-objcopy -O binary "PostfixArithmetic.elf" "PostfixArithmetic.bin"
arm-none-eabi-size "PostfixArithmetic.elf"
   text	   data	    bss	    dec	    hex	filename
   1144	   1224	   1088	   3456	    d80	PostfixArithmetic.elf
 
20:55:42 **** Incremental Build of configuration Debug for project PostfixArithmetic ****
make -j4 all 
make: Nothing to be done for 'all'.
20:57:37 **** Incremental Build of configuration Debug for project PostfixArithmetic ****
make -j4 all 
make: Nothing to be done for 'all'.
20:57:39 **** Incremental Build of configuration Debug for project PostfixArithmetic ****
make -j4 all 
make: Nothing to be done for 'all'.
20:59:05 **** Incremental Build of configuration Debug for project PostfixArithmetic ****
make -j4 all 
make: Nothing to be done for 'all'.
21:00:38 **** Incremental Build of configuration Debug for project PostfixArithmetic ****
make -j4 all 
make: Nothing to be done for 'all'.
21:02:21 **** Incremental Build of configuration Debug for project PostfixArithmetic ****
make -j4 all 
Building file: ../src/main.s
Invoking: MCU GCC Assembler
D:\MyFile\Engineering\microprocessor\nctu\Lab2\PostfixArithmetic\Debug
arm-none-eabi-as -mcpu=cortex-m4 -mthumb -mfloat-abi=hard -mfpu=fpv4-sp-d16 -g -o "src/main.o" "../src/main.s"
../src/main.s: Assembler messages:
../src/main.s: Error: unaligned opcodes detected in executable segment
src/subdir.mk:15: recipe for target 'src/main.o' failed
make: *** [src/main.o] Error 1
21:11:08 **** Incremental Build of configuration Debug for project PostfixArithmetic ****
make -j4 all 
Building file: ../src/main.s
Invoking: MCU GCC Assembler
D:\MyFile\Engineering\microprocessor\nctu\Lab2\PostfixArithmetic\Debug
arm-none-eabi-as -mcpu=cortex-m4 -mthumb -mfloat-abi=hard -mfpu=fpv4-sp-d16 -g -o "src/main.o" "../src/main.s"
Finished building: ../src/main.s
 
Building target: PostfixArithmetic.elf
Invoking: MCU GCC Linker
arm-none-eabi-gcc -mcpu=cortex-m4 -mthumb -mfloat-abi=hard -mfpu=fpv4-sp-d16 -T"D:/MyFile/Engineering/microprocessor/nctu/Lab2/PostfixArithmetic/LinkerScript.ld" -Wl,-Map=output.map -Wl,--gc-sections -o "PostfixArithmetic.elf" @"objects.list"   -lm
Finished building target: PostfixArithmetic.elf
 
make --no-print-directory post-build
Generating binary and Printing size information:
arm-none-eabi-objcopy -O binary "PostfixArithmetic.elf" "PostfixArithmetic.bin"
arm-none-eabi-size "PostfixArithmetic.elf"
   text	   data	    bss	    dec	    hex	filename
   1184	   1224	   1088	   3496	    da8	PostfixArithmetic.elf
 
21:12:04 **** Incremental Build of configuration Debug for project PostfixArithmetic ****
make -j4 all 
make: Nothing to be done for 'all'.
21:12:42 **** Incremental Build of configuration Debug for project PostfixArithmetic ****
make -j4 all 
make: Nothing to be done for 'all'.
21:14:19 **** Incremental Build of configuration Debug for project PostfixArithmetic ****
make -j4 all 
Building file: ../src/main.s
Invoking: MCU GCC Assembler
D:\MyFile\Engineering\microprocessor\nctu\Lab2\PostfixArithmetic\Debug
arm-none-eabi-as -mcpu=cortex-m4 -mthumb -mfloat-abi=hard -mfpu=fpv4-sp-d16 -g -o "src/main.o" "../src/main.s"
Finished building: ../src/main.s
 
Building target: PostfixArithmetic.elf
Invoking: MCU GCC Linker
arm-none-eabi-gcc -mcpu=cortex-m4 -mthumb -mfloat-abi=hard -mfpu=fpv4-sp-d16 -T"D:/MyFile/Engineering/microprocessor/nctu/Lab2/PostfixArithmetic/LinkerScript.ld" -Wl,-Map=output.map -Wl,--gc-sections -o "PostfixArithmetic.elf" @"objects.list"   -lm
Finished building target: PostfixArithmetic.elf
 
make --no-print-directory post-build
Generating binary and Printing size information:
arm-none-eabi-objcopy -O binary "PostfixArithmetic.elf" "PostfixArithmetic.bin"
arm-none-eabi-size "PostfixArithmetic.elf"
   text	   data	    bss	    dec	    hex	filename
   1176	   1224	   1088	   3488	    da0	PostfixArithmetic.elf
 
21:15:50 **** Incremental Build of configuration Debug for project PostfixArithmetic ****
make -j4 all 
make: Nothing to be done for 'all'.
