15:06:21 **** Incremental Build of configuration Debug for project AdvanceAlarm ****
make -j4 all 
Building file: ../startup/sysmem.c
Building file: ../src/main.c
Invoking: MCU GCC Compiler
Invoking: MCU GCC Compiler
D:\MyFile\Engineering\microprocessor\nctu\Project\AdvanceAlarm\Debug
arm-none-eabi-gcc -mcpu=cortex-m4 -mthumb -mfloat-abi=hard -mfpu=fpv4-sp-d16 -DSTM32 -DSTM32L4 -DSTM32L476RGTx -DNUCLEO_L476RG -DDEBUG -ID:/MyFile/Engineering/microprocessor/nctu/Project/AdvanceAlarm/inc -O0 -g3 -Wall -fmessage-length=0 -ffunction-sections -c -MMD -MP -MF"startup/sysmem.d" -MT"startup/sysmem.o" -o "startup/sysmem.o" "../startup/sysmem.c"
D:\MyFile\Engineering\microprocessor\nctu\Project\AdvanceAlarm\Debug
arm-none-eabi-gcc -mcpu=cortex-m4 -mthumb -mfloat-abi=hard -mfpu=fpv4-sp-d16 -DSTM32 -DSTM32L4 -DSTM32L476RGTx -DNUCLEO_L476RG -DDEBUG -ID:/MyFile/Engineering/microprocessor/nctu/Project/AdvanceAlarm/inc -O0 -g3 -Wall -fmessage-length=0 -ffunction-sections -c -MMD -MP -MF"src/main.d" -MT"src/main.o" -o "src/main.o" "../src/main.c"
Finished building: ../src/main.c
 
Finished building: ../startup/sysmem.c
 
Building target: AdvanceAlarm.elf
Invoking: MCU GCC Linker
arm-none-eabi-gcc -mcpu=cortex-m4 -mthumb -mfloat-abi=hard -mfpu=fpv4-sp-d16 -T"D:/MyFile/Engineering/microprocessor/nctu/Project/AdvanceAlarm/LinkerScript.ld" -Wl,-Map=output.map -Wl,--gc-sections -o "AdvanceAlarm.elf" @"objects.list"   -lm
Finished building target: AdvanceAlarm.elf
 
make --no-print-directory post-build
Generating binary and Printing size information:
arm-none-eabi-objcopy -O binary "AdvanceAlarm.elf" "AdvanceAlarm.bin"
arm-none-eabi-size "AdvanceAlarm.elf"
   text	   data	    bss	    dec	    hex	filename
    944	   1088	   1088	   3120	    c30	AdvanceAlarm.elf
 
