18:30:02 **** Incremental Build of configuration Debug for project AdvanceAlarm ****
make -j4 all 
Building target: AdvanceAlarm.elf
Invoking: MCU GCC Linker
arm-none-eabi-gcc -mcpu=cortex-m4 -mthumb -mfloat-abi=hard -mfpu=fpv4-sp-d16 -T"D:/MyFile/Engineering/microprocessor/nctu/Project/AdvanceAlarm/LinkerScript.ld" -Wl,-Map=output.map -Wl,--gc-sections -o "AdvanceAlarm.elf" @"objects.list"   -lm
d:/myfile/engineering/microprocessor/sw4stm/plugins/fr.ac6.mcu.externaltools.arm-none.win32_1.17.0.201812190825/tools/compiler/bin/../lib/gcc/arm-none-eabi/7.3.1/../../../../arm-none-eabi/lib/thumb/v7e-m/fpv4-sp/hard\libc.a(lib_a-writer.o): In function `_write_r':
writer.c:(.text._write_r+0x12): undefined reference to `_write'
d:/myfile/engineering/microprocessor/sw4stm/plugins/fr.ac6.mcu.externaltools.arm-none.win32_1.17.0.201812190825/tools/compiler/bin/../lib/gcc/arm-none-eabi/7.3.1/../../../../arm-none-eabi/lib/thumb/v7e-m/fpv4-sp/hard\libc.a(lib_a-closer.o): In function `_close_r':
closer.c:(.text._close_r+0xc): undefined reference to `_close'
d:/myfile/engineering/microprocessor/sw4stm/plugins/fr.ac6.mcu.externaltools.arm-none.win32_1.17.0.201812190825/tools/compiler/bin/../lib/gcc/arm-none-eabi/7.3.1/../../../../arm-none-eabi/lib/thumb/v7e-m/fpv4-sp/hard\libc.a(lib_a-fstatr.o): In function `_fstat_r':
fstatr.c:(.text._fstat_r+0x10): undefined reference to `_fstat'
d:/myfile/engineering/microprocessor/sw4stm/plugins/fr.ac6.mcu.externaltools.arm-none.win32_1.17.0.201812190825/tools/compiler/bin/../lib/gcc/arm-none-eabi/7.3.1/../../../../arm-none-eabi/lib/thumb/v7e-m/fpv4-sp/hard\libc.a(lib_a-isattyr.o): In function `_isatty_r':
isattyr.c:(.text._isatty_r+0xc): undefined reference to `_isatty'
d:/myfile/engineering/microprocessor/sw4stm/plugins/fr.ac6.mcu.externaltools.arm-none.win32_1.17.0.201812190825/tools/compiler/bin/../lib/gcc/arm-none-eabi/7.3.1/../../../../arm-none-eabi/lib/thumb/v7e-m/fpv4-sp/hard\libc.a(lib_a-lseekr.o): In function `_lseek_r':
lseekr.c:(.text._lseek_r+0x12): undefined reference to `_lseek'
d:/myfile/engineering/microprocessor/sw4stm/plugins/fr.ac6.mcu.externaltools.arm-none.win32_1.17.0.201812190825/tools/compiler/bin/../lib/gcc/arm-none-eabi/7.3.1/../../../../arm-none-eabi/lib/thumb/v7e-m/fpv4-sp/hard\libc.a(lib_a-readr.o): In function `_read_r':
readr.c:(.text._read_r+0x12): undefined reference to `_read'
collect2.exe: error: ld returned 1 exit status
makefile:34: recipe for target 'AdvanceAlarm.elf' failed
make: *** [AdvanceAlarm.elf] Error 1
18:30:06 **** Incremental Build of configuration Debug for project AdvanceAlarm ****
make -j4 all 
Building target: AdvanceAlarm.elf
Invoking: MCU GCC Linker
arm-none-eabi-gcc -mcpu=cortex-m4 -mthumb -mfloat-abi=hard -mfpu=fpv4-sp-d16 -T"D:/MyFile/Engineering/microprocessor/nctu/Project/AdvanceAlarm/LinkerScript.ld" -Wl,-Map=output.map -Wl,--gc-sections -o "AdvanceAlarm.elf" @"objects.list"   -lm
d:/myfile/engineering/microprocessor/sw4stm/plugins/fr.ac6.mcu.externaltools.arm-none.win32_1.17.0.201812190825/tools/compiler/bin/../lib/gcc/arm-none-eabi/7.3.1/../../../../arm-none-eabi/lib/thumb/v7e-m/fpv4-sp/hard\libc.a(lib_a-writer.o): In function `_write_r':
writer.c:(.text._write_r+0x12): undefined reference to `_write'
d:/myfile/engineering/microprocessor/sw4stm/plugins/fr.ac6.mcu.externaltools.arm-none.win32_1.17.0.201812190825/tools/compiler/bin/../lib/gcc/arm-none-eabi/7.3.1/../../../../arm-none-eabi/lib/thumb/v7e-m/fpv4-sp/hard\libc.a(lib_a-closer.o): In function `_close_r':
closer.c:(.text._close_r+0xc): undefined reference to `_close'
d:/myfile/engineering/microprocessor/sw4stm/plugins/fr.ac6.mcu.externaltools.arm-none.win32_1.17.0.201812190825/tools/compiler/bin/../lib/gcc/arm-none-eabi/7.3.1/../../../../arm-none-eabi/lib/thumb/v7e-m/fpv4-sp/hard\libc.a(lib_a-fstatr.o): In function `_fstat_r':
fstatr.c:(.text._fstat_r+0x10): undefined reference to `_fstat'
d:/myfile/engineering/microprocessor/sw4stm/plugins/fr.ac6.mcu.externaltools.arm-none.win32_1.17.0.201812190825/tools/compiler/bin/../lib/gcc/arm-none-eabi/7.3.1/../../../../arm-none-eabi/lib/thumb/v7e-m/fpv4-sp/hard\libc.a(lib_a-isattyr.o): In function `_isatty_r':
isattyr.c:(.text._isatty_r+0xc): undefined reference to `_isatty'
d:/myfile/engineering/microprocessor/sw4stm/plugins/fr.ac6.mcu.externaltools.arm-none.win32_1.17.0.201812190825/tools/compiler/bin/../lib/gcc/arm-none-eabi/7.3.1/../../../../arm-none-eabi/lib/thumb/v7e-m/fpv4-sp/hard\libc.a(lib_a-lseekr.o): In function `_lseek_r':
lseekr.c:(.text._lseek_r+0x12): undefined reference to `_lseek'
d:/myfile/engineering/microprocessor/sw4stm/plugins/fr.ac6.mcu.externaltools.arm-none.win32_1.17.0.201812190825/tools/compiler/bin/../lib/gcc/arm-none-eabi/7.3.1/../../../../arm-none-eabi/lib/thumb/v7e-m/fpv4-sp/hard\libc.a(lib_a-readr.o): In function `_read_r':
readr.c:(.text._read_r+0x12): undefined reference to `_read'
collect2.exe: error: ld returned 1 exit status
makefile:34: recipe for target 'AdvanceAlarm.elf' failed
make: *** [AdvanceAlarm.elf] Error 1
18:35:12 **** Incremental Build of configuration Debug for project AdvanceAlarm ****
make -j4 all 
Building target: AdvanceAlarm.elf
Invoking: MCU GCC Linker
arm-none-eabi-gcc -mcpu=cortex-m4 -mthumb -mfloat-abi=hard -mfpu=fpv4-sp-d16 -T"D:/MyFile/Engineering/microprocessor/nctu/Project/AdvanceAlarm/LinkerScript.ld" -Wl,-Map=output.map -Wl,--gc-sections -o "AdvanceAlarm.elf" @"objects.list"   -lm
d:/myfile/engineering/microprocessor/sw4stm/plugins/fr.ac6.mcu.externaltools.arm-none.win32_1.17.0.201812190825/tools/compiler/bin/../lib/gcc/arm-none-eabi/7.3.1/../../../../arm-none-eabi/lib/thumb/v7e-m/fpv4-sp/hard\libc.a(lib_a-writer.o): In function `_write_r':
writer.c:(.text._write_r+0x12): undefined reference to `_write'
d:/myfile/engineering/microprocessor/sw4stm/plugins/fr.ac6.mcu.externaltools.arm-none.win32_1.17.0.201812190825/tools/compiler/bin/../lib/gcc/arm-none-eabi/7.3.1/../../../../arm-none-eabi/lib/thumb/v7e-m/fpv4-sp/hard\libc.a(lib_a-closer.o): In function `_close_r':
closer.c:(.text._close_r+0xc): undefined reference to `_close'
d:/myfile/engineering/microprocessor/sw4stm/plugins/fr.ac6.mcu.externaltools.arm-none.win32_1.17.0.201812190825/tools/compiler/bin/../lib/gcc/arm-none-eabi/7.3.1/../../../../arm-none-eabi/lib/thumb/v7e-m/fpv4-sp/hard\libc.a(lib_a-fstatr.o): In function `_fstat_r':
fstatr.c:(.text._fstat_r+0x10): undefined reference to `_fstat'
d:/myfile/engineering/microprocessor/sw4stm/plugins/fr.ac6.mcu.externaltools.arm-none.win32_1.17.0.201812190825/tools/compiler/bin/../lib/gcc/arm-none-eabi/7.3.1/../../../../arm-none-eabi/lib/thumb/v7e-m/fpv4-sp/hard\libc.a(lib_a-isattyr.o): In function `_isatty_r':
isattyr.c:(.text._isatty_r+0xc): undefined reference to `_isatty'
d:/myfile/engineering/microprocessor/sw4stm/plugins/fr.ac6.mcu.externaltools.arm-none.win32_1.17.0.201812190825/tools/compiler/bin/../lib/gcc/arm-none-eabi/7.3.1/../../../../arm-none-eabi/lib/thumb/v7e-m/fpv4-sp/hard\libc.a(lib_a-lseekr.o): In function `_lseek_r':
lseekr.c:(.text._lseek_r+0x12): undefined reference to `_lseek'
d:/myfile/engineering/microprocessor/sw4stm/plugins/fr.ac6.mcu.externaltools.arm-none.win32_1.17.0.201812190825/tools/compiler/bin/../lib/gcc/arm-none-eabi/7.3.1/../../../../arm-none-eabi/lib/thumb/v7e-m/fpv4-sp/hard\libc.a(lib_a-readr.o): In function `_read_r':
readr.c:(.text._read_r+0x12): undefined reference to `_read'
collect2.exe: error: ld returned 1 exit status
make: *** [AdvanceAlarm.elf] Error 1
makefile:34: recipe for target 'AdvanceAlarm.elf' failed
18:35:28 **** Incremental Build of configuration Debug for project AdvanceAlarm ****
make -j4 all 
Building target: AdvanceAlarm.elf
Invoking: MCU GCC Linker
arm-none-eabi-gcc -mcpu=cortex-m4 -mthumb -mfloat-abi=hard -mfpu=fpv4-sp-d16 -T"D:/MyFile/Engineering/microprocessor/nctu/Project/AdvanceAlarm/LinkerScript.ld" -Wl,-Map=output.map -Wl,--gc-sections -o "AdvanceAlarm.elf" @"objects.list"   -lm
d:/myfile/engineering/microprocessor/sw4stm/plugins/fr.ac6.mcu.externaltools.arm-none.win32_1.17.0.201812190825/tools/compiler/bin/../lib/gcc/arm-none-eabi/7.3.1/../../../../arm-none-eabi/lib/thumb/v7e-m/fpv4-sp/hard\libc.a(lib_a-writer.o): In function `_write_r':
writer.c:(.text._write_r+0x12): undefined reference to `_write'
d:/myfile/engineering/microprocessor/sw4stm/plugins/fr.ac6.mcu.externaltools.arm-none.win32_1.17.0.201812190825/tools/compiler/bin/../lib/gcc/arm-none-eabi/7.3.1/../../../../arm-none-eabi/lib/thumb/v7e-m/fpv4-sp/hard\libc.a(lib_a-closer.o): In function `_close_r':
closer.c:(.text._close_r+0xc): undefined reference to `_close'
d:/myfile/engineering/microprocessor/sw4stm/plugins/fr.ac6.mcu.externaltools.arm-none.win32_1.17.0.201812190825/tools/compiler/bin/../lib/gcc/arm-none-eabi/7.3.1/../../../../arm-none-eabi/lib/thumb/v7e-m/fpv4-sp/hard\libc.a(lib_a-fstatr.o): In function `_fstat_r':
fstatr.c:(.text._fstat_r+0x10): undefined reference to `_fstat'
d:/myfile/engineering/microprocessor/sw4stm/plugins/fr.ac6.mcu.externaltools.arm-none.win32_1.17.0.201812190825/tools/compiler/bin/../lib/gcc/arm-none-eabi/7.3.1/../../../../arm-none-eabi/lib/thumb/v7e-m/fpv4-sp/hard\libc.a(lib_a-isattyr.o): In function `_isatty_r':
isattyr.c:(.text._isatty_r+0xc): undefined reference to `_isatty'
d:/myfile/engineering/microprocessor/sw4stm/plugins/fr.ac6.mcu.externaltools.arm-none.win32_1.17.0.201812190825/tools/compiler/bin/../lib/gcc/arm-none-eabi/7.3.1/../../../../arm-none-eabi/lib/thumb/v7e-m/fpv4-sp/hard\libc.a(lib_a-lseekr.o): In function `_lseek_r':
lseekr.c:(.text._lseek_r+0x12): undefined reference to `_lseek'
d:/myfile/engineering/microprocessor/sw4stm/plugins/fr.ac6.mcu.externaltools.arm-none.win32_1.17.0.201812190825/tools/compiler/bin/../lib/gcc/arm-none-eabi/7.3.1/../../../../arm-none-eabi/lib/thumb/v7e-m/fpv4-sp/hard\libc.a(lib_a-readr.o): In function `_read_r':
readr.c:(.text._read_r+0x12): undefined reference to `_read'
collect2.exe: error: ld returned 1 exit status
make: *** [AdvanceAlarm.elf] Error 1
makefile:34: recipe for target 'AdvanceAlarm.elf' failed
18:36:12 **** Incremental Build of configuration Debug for project AdvanceAlarm ****
make -j4 all 
Building file: ../src/main.c
Invoking: MCU GCC Compiler
D:\MyFile\Engineering\microprocessor\nctu\Project\AdvanceAlarm\Debug
arm-none-eabi-gcc -mcpu=cortex-m4 -mthumb -mfloat-abi=hard -mfpu=fpv4-sp-d16 -DSTM32 -DSTM32L4 -DSTM32L476RGTx -DNUCLEO_L476RG -DDEBUG -ID:/MyFile/Engineering/microprocessor/nctu/Project/AdvanceAlarm/inc -O0 -g3 -Wall -fmessage-length=0 -ffunction-sections -c -MMD -MP -MF"src/main.d" -MT"src/main.o" -o "src/main.o" "../src/main.c"
In file included from ../src/main.c:2:0:
../src/utility.h: In function 'HCSR04GetDistance':
../src/utility.h:121:6: warning: variable 'timeval' set but not used [-Wunused-but-set-variable]
  int timeval;
      ^~~~~~~
Finished building: ../src/main.c
 
Building target: AdvanceAlarm.elf
Invoking: MCU GCC Linker
arm-none-eabi-gcc -mcpu=cortex-m4 -mthumb -mfloat-abi=hard -mfpu=fpv4-sp-d16 -T"D:/MyFile/Engineering/microprocessor/nctu/Project/AdvanceAlarm/LinkerScript.ld" -Wl,-Map=output.map -Wl,--gc-sections -o "AdvanceAlarm.elf" @"objects.list"   -lm
Finished building target: AdvanceAlarm.elf
 
make --no-print-directory post-build
Generating binary and Printing size information:
arm-none-eabi-objcopy -O binary "AdvanceAlarm.elf" "AdvanceAlarm.bin"
arm-none-eabi-size "AdvanceAlarm.elf"
   text	   data	    bss	    dec	    hex	filename
   1112	   1088	   1088	   3288	    cd8	AdvanceAlarm.elf
 
18:36:20 **** Incremental Build of configuration Debug for project AdvanceAlarm ****
make -j4 all 
make: Nothing to be done for 'all'.
18:36:47 **** Incremental Build of configuration Debug for project AdvanceAlarm ****
make -j4 all 
make: Nothing to be done for 'all'.
18:36:56 **** Incremental Build of configuration Debug for project AdvanceAlarm ****
make -j4 all 
make: Nothing to be done for 'all'.
19:02:04 **** Incremental Build of configuration Debug for project AdvanceAlarm ****
make -j4 all 
Building file: ../src/main.c
Invoking: MCU GCC Compiler
D:\MyFile\Engineering\microprocessor\nctu\Project\AdvanceAlarm\Debug
arm-none-eabi-gcc -mcpu=cortex-m4 -mthumb -mfloat-abi=hard -mfpu=fpv4-sp-d16 -DSTM32 -DSTM32L4 -DSTM32L476RGTx -DNUCLEO_L476RG -DDEBUG -ID:/MyFile/Engineering/microprocessor/nctu/Project/AdvanceAlarm/inc -O0 -g3 -Wall -fmessage-length=0 -ffunction-sections -c -MMD -MP -MF"src/main.d" -MT"src/main.o" -o "src/main.o" "../src/main.c"
In file included from ../src/main.c:2:0:
../src/utility.h: In function 'HCSR04GetDistance':
../src/utility.h:121:6: warning: variable 'timeval' set but not used [-Wunused-but-set-variable]
  int timeval;
      ^~~~~~~
Finished building: ../src/main.c
 
Building target: AdvanceAlarm.elf
Invoking: MCU GCC Linker
arm-none-eabi-gcc -mcpu=cortex-m4 -mthumb -mfloat-abi=hard -mfpu=fpv4-sp-d16 -T"D:/MyFile/Engineering/microprocessor/nctu/Project/AdvanceAlarm/LinkerScript.ld" -Wl,-Map=output.map -Wl,--gc-sections -o "AdvanceAlarm.elf" @"objects.list"   -lm
Finished building target: AdvanceAlarm.elf
 
make --no-print-directory post-build
Generating binary and Printing size information:
arm-none-eabi-objcopy -O binary "AdvanceAlarm.elf" "AdvanceAlarm.bin"
arm-none-eabi-size "AdvanceAlarm.elf"
   text	   data	    bss	    dec	    hex	filename
   1520	   1088	   1088	   3696	    e70	AdvanceAlarm.elf
 
19:05:07 **** Incremental Build of configuration Debug for project AdvanceAlarm ****
make -j4 all 
make: Nothing to be done for 'all'.
19:05:11 **** Incremental Build of configuration Debug for project AdvanceAlarm ****
make -j4 all 
make: Nothing to be done for 'all'.
19:05:17 **** Incremental Build of configuration Debug for project AdvanceAlarm ****
make -j4 all 
make: Nothing to be done for 'all'.
19:05:28 **** Incremental Build of configuration Debug for project AdvanceAlarm ****
make -j4 all 
make: Nothing to be done for 'all'.
19:05:54 **** Incremental Build of configuration Debug for project AdvanceAlarm ****
make -j4 all 
Building file: ../src/main.c
Invoking: MCU GCC Compiler
D:\MyFile\Engineering\microprocessor\nctu\Project\AdvanceAlarm\Debug
arm-none-eabi-gcc -mcpu=cortex-m4 -mthumb -mfloat-abi=hard -mfpu=fpv4-sp-d16 -DSTM32 -DSTM32L4 -DSTM32L476RGTx -DNUCLEO_L476RG -DDEBUG -ID:/MyFile/Engineering/microprocessor/nctu/Project/AdvanceAlarm/inc -O0 -g3 -Wall -fmessage-length=0 -ffunction-sections -c -MMD -MP -MF"src/main.d" -MT"src/main.o" -o "src/main.o" "../src/main.c"
In file included from ../src/main.c:2:0:
../src/utility.h: In function 'HCSR04GetDistance':
../src/utility.h:121:6: warning: variable 'timeval' set but not used [-Wunused-but-set-variable]
  int timeval;
      ^~~~~~~
Finished building: ../src/main.c
 
Building target: AdvanceAlarm.elf
Invoking: MCU GCC Linker
arm-none-eabi-gcc -mcpu=cortex-m4 -mthumb -mfloat-abi=hard -mfpu=fpv4-sp-d16 -T"D:/MyFile/Engineering/microprocessor/nctu/Project/AdvanceAlarm/LinkerScript.ld" -Wl,-Map=output.map -Wl,--gc-sections -o "AdvanceAlarm.elf" @"objects.list"   -lm
Finished building target: AdvanceAlarm.elf
 
make --no-print-directory post-build
Generating binary and Printing size information:
arm-none-eabi-objcopy -O binary "AdvanceAlarm.elf" "AdvanceAlarm.bin"
arm-none-eabi-size "AdvanceAlarm.elf"
   text	   data	    bss	    dec	    hex	filename
    944	   1088	   1088	   3120	    c30	AdvanceAlarm.elf
 
19:06:24 **** Incremental Build of configuration Debug for project AdvanceAlarm ****
make -j4 all 
make: Nothing to be done for 'all'.
19:06:59 **** Incremental Build of configuration Debug for project AdvanceAlarm ****
make -j4 all 
make: Nothing to be done for 'all'.
19:07:14 **** Incremental Build of configuration Debug for project AdvanceAlarm ****
make -j4 all 
make: Nothing to be done for 'all'.
19:07:25 **** Incremental Build of configuration Debug for project AdvanceAlarm ****
make -j4 all 
make: Nothing to be done for 'all'.
19:07:29 **** Incremental Build of configuration Debug for project AdvanceAlarm ****
make -j4 all 
make: Nothing to be done for 'all'.
19:07:51 **** Incremental Build of configuration Debug for project AdvanceAlarm ****
make -j4 all 
make: Nothing to be done for 'all'.
19:07:58 **** Incremental Build of configuration Debug for project AdvanceAlarm ****
make -j4 all 
make: Nothing to be done for 'all'.
19:08:04 **** Incremental Build of configuration Debug for project AdvanceAlarm ****
make -j4 all 
make: Nothing to be done for 'all'.
19:09:13 **** Incremental Build of configuration Debug for project AdvanceAlarm ****
make -j4 all 
make: Nothing to be done for 'all'.
19:10:08 **** Incremental Build of configuration Debug for project AdvanceAlarm ****
make -j4 all 
make: Nothing to be done for 'all'.
19:10:39 **** Incremental Build of configuration Debug for project AdvanceAlarm ****
make -j4 all 
make: Nothing to be done for 'all'.
19:10:43 **** Incremental Build of configuration Debug for project AdvanceAlarm ****
make -j4 all 
make: Nothing to be done for 'all'.
19:10:56 **** Incremental Build of configuration Debug for project AdvanceAlarm ****
make -j4 all 
Building file: ../src/main.c
Invoking: MCU GCC Compiler
D:\MyFile\Engineering\microprocessor\nctu\Project\AdvanceAlarm\Debug
arm-none-eabi-gcc -mcpu=cortex-m4 -mthumb -mfloat-abi=hard -mfpu=fpv4-sp-d16 -DSTM32 -DSTM32L4 -DSTM32L476RGTx -DNUCLEO_L476RG -DDEBUG -ID:/MyFile/Engineering/microprocessor/nctu/Project/AdvanceAlarm/inc -O0 -g3 -Wall -fmessage-length=0 -ffunction-sections -c -MMD -MP -MF"src/main.d" -MT"src/main.o" -o "src/main.o" "../src/main.c"
In file included from ../src/main.c:2:0:
../src/utility.h: In function 'HCSR04GetDistance':
../src/utility.h:121:6: warning: variable 'timeval' set but not used [-Wunused-but-set-variable]
  int timeval;
      ^~~~~~~
Finished building: ../src/main.c
 
Building target: AdvanceAlarm.elf
Invoking: MCU GCC Linker
arm-none-eabi-gcc -mcpu=cortex-m4 -mthumb -mfloat-abi=hard -mfpu=fpv4-sp-d16 -T"D:/MyFile/Engineering/microprocessor/nctu/Project/AdvanceAlarm/LinkerScript.ld" -Wl,-Map=output.map -Wl,--gc-sections -o "AdvanceAlarm.elf" @"objects.list"   -lm
Finished building target: AdvanceAlarm.elf
 
make --no-print-directory post-build
Generating binary and Printing size information:
arm-none-eabi-objcopy -O binary "AdvanceAlarm.elf" "AdvanceAlarm.bin"
arm-none-eabi-size "AdvanceAlarm.elf"
   text	   data	    bss	    dec	    hex	filename
   1520	   1088	   1088	   3696	    e70	AdvanceAlarm.elf
 
19:12:48 **** Incremental Build of configuration Debug for project AdvanceAlarm ****
make -j4 all 
Building file: ../src/main.c
Invoking: MCU GCC Compiler
D:\MyFile\Engineering\microprocessor\nctu\Project\AdvanceAlarm\Debug
arm-none-eabi-gcc -mcpu=cortex-m4 -mthumb -mfloat-abi=hard -mfpu=fpv4-sp-d16 -DSTM32 -DSTM32L4 -DSTM32L476RGTx -DNUCLEO_L476RG -DDEBUG -ID:/MyFile/Engineering/microprocessor/nctu/Project/AdvanceAlarm/inc -O0 -g3 -Wall -fmessage-length=0 -ffunction-sections -c -MMD -MP -MF"src/main.d" -MT"src/main.o" -o "src/main.o" "../src/main.c"
In file included from ../src/main.c:2:0:
../src/utility.h: In function 'HCSR04GetDistance':
../src/utility.h:121:6: warning: variable 'timeval' set but not used [-Wunused-but-set-variable]
  int timeval;
      ^~~~~~~
Finished building: ../src/main.c
 
Building target: AdvanceAlarm.elf
Invoking: MCU GCC Linker
arm-none-eabi-gcc -mcpu=cortex-m4 -mthumb -mfloat-abi=hard -mfpu=fpv4-sp-d16 -T"D:/MyFile/Engineering/microprocessor/nctu/Project/AdvanceAlarm/LinkerScript.ld" -Wl,-Map=output.map -Wl,--gc-sections -o "AdvanceAlarm.elf" @"objects.list"   -lm
d:/myfile/engineering/microprocessor/sw4stm/plugins/fr.ac6.mcu.externaltools.arm-none.win32_1.17.0.201812190825/tools/compiler/bin/../lib/gcc/arm-none-eabi/7.3.1/../../../../arm-none-eabi/lib/thumb/v7e-m/fpv4-sp/hard\libc.a(lib_a-writer.o): In function `_write_r':
writer.c:(.text._write_r+0x12): undefined reference to `_write'
d:/myfile/engineering/microprocessor/sw4stm/plugins/fr.ac6.mcu.externaltools.arm-none.win32_1.17.0.201812190825/tools/compiler/bin/../lib/gcc/arm-none-eabi/7.3.1/../../../../arm-none-eabi/lib/thumb/v7e-m/fpv4-sp/hard\libc.a(lib_a-closer.o): In function `_close_r':
closer.c:(.text._close_r+0xc): undefined reference to `_close'
d:/myfile/engineering/microprocessor/sw4stm/plugins/fr.ac6.mcu.externaltools.arm-none.win32_1.17.0.201812190825/tools/compiler/bin/../lib/gcc/arm-none-eabi/7.3.1/../../../../arm-none-eabi/lib/thumb/v7e-m/fpv4-sp/hard\libc.a(lib_a-fstatr.o): In function `_fstat_r':
fstatr.c:(.text._fstat_r+0x10): undefined reference to `_fstat'
d:/myfile/engineering/microprocessor/sw4stm/plugins/fr.ac6.mcu.externaltools.arm-none.win32_1.17.0.201812190825/tools/compiler/bin/../lib/gcc/arm-none-eabi/7.3.1/../../../../arm-none-eabi/lib/thumb/v7e-m/fpv4-sp/hard\libc.a(lib_a-isattyr.o): In function `_isatty_r':
isattyr.c:(.text._isatty_r+0xc): undefined reference to `_isatty'
d:/myfile/engineering/microprocessor/sw4stm/plugins/fr.ac6.mcu.externaltools.arm-none.win32_1.17.0.201812190825/tools/compiler/bin/../lib/gcc/arm-none-eabi/7.3.1/../../../../arm-none-eabi/lib/thumb/v7e-m/fpv4-sp/hard\libc.a(lib_a-lseekr.o): In function `_lseek_r':
lseekr.c:(.text._lseek_r+0x12): undefined reference to `_lseek'
d:/myfile/engineering/microprocessor/sw4stm/plugins/fr.ac6.mcu.externaltools.arm-none.win32_1.17.0.201812190825/tools/compiler/bin/../lib/gcc/arm-none-eabi/7.3.1/../../../../arm-none-eabi/lib/thumb/v7e-m/fpv4-sp/hard\libc.a(lib_a-readr.o): In function `_read_r':
readr.c:(.text._read_r+0x12): undefined reference to `_read'
collect2.exe: error: ld returned 1 exit status
makefile:34: recipe for target 'AdvanceAlarm.elf' failed
make: *** [AdvanceAlarm.elf] Error 1
19:12:53 **** Incremental Build of configuration Debug for project AdvanceAlarm ****
make -j4 all 
Building target: AdvanceAlarm.elf
Invoking: MCU GCC Linker
arm-none-eabi-gcc -mcpu=cortex-m4 -mthumb -mfloat-abi=hard -mfpu=fpv4-sp-d16 -T"D:/MyFile/Engineering/microprocessor/nctu/Project/AdvanceAlarm/LinkerScript.ld" -Wl,-Map=output.map -Wl,--gc-sections -o "AdvanceAlarm.elf" @"objects.list"   -lm
d:/myfile/engineering/microprocessor/sw4stm/plugins/fr.ac6.mcu.externaltools.arm-none.win32_1.17.0.201812190825/tools/compiler/bin/../lib/gcc/arm-none-eabi/7.3.1/../../../../arm-none-eabi/lib/thumb/v7e-m/fpv4-sp/hard\libc.a(lib_a-writer.o): In function `_write_r':
writer.c:(.text._write_r+0x12): undefined reference to `_write'
d:/myfile/engineering/microprocessor/sw4stm/plugins/fr.ac6.mcu.externaltools.arm-none.win32_1.17.0.201812190825/tools/compiler/bin/../lib/gcc/arm-none-eabi/7.3.1/../../../../arm-none-eabi/lib/thumb/v7e-m/fpv4-sp/hard\libc.a(lib_a-closer.o): In function `_close_r':
closer.c:(.text._close_r+0xc): undefined reference to `_close'
d:/myfile/engineering/microprocessor/sw4stm/plugins/fr.ac6.mcu.externaltools.arm-none.win32_1.17.0.201812190825/tools/compiler/bin/../lib/gcc/arm-none-eabi/7.3.1/../../../../arm-none-eabi/lib/thumb/v7e-m/fpv4-sp/hard\libc.a(lib_a-fstatr.o): In function `_fstat_r':
fstatr.c:(.text._fstat_r+0x10): undefined reference to `_fstat'
d:/myfile/engineering/microprocessor/sw4stm/plugins/fr.ac6.mcu.externaltools.arm-none.win32_1.17.0.201812190825/tools/compiler/bin/../lib/gcc/arm-none-eabi/7.3.1/../../../../arm-none-eabi/lib/thumb/v7e-m/fpv4-sp/hard\libc.a(lib_a-isattyr.o): In function `_isatty_r':
isattyr.c:(.text._isatty_r+0xc): undefined reference to `_isatty'
d:/myfile/engineering/microprocessor/sw4stm/plugins/fr.ac6.mcu.externaltools.arm-none.win32_1.17.0.201812190825/tools/compiler/bin/../lib/gcc/arm-none-eabi/7.3.1/../../../../arm-none-eabi/lib/thumb/v7e-m/fpv4-sp/hard\libc.a(lib_a-lseekr.o): In function `_lseek_r':
lseekr.c:(.text._lseek_r+0x12): undefined reference to `_lseek'
d:/myfile/engineering/microprocessor/sw4stm/plugins/fr.ac6.mcu.externaltools.arm-none.win32_1.17.0.201812190825/tools/compiler/bin/../lib/gcc/arm-none-eabi/7.3.1/../../../../arm-none-eabi/lib/thumb/v7e-m/fpv4-sp/hard\libc.a(lib_a-readr.o): In function `_read_r':
readr.c:(.text._read_r+0x12): undefined reference to `_read'
collect2.exe: error: ld returned 1 exit status
make: *** [AdvanceAlarm.elf] Error 1
makefile:34: recipe for target 'AdvanceAlarm.elf' failed
19:14:23 **** Incremental Build of configuration Debug for project AdvanceAlarm ****
make -j4 all 
Building file: ../src/main.c
Building file: ../src/utility.s
Invoking: MCU GCC Compiler
Invoking: MCU GCC Assembler
D:\MyFile\Engineering\microprocessor\nctu\Project\AdvanceAlarm\Debug
arm-none-eabi-as -mcpu=cortex-m4 -mthumb -mfloat-abi=hard -mfpu=fpv4-sp-d16 -g -o "src/utility.o" "../src/utility.s"
D:\MyFile\Engineering\microprocessor\nctu\Project\AdvanceAlarm\Debug
arm-none-eabi-gcc -mcpu=cortex-m4 -mthumb -mfloat-abi=hard -mfpu=fpv4-sp-d16 -DSTM32 -DSTM32L4 -DSTM32L476RGTx -DNUCLEO_L476RG -DDEBUG -ID:/MyFile/Engineering/microprocessor/nctu/Project/AdvanceAlarm/inc -O0 -g3 -Wall -fmessage-length=0 -ffunction-sections -c -MMD -MP -MF"src/main.d" -MT"src/main.o" -o "src/main.o" "../src/main.c"
../src/utility.s: Assembler messages:
../src/utility.s:29: Error: expression too complex -- `push r0'
src/subdir.mk:30: recipe for target 'src/utility.o' failed
make: *** [src/utility.o] Error 1
make: *** Waiting for unfinished jobs....
In file included from ../src/main.c:2:0:
../src/utility.h: In function 'HCSR04GetDistance':
../src/utility.h:121:6: warning: variable 'timeval' set but not used [-Wunused-but-set-variable]
  int timeval;
      ^~~~~~~
Finished building: ../src/main.c
 
19:14:50 **** Incremental Build of configuration Debug for project AdvanceAlarm ****
make -j4 all 
Building file: ../src/utility.s
Invoking: MCU GCC Assembler
D:\MyFile\Engineering\microprocessor\nctu\Project\AdvanceAlarm\Debug
arm-none-eabi-as -mcpu=cortex-m4 -mthumb -mfloat-abi=hard -mfpu=fpv4-sp-d16 -g -o "src/utility.o" "../src/utility.s"
Finished building: ../src/utility.s
 
Building target: AdvanceAlarm.elf
Invoking: MCU GCC Linker
arm-none-eabi-gcc -mcpu=cortex-m4 -mthumb -mfloat-abi=hard -mfpu=fpv4-sp-d16 -T"D:/MyFile/Engineering/microprocessor/nctu/Project/AdvanceAlarm/LinkerScript.ld" -Wl,-Map=output.map -Wl,--gc-sections -o "AdvanceAlarm.elf" @"objects.list"   -lm
Finished building target: AdvanceAlarm.elf
 
make --no-print-directory post-build
Generating binary and Printing size information:
arm-none-eabi-objcopy -O binary "AdvanceAlarm.elf" "AdvanceAlarm.bin"
arm-none-eabi-size "AdvanceAlarm.elf"
   text	   data	    bss	    dec	    hex	filename
   1528	   1088	   1088	   3704	    e78	AdvanceAlarm.elf
 
19:15:02 **** Incremental Build of configuration Debug for project AdvanceAlarm ****
make -j4 all 
make: Nothing to be done for 'all'.
19:16:01 **** Incremental Build of configuration Debug for project AdvanceAlarm ****
make -j4 all 
make: Nothing to be done for 'all'.
19:16:16 **** Incremental Build of configuration Debug for project AdvanceAlarm ****
make -j4 all 
make: Nothing to be done for 'all'.
19:16:30 **** Incremental Build of configuration Debug for project AdvanceAlarm ****
make -j4 all 
make: Nothing to be done for 'all'.
19:17:49 **** Incremental Build of configuration Debug for project AdvanceAlarm ****
make -j4 all 
Building file: ../src/main.c
Invoking: MCU GCC Compiler
D:\MyFile\Engineering\microprocessor\nctu\Project\AdvanceAlarm\Debug
arm-none-eabi-gcc -mcpu=cortex-m4 -mthumb -mfloat-abi=hard -mfpu=fpv4-sp-d16 -DSTM32 -DSTM32L4 -DSTM32L476RGTx -DNUCLEO_L476RG -DDEBUG -ID:/MyFile/Engineering/microprocessor/nctu/Project/AdvanceAlarm/inc -O0 -g3 -Wall -fmessage-length=0 -ffunction-sections -c -MMD -MP -MF"src/main.d" -MT"src/main.o" -o "src/main.o" "../src/main.c"
In file included from ../src/main.c:2:0:
../src/utility.h: In function 'HCSR04GetDistance':
../src/utility.h:121:6: warning: variable 'timeval' set but not used [-Wunused-but-set-variable]
  int timeval;
      ^~~~~~~
Finished building: ../src/main.c
 
Building target: AdvanceAlarm.elf
Invoking: MCU GCC Linker
arm-none-eabi-gcc -mcpu=cortex-m4 -mthumb -mfloat-abi=hard -mfpu=fpv4-sp-d16 -T"D:/MyFile/Engineering/microprocessor/nctu/Project/AdvanceAlarm/LinkerScript.ld" -Wl,-Map=output.map -Wl,--gc-sections -o "AdvanceAlarm.elf" @"objects.list"   -lm
Finished building target: AdvanceAlarm.elf
 
make --no-print-directory post-build
Generating binary and Printing size information:
arm-none-eabi-objcopy -O binary "AdvanceAlarm.elf" "AdvanceAlarm.bin"
arm-none-eabi-size "AdvanceAlarm.elf"
   text	   data	    bss	    dec	    hex	filename
   1528	   1088	   1088	   3704	    e78	AdvanceAlarm.elf
 
19:18:06 **** Incremental Build of configuration Debug for project AdvanceAlarm ****
make -j4 all 
make: Nothing to be done for 'all'.
19:18:21 **** Incremental Build of configuration Debug for project AdvanceAlarm ****
make -j4 all 
make: Nothing to be done for 'all'.
19:18:38 **** Incremental Build of configuration Debug for project AdvanceAlarm ****
make -j4 all 
make: Nothing to be done for 'all'.
19:18:55 **** Incremental Build of configuration Debug for project AdvanceAlarm ****
make -j4 all 
make: Nothing to be done for 'all'.
19:19:51 **** Incremental Build of configuration Debug for project AdvanceAlarm ****
make -j4 all 
make: Nothing to be done for 'all'.
19:20:09 **** Incremental Build of configuration Debug for project AdvanceAlarm ****
make -j4 all 
make: Nothing to be done for 'all'.
19:20:34 **** Incremental Build of configuration Debug for project AdvanceAlarm ****
make -j4 all 
make: Nothing to be done for 'all'.
19:22:30 **** Incremental Build of configuration Debug for project AdvanceAlarm ****
make -j4 all 
Building file: ../src/main.c
Invoking: MCU GCC Compiler
D:\MyFile\Engineering\microprocessor\nctu\Project\AdvanceAlarm\Debug
arm-none-eabi-gcc -mcpu=cortex-m4 -mthumb -mfloat-abi=hard -mfpu=fpv4-sp-d16 -DSTM32 -DSTM32L4 -DSTM32L476RGTx -DNUCLEO_L476RG -DDEBUG -ID:/MyFile/Engineering/microprocessor/nctu/Project/AdvanceAlarm/inc -O0 -g3 -Wall -fmessage-length=0 -ffunction-sections -c -MMD -MP -MF"src/main.d" -MT"src/main.o" -o "src/main.o" "../src/main.c"
In file included from ../src/main.c:2:0:
../src/utility.h: In function 'HCSR04GetDistance':
../src/utility.h:121:6: warning: variable 'timeval' set but not used [-Wunused-but-set-variable]
  int timeval;
      ^~~~~~~
Finished building: ../src/main.c
 
Building target: AdvanceAlarm.elf
Invoking: MCU GCC Linker
arm-none-eabi-gcc -mcpu=cortex-m4 -mthumb -mfloat-abi=hard -mfpu=fpv4-sp-d16 -T"D:/MyFile/Engineering/microprocessor/nctu/Project/AdvanceAlarm/LinkerScript.ld" -Wl,-Map=output.map -Wl,--gc-sections -o "AdvanceAlarm.elf" @"objects.list"   -lm
Finished building target: AdvanceAlarm.elf
 
make --no-print-directory post-build
Generating binary and Printing size information:
arm-none-eabi-objcopy -O binary "AdvanceAlarm.elf" "AdvanceAlarm.bin"
arm-none-eabi-size "AdvanceAlarm.elf"
   text	   data	    bss	    dec	    hex	filename
   1528	   1088	   1088	   3704	    e78	AdvanceAlarm.elf
 
19:22:45 **** Incremental Build of configuration Debug for project AdvanceAlarm ****
make -j4 all 
make: Nothing to be done for 'all'.
19:24:15 **** Incremental Build of configuration Debug for project AdvanceAlarm ****
make -j4 all 
Building file: ../src/main.c
Invoking: MCU GCC Compiler
D:\MyFile\Engineering\microprocessor\nctu\Project\AdvanceAlarm\Debug
arm-none-eabi-gcc -mcpu=cortex-m4 -mthumb -mfloat-abi=hard -mfpu=fpv4-sp-d16 -DSTM32 -DSTM32L4 -DSTM32L476RGTx -DNUCLEO_L476RG -DDEBUG -ID:/MyFile/Engineering/microprocessor/nctu/Project/AdvanceAlarm/inc -O0 -g3 -Wall -fmessage-length=0 -ffunction-sections -c -MMD -MP -MF"src/main.d" -MT"src/main.o" -o "src/main.o" "../src/main.c"
In file included from ../src/main.c:2:0:
../src/utility.h: In function 'HCSR04GetDistance':
../src/utility.h:121:6: warning: variable 'timeval' set but not used [-Wunused-but-set-variable]
  int timeval;
      ^~~~~~~
Finished building: ../src/main.c
 
Building target: AdvanceAlarm.elf
Invoking: MCU GCC Linker
arm-none-eabi-gcc -mcpu=cortex-m4 -mthumb -mfloat-abi=hard -mfpu=fpv4-sp-d16 -T"D:/MyFile/Engineering/microprocessor/nctu/Project/AdvanceAlarm/LinkerScript.ld" -Wl,-Map=output.map -Wl,--gc-sections -o "AdvanceAlarm.elf" @"objects.list"   -lm
Finished building target: AdvanceAlarm.elf
 
make --no-print-directory post-build
Generating binary and Printing size information:
arm-none-eabi-objcopy -O binary "AdvanceAlarm.elf" "AdvanceAlarm.bin"
arm-none-eabi-size "AdvanceAlarm.elf"
   text	   data	    bss	    dec	    hex	filename
   1528	   1088	   1088	   3704	    e78	AdvanceAlarm.elf
 
19:24:26 **** Incremental Build of configuration Debug for project AdvanceAlarm ****
make -j4 all 
make: Nothing to be done for 'all'.
19:24:50 **** Incremental Build of configuration Debug for project AdvanceAlarm ****
make -j4 all 
make: Nothing to be done for 'all'.
19:25:02 **** Incremental Build of configuration Debug for project AdvanceAlarm ****
make -j4 all 
make: Nothing to be done for 'all'.
19:26:01 **** Incremental Build of configuration Debug for project AdvanceAlarm ****
make -j4 all 
Building file: ../src/main.c
Invoking: MCU GCC Compiler
D:\MyFile\Engineering\microprocessor\nctu\Project\AdvanceAlarm\Debug
arm-none-eabi-gcc -mcpu=cortex-m4 -mthumb -mfloat-abi=hard -mfpu=fpv4-sp-d16 -DSTM32 -DSTM32L4 -DSTM32L476RGTx -DNUCLEO_L476RG -DDEBUG -ID:/MyFile/Engineering/microprocessor/nctu/Project/AdvanceAlarm/inc -O0 -g3 -Wall -fmessage-length=0 -ffunction-sections -c -MMD -MP -MF"src/main.d" -MT"src/main.o" -o "src/main.o" "../src/main.c"
In file included from ../src/main.c:2:0:
../src/utility.h: In function 'HCSR04GetDistance':
../src/utility.h:121:6: warning: variable 'timeval' set but not used [-Wunused-but-set-variable]
  int timeval;
      ^~~~~~~
Finished building: ../src/main.c
 
Building target: AdvanceAlarm.elf
Invoking: MCU GCC Linker
arm-none-eabi-gcc -mcpu=cortex-m4 -mthumb -mfloat-abi=hard -mfpu=fpv4-sp-d16 -T"D:/MyFile/Engineering/microprocessor/nctu/Project/AdvanceAlarm/LinkerScript.ld" -Wl,-Map=output.map -Wl,--gc-sections -o "AdvanceAlarm.elf" @"objects.list"   -lm
Finished building target: AdvanceAlarm.elf
 
make --no-print-directory post-build
Generating binary and Printing size information:
arm-none-eabi-objcopy -O binary "AdvanceAlarm.elf" "AdvanceAlarm.bin"
arm-none-eabi-size "AdvanceAlarm.elf"
   text	   data	    bss	    dec	    hex	filename
   1528	   1088	   1088	   3704	    e78	AdvanceAlarm.elf
 
19:26:35 **** Incremental Build of configuration Debug for project AdvanceAlarm ****
make -j4 all 
Building file: ../src/main.c
Invoking: MCU GCC Compiler
D:\MyFile\Engineering\microprocessor\nctu\Project\AdvanceAlarm\Debug
arm-none-eabi-gcc -mcpu=cortex-m4 -mthumb -mfloat-abi=hard -mfpu=fpv4-sp-d16 -DSTM32 -DSTM32L4 -DSTM32L476RGTx -DNUCLEO_L476RG -DDEBUG -ID:/MyFile/Engineering/microprocessor/nctu/Project/AdvanceAlarm/inc -O0 -g3 -Wall -fmessage-length=0 -ffunction-sections -c -MMD -MP -MF"src/main.d" -MT"src/main.o" -o "src/main.o" "../src/main.c"
In file included from ../src/main.c:2:0:
../src/utility.h: In function 'HCSR04GetDistance':
../src/utility.h:121:6: warning: variable 'timeval' set but not used [-Wunused-but-set-variable]
  int timeval;
      ^~~~~~~
Finished building: ../src/main.c
 
Building target: AdvanceAlarm.elf
Invoking: MCU GCC Linker
arm-none-eabi-gcc -mcpu=cortex-m4 -mthumb -mfloat-abi=hard -mfpu=fpv4-sp-d16 -T"D:/MyFile/Engineering/microprocessor/nctu/Project/AdvanceAlarm/LinkerScript.ld" -Wl,-Map=output.map -Wl,--gc-sections -o "AdvanceAlarm.elf" @"objects.list"   -lm
Finished building target: AdvanceAlarm.elf
 
make --no-print-directory post-build
Generating binary and Printing size information:
arm-none-eabi-objcopy -O binary "AdvanceAlarm.elf" "AdvanceAlarm.bin"
arm-none-eabi-size "AdvanceAlarm.elf"
   text	   data	    bss	    dec	    hex	filename
   1528	   1088	   1088	   3704	    e78	AdvanceAlarm.elf
 
19:26:51 **** Incremental Build of configuration Debug for project AdvanceAlarm ****
make -j4 all 
make: Nothing to be done for 'all'.
19:27:09 **** Incremental Build of configuration Debug for project AdvanceAlarm ****
make -j4 all 
make: Nothing to be done for 'all'.
19:31:09 **** Incremental Build of configuration Debug for project AdvanceAlarm ****
make -j4 all 
Building file: ../src/main.c
Building file: ../src/utility.s
Invoking: MCU GCC Compiler
Invoking: MCU GCC Assembler
D:\MyFile\Engineering\microprocessor\nctu\Project\AdvanceAlarm\Debug
arm-none-eabi-gcc -mcpu=cortex-m4 -mthumb -mfloat-abi=hard -mfpu=fpv4-sp-d16 -DSTM32 -DSTM32L4 -DSTM32L476RGTx -DNUCLEO_L476RG -DDEBUG -ID:/MyFile/Engineering/microprocessor/nctu/Project/AdvanceAlarm/inc -O0 -g3 -Wall -fmessage-length=0 -ffunction-sections -c -MMD -MP -MF"src/main.d" -MT"src/main.o" -o "src/main.o" "../src/main.c"
D:\MyFile\Engineering\microprocessor\nctu\Project\AdvanceAlarm\Debug
arm-none-eabi-as -mcpu=cortex-m4 -mthumb -mfloat-abi=hard -mfpu=fpv4-sp-d16 -g -o "src/utility.o" "../src/utility.s"
../src/utility.s: Assembler messages:
../src/utility.s:29: Error: bad instruction `movl $3,12(%esp)'
../src/utility.s:30: Error: bad instruction `movl $2,8(%esp)'
../src/utility.s:31: Error: bad instruction `movl $1,4(%esp)'
../src/utility.s:32: Error: bad instruction `movl $0,(%esp)'
src/subdir.mk:30: recipe for target 'src/utility.o' failed
make: *** [src/utility.o] Error 1
make: *** Waiting for unfinished jobs....
In file included from ../src/main.c:2:0:
../src/utility.h: In function 'HCSR04GetDistance':
../src/utility.h:121:6: warning: variable 'timeval' set but not used [-Wunused-but-set-variable]
  int timeval;
      ^~~~~~~
Finished building: ../src/main.c
 
19:31:59 **** Incremental Build of configuration Debug for project AdvanceAlarm ****
make -j4 all 
Building file: ../src/main.c
Building file: ../src/utility.s
Invoking: MCU GCC Compiler
Invoking: MCU GCC Assembler
D:\MyFile\Engineering\microprocessor\nctu\Project\AdvanceAlarm\Debug
D:\MyFile\Engineering\microprocessor\nctu\Project\AdvanceAlarm\Debug
arm-none-eabi-gcc -mcpu=cortex-m4 -mthumb -mfloat-abi=hard -mfpu=fpv4-sp-d16 -DSTM32 -DSTM32L4 -DSTM32L476RGTx -DNUCLEO_L476RG -DDEBUG -ID:/MyFile/Engineering/microprocessor/nctu/Project/AdvanceAlarm/inc -O0 -g3 -Wall -fmessage-length=0 -ffunction-sections -c -MMD -MP -MF"src/main.d" -MT"src/main.o" -o "src/main.o" "../src/main.c"
arm-none-eabi-as -mcpu=cortex-m4 -mthumb -mfloat-abi=hard -mfpu=fpv4-sp-d16 -g -o "src/utility.o" "../src/utility.s"
Finished building: ../src/utility.s
 
In file included from ../src/main.c:2:0:
../src/utility.h: In function 'HCSR04GetDistance':
../src/utility.h:121:6: warning: variable 'timeval' set but not used [-Wunused-but-set-variable]
  int timeval;
      ^~~~~~~
Finished building: ../src/main.c
 
Building target: AdvanceAlarm.elf
Invoking: MCU GCC Linker
arm-none-eabi-gcc -mcpu=cortex-m4 -mthumb -mfloat-abi=hard -mfpu=fpv4-sp-d16 -T"D:/MyFile/Engineering/microprocessor/nctu/Project/AdvanceAlarm/LinkerScript.ld" -Wl,-Map=output.map -Wl,--gc-sections -o "AdvanceAlarm.elf" @"objects.list"   -lm
Finished building target: AdvanceAlarm.elf
 
make --no-print-directory post-build
Generating binary and Printing size information:
arm-none-eabi-objcopy -O binary "AdvanceAlarm.elf" "AdvanceAlarm.bin"
arm-none-eabi-size "AdvanceAlarm.elf"
   text	   data	    bss	    dec	    hex	filename
   1536	   1088	   1088	   3712	    e80	AdvanceAlarm.elf
 
19:32:28 **** Incremental Build of configuration Debug for project AdvanceAlarm ****
make -j4 all 
make: Nothing to be done for 'all'.
19:32:47 **** Incremental Build of configuration Debug for project AdvanceAlarm ****
make -j4 all 
make: Nothing to be done for 'all'.
19:33:07 **** Incremental Build of configuration Debug for project AdvanceAlarm ****
make -j4 all 
Building file: ../src/main.c
Invoking: MCU GCC Compiler
D:\MyFile\Engineering\microprocessor\nctu\Project\AdvanceAlarm\Debug
arm-none-eabi-gcc -mcpu=cortex-m4 -mthumb -mfloat-abi=hard -mfpu=fpv4-sp-d16 -DSTM32 -DSTM32L4 -DSTM32L476RGTx -DNUCLEO_L476RG -DDEBUG -ID:/MyFile/Engineering/microprocessor/nctu/Project/AdvanceAlarm/inc -O0 -g3 -Wall -fmessage-length=0 -ffunction-sections -c -MMD -MP -MF"src/main.d" -MT"src/main.o" -o "src/main.o" "../src/main.c"
In file included from ../src/main.c:2:0:
../src/utility.h: In function 'HCSR04GetDistance':
../src/utility.h:121:6: warning: variable 'timeval' set but not used [-Wunused-but-set-variable]
  int timeval;
      ^~~~~~~
Finished building: ../src/main.c
 
Building target: AdvanceAlarm.elf
Invoking: MCU GCC Linker
arm-none-eabi-gcc -mcpu=cortex-m4 -mthumb -mfloat-abi=hard -mfpu=fpv4-sp-d16 -T"D:/MyFile/Engineering/microprocessor/nctu/Project/AdvanceAlarm/LinkerScript.ld" -Wl,-Map=output.map -Wl,--gc-sections -o "AdvanceAlarm.elf" @"objects.list"   -lm
Finished building target: AdvanceAlarm.elf
 
make --no-print-directory post-build
Generating binary and Printing size information:
arm-none-eabi-objcopy -O binary "AdvanceAlarm.elf" "AdvanceAlarm.bin"
arm-none-eabi-size "AdvanceAlarm.elf"
   text	   data	    bss	    dec	    hex	filename
   1536	   1088	   1088	   3712	    e80	AdvanceAlarm.elf
 
19:33:32 **** Incremental Build of configuration Debug for project AdvanceAlarm ****
make -j4 all 
Building file: ../src/main.c
Invoking: MCU GCC Compiler
D:\MyFile\Engineering\microprocessor\nctu\Project\AdvanceAlarm\Debug
arm-none-eabi-gcc -mcpu=cortex-m4 -mthumb -mfloat-abi=hard -mfpu=fpv4-sp-d16 -DSTM32 -DSTM32L4 -DSTM32L476RGTx -DNUCLEO_L476RG -DDEBUG -ID:/MyFile/Engineering/microprocessor/nctu/Project/AdvanceAlarm/inc -O0 -g3 -Wall -fmessage-length=0 -ffunction-sections -c -MMD -MP -MF"src/main.d" -MT"src/main.o" -o "src/main.o" "../src/main.c"
In file included from ../src/main.c:2:0:
../src/utility.h: In function 'HCSR04GetDistance':
../src/utility.h:121:6: warning: variable 'timeval' set but not used [-Wunused-but-set-variable]
  int timeval;
      ^~~~~~~
Finished building: ../src/main.c
 
Building target: AdvanceAlarm.elf
Invoking: MCU GCC Linker
arm-none-eabi-gcc -mcpu=cortex-m4 -mthumb -mfloat-abi=hard -mfpu=fpv4-sp-d16 -T"D:/MyFile/Engineering/microprocessor/nctu/Project/AdvanceAlarm/LinkerScript.ld" -Wl,-Map=output.map -Wl,--gc-sections -o "AdvanceAlarm.elf" @"objects.list"   -lm
Finished building target: AdvanceAlarm.elf
 
make --no-print-directory post-build
Generating binary and Printing size information:
arm-none-eabi-objcopy -O binary "AdvanceAlarm.elf" "AdvanceAlarm.bin"
arm-none-eabi-size "AdvanceAlarm.elf"
   text	   data	    bss	    dec	    hex	filename
   1536	   1088	   1088	   3712	    e80	AdvanceAlarm.elf
 
19:34:11 **** Incremental Build of configuration Debug for project AdvanceAlarm ****
make -j4 all 
make: Nothing to be done for 'all'.
19:34:59 **** Incremental Build of configuration Debug for project AdvanceAlarm ****
make -j4 all 
make: Nothing to be done for 'all'.
19:35:10 **** Incremental Build of configuration Debug for project AdvanceAlarm ****
make -j4 all 
make: Nothing to be done for 'all'.
19:35:20 **** Incremental Build of configuration Debug for project AdvanceAlarm ****
make -j4 all 
make: Nothing to be done for 'all'.
19:35:29 **** Incremental Build of configuration Debug for project AdvanceAlarm ****
make -j4 all 
make: Nothing to be done for 'all'.
19:35:55 **** Incremental Build of configuration Debug for project AdvanceAlarm ****
make -j4 all 
make: Nothing to be done for 'all'.
19:36:06 **** Incremental Build of configuration Debug for project AdvanceAlarm ****
make -j4 all 
make: Nothing to be done for 'all'.
19:36:24 **** Incremental Build of configuration Debug for project AdvanceAlarm ****
make -j4 all 
make: Nothing to be done for 'all'.
19:36:49 **** Incremental Build of configuration Debug for project AdvanceAlarm ****
make -j4 all 
make: Nothing to be done for 'all'.
19:54:37 **** Incremental Build of configuration Debug for project AdvanceAlarm ****
make -j4 all 
make: Nothing to be done for 'all'.
19:54:53 **** Incremental Build of configuration Debug for project AdvanceAlarm ****
make -j4 all 
make: Nothing to be done for 'all'.
19:55:05 **** Incremental Build of configuration Debug for project AdvanceAlarm ****
make -j4 all 
make: Nothing to be done for 'all'.
20:16:30 **** Incremental Build of configuration Debug for project AdvanceAlarm ****
make -j4 all 
Building file: ../src/main.c
Building file: ../src/utility.s
Invoking: MCU GCC Compiler
Invoking: MCU GCC Assembler
D:\MyFile\Engineering\microprocessor\nctu\Project\AdvanceAlarm\Debug
arm-none-eabi-gcc -mcpu=cortex-m4 -mthumb -mfloat-abi=hard -mfpu=fpv4-sp-d16 -DSTM32 -DSTM32L4 -DSTM32L476RGTx -DNUCLEO_L476RG -DDEBUG -ID:/MyFile/Engineering/microprocessor/nctu/Project/AdvanceAlarm/inc -O0 -g3 -Wall -fmessage-length=0 -ffunction-sections -c -MMD -MP -MF"src/main.d" -MT"src/main.o" -o "src/main.o" "../src/main.c"
D:\MyFile\Engineering\microprocessor\nctu\Project\AdvanceAlarm\Debug
arm-none-eabi-as -mcpu=cortex-m4 -mthumb -mfloat-abi=hard -mfpu=fpv4-sp-d16 -g -o "src/utility.o" "../src/utility.s"
Finished building: ../src/utility.s
 
In file included from ../src/main.c:2:0:
../src/utility.h: In function 'HCSR04GetDistance':
../src/utility.h:121:6: warning: variable 'timeval' set but not used [-Wunused-but-set-variable]
  int timeval;
      ^~~~~~~
../src/utility.h: In function 'SW420Vibration':
../src/utility.h:154:1: warning: control reaches end of non-void function [-Wreturn-type]
 }
 ^
Finished building: ../src/main.c
 
Building target: AdvanceAlarm.elf
Invoking: MCU GCC Linker
arm-none-eabi-gcc -mcpu=cortex-m4 -mthumb -mfloat-abi=hard -mfpu=fpv4-sp-d16 -T"D:/MyFile/Engineering/microprocessor/nctu/Project/AdvanceAlarm/LinkerScript.ld" -Wl,-Map=output.map -Wl,--gc-sections -o "AdvanceAlarm.elf" @"objects.list"   -lm
Finished building target: AdvanceAlarm.elf
 
make --no-print-directory post-build
Generating binary and Printing size information:
arm-none-eabi-objcopy -O binary "AdvanceAlarm.elf" "AdvanceAlarm.bin"
arm-none-eabi-size "AdvanceAlarm.elf"
   text	   data	    bss	    dec	    hex	filename
   1520	   1088	   1088	   3696	    e70	AdvanceAlarm.elf
 
20:17:29 **** Incremental Build of configuration Debug for project AdvanceAlarm ****
make -j4 all 
Building file: ../src/main.c
Invoking: MCU GCC Compiler
D:\MyFile\Engineering\microprocessor\nctu\Project\AdvanceAlarm\Debug
arm-none-eabi-gcc -mcpu=cortex-m4 -mthumb -mfloat-abi=hard -mfpu=fpv4-sp-d16 -DSTM32 -DSTM32L4 -DSTM32L476RGTx -DNUCLEO_L476RG -DDEBUG -ID:/MyFile/Engineering/microprocessor/nctu/Project/AdvanceAlarm/inc -O0 -g3 -Wall -fmessage-length=0 -ffunction-sections -c -MMD -MP -MF"src/main.d" -MT"src/main.o" -o "src/main.o" "../src/main.c"
In file included from ../src/main.c:2:0:
../src/utility.h: In function 'HCSR04GetDistance':
../src/utility.h:121:6: warning: variable 'timeval' set but not used [-Wunused-but-set-variable]
  int timeval;
      ^~~~~~~
Finished building: ../src/main.c
 
Building target: AdvanceAlarm.elf
Invoking: MCU GCC Linker
arm-none-eabi-gcc -mcpu=cortex-m4 -mthumb -mfloat-abi=hard -mfpu=fpv4-sp-d16 -T"D:/MyFile/Engineering/microprocessor/nctu/Project/AdvanceAlarm/LinkerScript.ld" -Wl,-Map=output.map -Wl,--gc-sections -o "AdvanceAlarm.elf" @"objects.list"   -lm
Finished building target: AdvanceAlarm.elf
 
make --no-print-directory post-build
Generating binary and Printing size information:
arm-none-eabi-objcopy -O binary "AdvanceAlarm.elf" "AdvanceAlarm.bin"
arm-none-eabi-size "AdvanceAlarm.elf"
   text	   data	    bss	    dec	    hex	filename
   1208	   1088	   1088	   3384	    d38	AdvanceAlarm.elf
 
20:17:33 **** Incremental Build of configuration Debug for project AdvanceAlarm ****
make -j4 all 
make: Nothing to be done for 'all'.
20:17:49 **** Incremental Build of configuration Debug for project AdvanceAlarm ****
make -j4 all 
make: Nothing to be done for 'all'.
20:18:16 **** Incremental Build of configuration Debug for project AdvanceAlarm ****
make -j4 all 
make: Nothing to be done for 'all'.
20:18:41 **** Incremental Build of configuration Debug for project AdvanceAlarm ****
make -j4 all 
make: Nothing to be done for 'all'.
20:32:55 **** Incremental Build of configuration Debug for project AdvanceAlarm ****
make -j4 all 
Building file: ../src/utility.s
Building file: ../src/main.c
Invoking: MCU GCC Assembler
Invoking: MCU GCC Compiler
D:\MyFile\Engineering\microprocessor\nctu\Project\AdvanceAlarm\Debug
D:\MyFile\Engineering\microprocessor\nctu\Project\AdvanceAlarm\Debug
arm-none-eabi-gcc -mcpu=cortex-m4 -mthumb -mfloat-abi=hard -mfpu=fpv4-sp-d16 -DSTM32 -DSTM32L4 -DSTM32L476RGTx -DNUCLEO_L476RG -DDEBUG -ID:/MyFile/Engineering/microprocessor/nctu/Project/AdvanceAlarm/inc -O0 -g3 -Wall -fmessage-length=0 -ffunction-sections -c -MMD -MP -MF"src/main.d" -MT"src/main.o" -o "src/main.o" "../src/main.c"
arm-none-eabi-as -mcpu=cortex-m4 -mthumb -mfloat-abi=hard -mfpu=fpv4-sp-d16 -g -o "src/utility.o" "../src/utility.s"
Finished building: ../src/utility.s
 
In file included from ../src/main.c:2:0:
../src/utility.h: In function 'HCSR04GetDistance':
../src/utility.h:121:6: warning: variable 'timeval' set but not used [-Wunused-but-set-variable]
  int timeval;
      ^~~~~~~
Finished building: ../src/main.c
 
Building target: AdvanceAlarm.elf
Invoking: MCU GCC Linker
arm-none-eabi-gcc -mcpu=cortex-m4 -mthumb -mfloat-abi=hard -mfpu=fpv4-sp-d16 -T"D:/MyFile/Engineering/microprocessor/nctu/Project/AdvanceAlarm/LinkerScript.ld" -Wl,-Map=output.map -Wl,--gc-sections -o "AdvanceAlarm.elf" @"objects.list"   -lm
Finished building target: AdvanceAlarm.elf
 
make --no-print-directory post-build
Generating binary and Printing size information:
arm-none-eabi-objcopy -O binary "AdvanceAlarm.elf" "AdvanceAlarm.bin"
arm-none-eabi-size "AdvanceAlarm.elf"
   text	   data	    bss	    dec	    hex	filename
   1184	   1088	   1088	   3360	    d20	AdvanceAlarm.elf
 
20:34:15 **** Incremental Build of configuration Debug for project AdvanceAlarm ****
make -j4 all 
Building file: ../src/utility.s
Invoking: MCU GCC Assembler
D:\MyFile\Engineering\microprocessor\nctu\Project\AdvanceAlarm\Debug
arm-none-eabi-as -mcpu=cortex-m4 -mthumb -mfloat-abi=hard -mfpu=fpv4-sp-d16 -g -o "src/utility.o" "../src/utility.s"
Finished building: ../src/utility.s
 
Building target: AdvanceAlarm.elf
Invoking: MCU GCC Linker
arm-none-eabi-gcc -mcpu=cortex-m4 -mthumb -mfloat-abi=hard -mfpu=fpv4-sp-d16 -T"D:/MyFile/Engineering/microprocessor/nctu/Project/AdvanceAlarm/LinkerScript.ld" -Wl,-Map=output.map -Wl,--gc-sections -o "AdvanceAlarm.elf" @"objects.list"   -lm
Finished building target: AdvanceAlarm.elf
 
make --no-print-directory post-build
Generating binary and Printing size information:
arm-none-eabi-objcopy -O binary "AdvanceAlarm.elf" "AdvanceAlarm.bin"
arm-none-eabi-size "AdvanceAlarm.elf"
   text	   data	    bss	    dec	    hex	filename
   1184	   1088	   1088	   3360	    d20	AdvanceAlarm.elf
 
20:36:23 **** Incremental Build of configuration Debug for project AdvanceAlarm ****
make -j4 all 
Building file: ../src/main.c
Building file: ../src/utility.s
Invoking: MCU GCC Compiler
Invoking: MCU GCC Assembler
D:\MyFile\Engineering\microprocessor\nctu\Project\AdvanceAlarm\Debug
arm-none-eabi-gcc -mcpu=cortex-m4 -mthumb -mfloat-abi=hard -mfpu=fpv4-sp-d16 -DSTM32 -DSTM32L4 -DSTM32L476RGTx -DNUCLEO_L476RG -DDEBUG -ID:/MyFile/Engineering/microprocessor/nctu/Project/AdvanceAlarm/inc -O0 -g3 -Wall -fmessage-length=0 -ffunction-sections -c -MMD -MP -MF"src/main.d" -MT"src/main.o" -o "src/main.o" "../src/main.c"
D:\MyFile\Engineering\microprocessor\nctu\Project\AdvanceAlarm\Debug
arm-none-eabi-as -mcpu=cortex-m4 -mthumb -mfloat-abi=hard -mfpu=fpv4-sp-d16 -g -o "src/utility.o" "../src/utility.s"
Finished building: ../src/utility.s
 
In file included from ../src/main.c:2:0:
../src/utility.h: In function 'HCSR04GetDistance':
../src/utility.h:121:6: warning: variable 'timeval' set but not used [-Wunused-but-set-variable]
  int timeval;
      ^~~~~~~
Finished building: ../src/main.c
 
Building target: AdvanceAlarm.elf
Invoking: MCU GCC Linker
arm-none-eabi-gcc -mcpu=cortex-m4 -mthumb -mfloat-abi=hard -mfpu=fpv4-sp-d16 -T"D:/MyFile/Engineering/microprocessor/nctu/Project/AdvanceAlarm/LinkerScript.ld" -Wl,-Map=output.map -Wl,--gc-sections -o "AdvanceAlarm.elf" @"objects.list"   -lm
Finished building target: AdvanceAlarm.elf
 
make --no-print-directory post-build
Generating binary and Printing size information:
arm-none-eabi-objcopy -O binary "AdvanceAlarm.elf" "AdvanceAlarm.bin"
arm-none-eabi-size "AdvanceAlarm.elf"
   text	   data	    bss	    dec	    hex	filename
   1184	   1088	   1088	   3360	    d20	AdvanceAlarm.elf
 
20:36:42 **** Incremental Build of configuration Debug for project AdvanceAlarm ****
make -j4 all 
make: Nothing to be done for 'all'.
20:38:53 **** Incremental Build of configuration Debug for project AdvanceAlarm ****
make -j4 all 
Building file: ../src/main.c
Invoking: MCU GCC Compiler
D:\MyFile\Engineering\microprocessor\nctu\Project\AdvanceAlarm\Debug
arm-none-eabi-gcc -mcpu=cortex-m4 -mthumb -mfloat-abi=hard -mfpu=fpv4-sp-d16 -DSTM32 -DSTM32L4 -DSTM32L476RGTx -DNUCLEO_L476RG -DDEBUG -ID:/MyFile/Engineering/microprocessor/nctu/Project/AdvanceAlarm/inc -O0 -g3 -Wall -fmessage-length=0 -ffunction-sections -c -MMD -MP -MF"src/main.d" -MT"src/main.o" -o "src/main.o" "../src/main.c"
In file included from ../src/main.c:2:0:
../src/utility.h: In function 'HCSR04GetDistance':
../src/utility.h:121:6: warning: variable 'timeval' set but not used [-Wunused-but-set-variable]
  int timeval;
      ^~~~~~~
Finished building: ../src/main.c
 
Building target: AdvanceAlarm.elf
Invoking: MCU GCC Linker
arm-none-eabi-gcc -mcpu=cortex-m4 -mthumb -mfloat-abi=hard -mfpu=fpv4-sp-d16 -T"D:/MyFile/Engineering/microprocessor/nctu/Project/AdvanceAlarm/LinkerScript.ld" -Wl,-Map=output.map -Wl,--gc-sections -o "AdvanceAlarm.elf" @"objects.list"   -lm
Finished building target: AdvanceAlarm.elf
 
make --no-print-directory post-build
Generating binary and Printing size information:
arm-none-eabi-objcopy -O binary "AdvanceAlarm.elf" "AdvanceAlarm.bin"
arm-none-eabi-size "AdvanceAlarm.elf"
   text	   data	    bss	    dec	    hex	filename
   1184	   1088	   1088	   3360	    d20	AdvanceAlarm.elf
 
20:39:24 **** Incremental Build of configuration Debug for project AdvanceAlarm ****
make -j4 all 
Building file: ../src/main.c
Invoking: MCU GCC Compiler
D:\MyFile\Engineering\microprocessor\nctu\Project\AdvanceAlarm\Debug
arm-none-eabi-gcc -mcpu=cortex-m4 -mthumb -mfloat-abi=hard -mfpu=fpv4-sp-d16 -DSTM32 -DSTM32L4 -DSTM32L476RGTx -DNUCLEO_L476RG -DDEBUG -ID:/MyFile/Engineering/microprocessor/nctu/Project/AdvanceAlarm/inc -O0 -g3 -Wall -fmessage-length=0 -ffunction-sections -c -MMD -MP -MF"src/main.d" -MT"src/main.o" -o "src/main.o" "../src/main.c"
In file included from ../src/main.c:2:0:
../src/utility.h: In function 'HCSR04GetDistance':
../src/utility.h:121:6: warning: variable 'timeval' set but not used [-Wunused-but-set-variable]
  int timeval;
      ^~~~~~~
Finished building: ../src/main.c
 
Building target: AdvanceAlarm.elf
Invoking: MCU GCC Linker
arm-none-eabi-gcc -mcpu=cortex-m4 -mthumb -mfloat-abi=hard -mfpu=fpv4-sp-d16 -T"D:/MyFile/Engineering/microprocessor/nctu/Project/AdvanceAlarm/LinkerScript.ld" -Wl,-Map=output.map -Wl,--gc-sections -o "AdvanceAlarm.elf" @"objects.list"   -lm
Finished building target: AdvanceAlarm.elf
 
make --no-print-directory post-build
Generating binary and Printing size information:
arm-none-eabi-objcopy -O binary "AdvanceAlarm.elf" "AdvanceAlarm.bin"
arm-none-eabi-size "AdvanceAlarm.elf"
   text	   data	    bss	    dec	    hex	filename
   1184	   1088	   1088	   3360	    d20	AdvanceAlarm.elf
 
20:41:11 **** Incremental Build of configuration Debug for project AdvanceAlarm ****
make -j4 all 
Building file: ../src/main.c
Invoking: MCU GCC Compiler
D:\MyFile\Engineering\microprocessor\nctu\Project\AdvanceAlarm\Debug
arm-none-eabi-gcc -mcpu=cortex-m4 -mthumb -mfloat-abi=hard -mfpu=fpv4-sp-d16 -DSTM32 -DSTM32L4 -DSTM32L476RGTx -DNUCLEO_L476RG -DDEBUG -ID:/MyFile/Engineering/microprocessor/nctu/Project/AdvanceAlarm/inc -O0 -g3 -Wall -fmessage-length=0 -ffunction-sections -c -MMD -MP -MF"src/main.d" -MT"src/main.o" -o "src/main.o" "../src/main.c"
In file included from ../src/main.c:2:0:
../src/utility.h: In function 'HCSR04GetDistance':
../src/utility.h:121:6: warning: variable 'timeval' set but not used [-Wunused-but-set-variable]
  int timeval;
      ^~~~~~~
Finished building: ../src/main.c
 
Building target: AdvanceAlarm.elf
Invoking: MCU GCC Linker
arm-none-eabi-gcc -mcpu=cortex-m4 -mthumb -mfloat-abi=hard -mfpu=fpv4-sp-d16 -T"D:/MyFile/Engineering/microprocessor/nctu/Project/AdvanceAlarm/LinkerScript.ld" -Wl,-Map=output.map -Wl,--gc-sections -o "AdvanceAlarm.elf" @"objects.list"   -lm
Finished building target: AdvanceAlarm.elf
 
make --no-print-directory post-build
Generating binary and Printing size information:
arm-none-eabi-objcopy -O binary "AdvanceAlarm.elf" "AdvanceAlarm.bin"
arm-none-eabi-size "AdvanceAlarm.elf"
   text	   data	    bss	    dec	    hex	filename
   1184	   1088	   1088	   3360	    d20	AdvanceAlarm.elf
 
20:59:38 **** Incremental Build of configuration Debug for project AdvanceAlarm ****
make -j4 all 
Building file: ../src/main.c
Building file: ../src/utility.s
Invoking: MCU GCC Compiler
Invoking: MCU GCC Assembler
D:\MyFile\Engineering\microprocessor\nctu\Project\AdvanceAlarm\Debug
arm-none-eabi-gcc -mcpu=cortex-m4 -mthumb -mfloat-abi=hard -mfpu=fpv4-sp-d16 -DSTM32 -DSTM32L4 -DSTM32L476RGTx -DNUCLEO_L476RG -DDEBUG -ID:/MyFile/Engineering/microprocessor/nctu/Project/AdvanceAlarm/inc -O0 -g3 -Wall -fmessage-length=0 -ffunction-sections -c -MMD -MP -MF"src/main.d" -MT"src/main.o" -o "src/main.o" "../src/main.c"
D:\MyFile\Engineering\microprocessor\nctu\Project\AdvanceAlarm\Debug
arm-none-eabi-as -mcpu=cortex-m4 -mthumb -mfloat-abi=hard -mfpu=fpv4-sp-d16 -g -o "src/utility.o" "../src/utility.s"
Finished building: ../src/utility.s
 
In file included from ../src/main.c:2:0:
../src/utility.h: In function 'HCSR04GetDistance':
../src/utility.h:121:6: warning: variable 'timeval' set but not used [-Wunused-but-set-variable]
  int timeval;
      ^~~~~~~
Finished building: ../src/main.c
 
Building target: AdvanceAlarm.elf
Invoking: MCU GCC Linker
arm-none-eabi-gcc -mcpu=cortex-m4 -mthumb -mfloat-abi=hard -mfpu=fpv4-sp-d16 -T"D:/MyFile/Engineering/microprocessor/nctu/Project/AdvanceAlarm/LinkerScript.ld" -Wl,-Map=output.map -Wl,--gc-sections -o "AdvanceAlarm.elf" @"objects.list"   -lm
Finished building target: AdvanceAlarm.elf
 
make --no-print-directory post-build
Generating binary and Printing size information:
arm-none-eabi-objcopy -O binary "AdvanceAlarm.elf" "AdvanceAlarm.bin"
arm-none-eabi-size "AdvanceAlarm.elf"
   text	   data	    bss	    dec	    hex	filename
   1184	   1088	   1088	   3360	    d20	AdvanceAlarm.elf
 
21:00:51 **** Incremental Build of configuration Debug for project AdvanceAlarm ****
make -j4 all 
Building file: ../src/main.c
Invoking: MCU GCC Compiler
D:\MyFile\Engineering\microprocessor\nctu\Project\AdvanceAlarm\Debug
arm-none-eabi-gcc -mcpu=cortex-m4 -mthumb -mfloat-abi=hard -mfpu=fpv4-sp-d16 -DSTM32 -DSTM32L4 -DSTM32L476RGTx -DNUCLEO_L476RG -DDEBUG -ID:/MyFile/Engineering/microprocessor/nctu/Project/AdvanceAlarm/inc -O0 -g3 -Wall -fmessage-length=0 -ffunction-sections -c -MMD -MP -MF"src/main.d" -MT"src/main.o" -o "src/main.o" "../src/main.c"
In file included from ../src/main.c:2:0:
../src/utility.h: In function 'HCSR04GetDistance':
../src/utility.h:121:6: warning: variable 'timeval' set but not used [-Wunused-but-set-variable]
  int timeval;
      ^~~~~~~
Finished building: ../src/main.c
 
Building target: AdvanceAlarm.elf
Invoking: MCU GCC Linker
arm-none-eabi-gcc -mcpu=cortex-m4 -mthumb -mfloat-abi=hard -mfpu=fpv4-sp-d16 -T"D:/MyFile/Engineering/microprocessor/nctu/Project/AdvanceAlarm/LinkerScript.ld" -Wl,-Map=output.map -Wl,--gc-sections -o "AdvanceAlarm.elf" @"objects.list"   -lm
Finished building target: AdvanceAlarm.elf
 
make --no-print-directory post-build
Generating binary and Printing size information:
arm-none-eabi-objcopy -O binary "AdvanceAlarm.elf" "AdvanceAlarm.bin"
arm-none-eabi-size "AdvanceAlarm.elf"
   text	   data	    bss	    dec	    hex	filename
   1184	   1088	   1088	   3360	    d20	AdvanceAlarm.elf
 
21:02:40 **** Incremental Build of configuration Debug for project AdvanceAlarm ****
make -j4 all 
Building file: ../src/main.c
Building file: ../src/utility.s
Invoking: MCU GCC Compiler
Invoking: MCU GCC Assembler
D:\MyFile\Engineering\microprocessor\nctu\Project\AdvanceAlarm\Debug
arm-none-eabi-gcc -mcpu=cortex-m4 -mthumb -mfloat-abi=hard -mfpu=fpv4-sp-d16 -DSTM32 -DSTM32L4 -DSTM32L476RGTx -DNUCLEO_L476RG -DDEBUG -ID:/MyFile/Engineering/microprocessor/nctu/Project/AdvanceAlarm/inc -O0 -g3 -Wall -fmessage-length=0 -ffunction-sections -c -MMD -MP -MF"src/main.d" -MT"src/main.o" -o "src/main.o" "../src/main.c"
D:\MyFile\Engineering\microprocessor\nctu\Project\AdvanceAlarm\Debug
arm-none-eabi-as -mcpu=cortex-m4 -mthumb -mfloat-abi=hard -mfpu=fpv4-sp-d16 -g -o "src/utility.o" "../src/utility.s"
Finished building: ../src/utility.s
 
In file included from ../src/main.c:2:0:
../src/utility.h: In function 'HCSR04GetDistance':
../src/utility.h:121:6: warning: variable 'timeval' set but not used [-Wunused-but-set-variable]
  int timeval;
      ^~~~~~~
Finished building: ../src/main.c
 
Building target: AdvanceAlarm.elf
Invoking: MCU GCC Linker
arm-none-eabi-gcc -mcpu=cortex-m4 -mthumb -mfloat-abi=hard -mfpu=fpv4-sp-d16 -T"D:/MyFile/Engineering/microprocessor/nctu/Project/AdvanceAlarm/LinkerScript.ld" -Wl,-Map=output.map -Wl,--gc-sections -o "AdvanceAlarm.elf" @"objects.list"   -lm
Finished building target: AdvanceAlarm.elf
 
make --no-print-directory post-build
Generating binary and Printing size information:
arm-none-eabi-objcopy -O binary "AdvanceAlarm.elf" "AdvanceAlarm.bin"
arm-none-eabi-size "AdvanceAlarm.elf"
   text	   data	    bss	    dec	    hex	filename
   1184	   1088	   1088	   3360	    d20	AdvanceAlarm.elf
 
21:03:06 **** Incremental Build of configuration Debug for project AdvanceAlarm ****
make -j4 all 
Building file: ../src/main.c
Invoking: MCU GCC Compiler
D:\MyFile\Engineering\microprocessor\nctu\Project\AdvanceAlarm\Debug
arm-none-eabi-gcc -mcpu=cortex-m4 -mthumb -mfloat-abi=hard -mfpu=fpv4-sp-d16 -DSTM32 -DSTM32L4 -DSTM32L476RGTx -DNUCLEO_L476RG -DDEBUG -ID:/MyFile/Engineering/microprocessor/nctu/Project/AdvanceAlarm/inc -O0 -g3 -Wall -fmessage-length=0 -ffunction-sections -c -MMD -MP -MF"src/main.d" -MT"src/main.o" -o "src/main.o" "../src/main.c"
In file included from ../src/main.c:2:0:
../src/utility.h: In function 'HCSR04GetDistance':
../src/utility.h:121:6: warning: variable 'timeval' set but not used [-Wunused-but-set-variable]
  int timeval;
      ^~~~~~~
Finished building: ../src/main.c
 
Building target: AdvanceAlarm.elf
Invoking: MCU GCC Linker
arm-none-eabi-gcc -mcpu=cortex-m4 -mthumb -mfloat-abi=hard -mfpu=fpv4-sp-d16 -T"D:/MyFile/Engineering/microprocessor/nctu/Project/AdvanceAlarm/LinkerScript.ld" -Wl,-Map=output.map -Wl,--gc-sections -o "AdvanceAlarm.elf" @"objects.list"   -lm
Finished building target: AdvanceAlarm.elf
 
make --no-print-directory post-build
Generating binary and Printing size information:
arm-none-eabi-objcopy -O binary "AdvanceAlarm.elf" "AdvanceAlarm.bin"
arm-none-eabi-size "AdvanceAlarm.elf"
   text	   data	    bss	    dec	    hex	filename
   1184	   1088	   1088	   3360	    d20	AdvanceAlarm.elf
 
21:07:25 **** Incremental Build of configuration Debug for project AdvanceAlarm ****
make -j4 all 
Building file: ../src/main.c
Invoking: MCU GCC Compiler
D:\MyFile\Engineering\microprocessor\nctu\Project\AdvanceAlarm\Debug
arm-none-eabi-gcc -mcpu=cortex-m4 -mthumb -mfloat-abi=hard -mfpu=fpv4-sp-d16 -DSTM32 -DSTM32L4 -DSTM32L476RGTx -DNUCLEO_L476RG -DDEBUG -ID:/MyFile/Engineering/microprocessor/nctu/Project/AdvanceAlarm/inc -O0 -g3 -Wall -fmessage-length=0 -ffunction-sections -c -MMD -MP -MF"src/main.d" -MT"src/main.o" -o "src/main.o" "../src/main.c"
In file included from ../src/main.c:2:0:
../src/utility.h: In function 'HCSR04GetDistance':
../src/utility.h:121:6: warning: variable 'timeval' set but not used [-Wunused-but-set-variable]
  int timeval;
      ^~~~~~~
Finished building: ../src/main.c
 
Building target: AdvanceAlarm.elf
Invoking: MCU GCC Linker
arm-none-eabi-gcc -mcpu=cortex-m4 -mthumb -mfloat-abi=hard -mfpu=fpv4-sp-d16 -T"D:/MyFile/Engineering/microprocessor/nctu/Project/AdvanceAlarm/LinkerScript.ld" -Wl,-Map=output.map -Wl,--gc-sections -o "AdvanceAlarm.elf" @"objects.list"   -lm
Finished building target: AdvanceAlarm.elf
 
make --no-print-directory post-build
Generating binary and Printing size information:
arm-none-eabi-objcopy -O binary "AdvanceAlarm.elf" "AdvanceAlarm.bin"
arm-none-eabi-size "AdvanceAlarm.elf"
   text	   data	    bss	    dec	    hex	filename
   1208	   1088	   1088	   3384	    d38	AdvanceAlarm.elf
 
21:08:58 **** Incremental Build of configuration Debug for project AdvanceAlarm ****
make -j4 all 
make: Nothing to be done for 'all'.
21:09:30 **** Incremental Build of configuration Debug for project AdvanceAlarm ****
make -j4 all 
make: Nothing to be done for 'all'.
21:09:41 **** Incremental Build of configuration Debug for project AdvanceAlarm ****
make -j4 all 
make: Nothing to be done for 'all'.
21:10:33 **** Incremental Build of configuration Debug for project AdvanceAlarm ****
make -j4 all 
make: Nothing to be done for 'all'.
21:11:45 **** Incremental Build of configuration Debug for project AdvanceAlarm ****
make -j4 all 
make: Nothing to be done for 'all'.
21:12:00 **** Incremental Build of configuration Debug for project AdvanceAlarm ****
make -j4 all 
make: Nothing to be done for 'all'.
21:12:42 **** Incremental Build of configuration Debug for project AdvanceAlarm ****
make -j4 all 
make: Nothing to be done for 'all'.
21:14:46 **** Incremental Build of configuration Debug for project AdvanceAlarm ****
make -j4 all 
Building file: ../src/main.c
Invoking: MCU GCC Compiler
D:\MyFile\Engineering\microprocessor\nctu\Project\AdvanceAlarm\Debug
arm-none-eabi-gcc -mcpu=cortex-m4 -mthumb -mfloat-abi=hard -mfpu=fpv4-sp-d16 -DSTM32 -DSTM32L4 -DSTM32L476RGTx -DNUCLEO_L476RG -DDEBUG -ID:/MyFile/Engineering/microprocessor/nctu/Project/AdvanceAlarm/inc -O0 -g3 -Wall -fmessage-length=0 -ffunction-sections -c -MMD -MP -MF"src/main.d" -MT"src/main.o" -o "src/main.o" "../src/main.c"
In file included from ../src/main.c:2:0:
../src/utility.h: In function 'HCSR04GetDistance':
../src/utility.h:121:6: warning: variable 'timeval' set but not used [-Wunused-but-set-variable]
  int timeval;
      ^~~~~~~
Finished building: ../src/main.c
 
Building target: AdvanceAlarm.elf
Invoking: MCU GCC Linker
arm-none-eabi-gcc -mcpu=cortex-m4 -mthumb -mfloat-abi=hard -mfpu=fpv4-sp-d16 -T"D:/MyFile/Engineering/microprocessor/nctu/Project/AdvanceAlarm/LinkerScript.ld" -Wl,-Map=output.map -Wl,--gc-sections -o "AdvanceAlarm.elf" @"objects.list"   -lm
Finished building target: AdvanceAlarm.elf
 
make --no-print-directory post-build
Generating binary and Printing size information:
arm-none-eabi-objcopy -O binary "AdvanceAlarm.elf" "AdvanceAlarm.bin"
arm-none-eabi-size "AdvanceAlarm.elf"
   text	   data	    bss	    dec	    hex	filename
   1208	   1088	   1088	   3384	    d38	AdvanceAlarm.elf
 
21:15:42 **** Incremental Build of configuration Debug for project AdvanceAlarm ****
make -j4 all 
Building file: ../src/main.c
Invoking: MCU GCC Compiler
D:\MyFile\Engineering\microprocessor\nctu\Project\AdvanceAlarm\Debug
arm-none-eabi-gcc -mcpu=cortex-m4 -mthumb -mfloat-abi=hard -mfpu=fpv4-sp-d16 -DSTM32 -DSTM32L4 -DSTM32L476RGTx -DNUCLEO_L476RG -DDEBUG -ID:/MyFile/Engineering/microprocessor/nctu/Project/AdvanceAlarm/inc -O0 -g3 -Wall -fmessage-length=0 -ffunction-sections -c -MMD -MP -MF"src/main.d" -MT"src/main.o" -o "src/main.o" "../src/main.c"
In file included from ../src/main.c:2:0:
../src/utility.h: In function 'HCSR04GetDistance':
../src/utility.h:121:6: warning: variable 'timeval' set but not used [-Wunused-but-set-variable]
  int timeval;
      ^~~~~~~
Finished building: ../src/main.c
 
Building target: AdvanceAlarm.elf
Invoking: MCU GCC Linker
arm-none-eabi-gcc -mcpu=cortex-m4 -mthumb -mfloat-abi=hard -mfpu=fpv4-sp-d16 -T"D:/MyFile/Engineering/microprocessor/nctu/Project/AdvanceAlarm/LinkerScript.ld" -Wl,-Map=output.map -Wl,--gc-sections -o "AdvanceAlarm.elf" @"objects.list"   -lm
Finished building target: AdvanceAlarm.elf
 
make --no-print-directory post-build
Generating binary and Printing size information:
arm-none-eabi-objcopy -O binary "AdvanceAlarm.elf" "AdvanceAlarm.bin"
arm-none-eabi-size "AdvanceAlarm.elf"
   text	   data	    bss	    dec	    hex	filename
   1208	   1088	   1088	   3384	    d38	AdvanceAlarm.elf
 
21:15:48 **** Incremental Build of configuration Debug for project AdvanceAlarm ****
make -j4 all 
make: Nothing to be done for 'all'.
21:18:59 **** Incremental Build of configuration Debug for project AdvanceAlarm ****
make -j4 all 
Building file: ../src/utility.s
Invoking: MCU GCC Assembler
D:\MyFile\Engineering\microprocessor\nctu\Project\AdvanceAlarm\Debug
arm-none-eabi-as -mcpu=cortex-m4 -mthumb -mfloat-abi=hard -mfpu=fpv4-sp-d16 -g -o "src/utility.o" "../src/utility.s"
Finished building: ../src/utility.s
 
Building target: AdvanceAlarm.elf
Invoking: MCU GCC Linker
arm-none-eabi-gcc -mcpu=cortex-m4 -mthumb -mfloat-abi=hard -mfpu=fpv4-sp-d16 -T"D:/MyFile/Engineering/microprocessor/nctu/Project/AdvanceAlarm/LinkerScript.ld" -Wl,-Map=output.map -Wl,--gc-sections -o "AdvanceAlarm.elf" @"objects.list"   -lm
Finished building target: AdvanceAlarm.elf
 
make --no-print-directory post-build
Generating binary and Printing size information:
arm-none-eabi-objcopy -O binary "AdvanceAlarm.elf" "AdvanceAlarm.bin"
arm-none-eabi-size "AdvanceAlarm.elf"
   text	   data	    bss	    dec	    hex	filename
   1208	   1088	   1088	   3384	    d38	AdvanceAlarm.elf
 
21:19:12 **** Incremental Build of configuration Debug for project AdvanceAlarm ****
make -j4 all 
make: Nothing to be done for 'all'.
21:19:49 **** Incremental Build of configuration Debug for project AdvanceAlarm ****
make -j4 all 
Building file: ../src/main.c
Invoking: MCU GCC Compiler
D:\MyFile\Engineering\microprocessor\nctu\Project\AdvanceAlarm\Debug
arm-none-eabi-gcc -mcpu=cortex-m4 -mthumb -mfloat-abi=hard -mfpu=fpv4-sp-d16 -DSTM32 -DSTM32L4 -DSTM32L476RGTx -DNUCLEO_L476RG -DDEBUG -ID:/MyFile/Engineering/microprocessor/nctu/Project/AdvanceAlarm/inc -O0 -g3 -Wall -fmessage-length=0 -ffunction-sections -c -MMD -MP -MF"src/main.d" -MT"src/main.o" -o "src/main.o" "../src/main.c"
In file included from ../src/main.c:2:0:
../src/utility.h: In function 'HCSR04GetDistance':
../src/utility.h:121:6: warning: variable 'timeval' set but not used [-Wunused-but-set-variable]
  int timeval;
      ^~~~~~~
Finished building: ../src/main.c
 
Building target: AdvanceAlarm.elf
Invoking: MCU GCC Linker
arm-none-eabi-gcc -mcpu=cortex-m4 -mthumb -mfloat-abi=hard -mfpu=fpv4-sp-d16 -T"D:/MyFile/Engineering/microprocessor/nctu/Project/AdvanceAlarm/LinkerScript.ld" -Wl,-Map=output.map -Wl,--gc-sections -o "AdvanceAlarm.elf" @"objects.list"   -lm
Finished building target: AdvanceAlarm.elf
 
make --no-print-directory post-build
Generating binary and Printing size information:
arm-none-eabi-objcopy -O binary "AdvanceAlarm.elf" "AdvanceAlarm.bin"
arm-none-eabi-size "AdvanceAlarm.elf"
   text	   data	    bss	    dec	    hex	filename
   1208	   1088	   1088	   3384	    d38	AdvanceAlarm.elf
 
21:20:36 **** Incremental Build of configuration Debug for project AdvanceAlarm ****
make -j4 all 
make: Nothing to be done for 'all'.
21:20:59 **** Incremental Build of configuration Debug for project AdvanceAlarm ****
make -j4 all 
make: Nothing to be done for 'all'.
21:21:41 **** Incremental Build of configuration Debug for project AdvanceAlarm ****
make -j4 all 
Building file: ../src/main.c
Invoking: MCU GCC Compiler
D:\MyFile\Engineering\microprocessor\nctu\Project\AdvanceAlarm\Debug
arm-none-eabi-gcc -mcpu=cortex-m4 -mthumb -mfloat-abi=hard -mfpu=fpv4-sp-d16 -DSTM32 -DSTM32L4 -DSTM32L476RGTx -DNUCLEO_L476RG -DDEBUG -ID:/MyFile/Engineering/microprocessor/nctu/Project/AdvanceAlarm/inc -O0 -g3 -Wall -fmessage-length=0 -ffunction-sections -c -MMD -MP -MF"src/main.d" -MT"src/main.o" -o "src/main.o" "../src/main.c"
In file included from ../src/main.c:2:0:
../src/utility.h: In function 'HCSR04GetDistance':
../src/utility.h:121:6: warning: variable 'timeval' set but not used [-Wunused-but-set-variable]
  int timeval;
      ^~~~~~~
Finished building: ../src/main.c
 
Building target: AdvanceAlarm.elf
Invoking: MCU GCC Linker
arm-none-eabi-gcc -mcpu=cortex-m4 -mthumb -mfloat-abi=hard -mfpu=fpv4-sp-d16 -T"D:/MyFile/Engineering/microprocessor/nctu/Project/AdvanceAlarm/LinkerScript.ld" -Wl,-Map=output.map -Wl,--gc-sections -o "AdvanceAlarm.elf" @"objects.list"   -lm
Finished building target: AdvanceAlarm.elf
 
make --no-print-directory post-build
Generating binary and Printing size information:
arm-none-eabi-objcopy -O binary "AdvanceAlarm.elf" "AdvanceAlarm.bin"
arm-none-eabi-size "AdvanceAlarm.elf"
   text	   data	    bss	    dec	    hex	filename
   1184	   1088	   1088	   3360	    d20	AdvanceAlarm.elf
 
21:22:32 **** Incremental Build of configuration Debug for project AdvanceAlarm ****
make -j4 all 
make: Nothing to be done for 'all'.
21:26:58 **** Incremental Build of configuration Debug for project AdvanceAlarm ****
make -j4 all 
Building file: ../src/utility.s
Invoking: MCU GCC Assembler
D:\MyFile\Engineering\microprocessor\nctu\Project\AdvanceAlarm\Debug
arm-none-eabi-as -mcpu=cortex-m4 -mthumb -mfloat-abi=hard -mfpu=fpv4-sp-d16 -g -o "src/utility.o" "../src/utility.s"
Finished building: ../src/utility.s
 
Building target: AdvanceAlarm.elf
Invoking: MCU GCC Linker
arm-none-eabi-gcc -mcpu=cortex-m4 -mthumb -mfloat-abi=hard -mfpu=fpv4-sp-d16 -T"D:/MyFile/Engineering/microprocessor/nctu/Project/AdvanceAlarm/LinkerScript.ld" -Wl,-Map=output.map -Wl,--gc-sections -o "AdvanceAlarm.elf" @"objects.list"   -lm
Finished building target: AdvanceAlarm.elf
 
make --no-print-directory post-build
Generating binary and Printing size information:
arm-none-eabi-objcopy -O binary "AdvanceAlarm.elf" "AdvanceAlarm.bin"
arm-none-eabi-size "AdvanceAlarm.elf"
   text	   data	    bss	    dec	    hex	filename
   1184	   1088	   1088	   3360	    d20	AdvanceAlarm.elf
 
21:27:30 **** Incremental Build of configuration Debug for project AdvanceAlarm ****
make -j4 all 
make: Nothing to be done for 'all'.
21:28:34 **** Incremental Build of configuration Debug for project AdvanceAlarm ****
make -j4 all 
make: Nothing to be done for 'all'.
21:29:04 **** Incremental Build of configuration Debug for project AdvanceAlarm ****
make -j4 all 
Building file: ../src/main.c
Invoking: MCU GCC Compiler
D:\MyFile\Engineering\microprocessor\nctu\Project\AdvanceAlarm\Debug
arm-none-eabi-gcc -mcpu=cortex-m4 -mthumb -mfloat-abi=hard -mfpu=fpv4-sp-d16 -DSTM32 -DSTM32L4 -DSTM32L476RGTx -DNUCLEO_L476RG -DDEBUG -ID:/MyFile/Engineering/microprocessor/nctu/Project/AdvanceAlarm/inc -O0 -g3 -Wall -fmessage-length=0 -ffunction-sections -c -MMD -MP -MF"src/main.d" -MT"src/main.o" -o "src/main.o" "../src/main.c"
In file included from ../src/main.c:2:0:
../src/utility.h: In function 'HCSR04GetDistance':
../src/utility.h:121:6: warning: variable 'timeval' set but not used [-Wunused-but-set-variable]
  int timeval;
      ^~~~~~~
Finished building: ../src/main.c
 
Building target: AdvanceAlarm.elf
Invoking: MCU GCC Linker
arm-none-eabi-gcc -mcpu=cortex-m4 -mthumb -mfloat-abi=hard -mfpu=fpv4-sp-d16 -T"D:/MyFile/Engineering/microprocessor/nctu/Project/AdvanceAlarm/LinkerScript.ld" -Wl,-Map=output.map -Wl,--gc-sections -o "AdvanceAlarm.elf" @"objects.list"   -lm
Finished building target: AdvanceAlarm.elf
 
make --no-print-directory post-build
Generating binary and Printing size information:
arm-none-eabi-objcopy -O binary "AdvanceAlarm.elf" "AdvanceAlarm.bin"
arm-none-eabi-size "AdvanceAlarm.elf"
   text	   data	    bss	    dec	    hex	filename
   1192	   1088	   1088	   3368	    d28	AdvanceAlarm.elf
 
21:29:12 **** Incremental Build of configuration Debug for project AdvanceAlarm ****
make -j4 all 
make: Nothing to be done for 'all'.
21:29:37 **** Incremental Build of configuration Debug for project AdvanceAlarm ****
make -j4 all 
make: Nothing to be done for 'all'.
21:29:51 **** Incremental Build of configuration Debug for project AdvanceAlarm ****
make -j4 all 
Building file: ../src/main.c
Invoking: MCU GCC Compiler
D:\MyFile\Engineering\microprocessor\nctu\Project\AdvanceAlarm\Debug
arm-none-eabi-gcc -mcpu=cortex-m4 -mthumb -mfloat-abi=hard -mfpu=fpv4-sp-d16 -DSTM32 -DSTM32L4 -DSTM32L476RGTx -DNUCLEO_L476RG -DDEBUG -ID:/MyFile/Engineering/microprocessor/nctu/Project/AdvanceAlarm/inc -O0 -g3 -Wall -fmessage-length=0 -ffunction-sections -c -MMD -MP -MF"src/main.d" -MT"src/main.o" -o "src/main.o" "../src/main.c"
In file included from ../src/main.c:2:0:
../src/utility.h: In function 'HCSR04GetDistance':
../src/utility.h:121:6: warning: variable 'timeval' set but not used [-Wunused-but-set-variable]
  int timeval;
      ^~~~~~~
Finished building: ../src/main.c
 
Building target: AdvanceAlarm.elf
Invoking: MCU GCC Linker
arm-none-eabi-gcc -mcpu=cortex-m4 -mthumb -mfloat-abi=hard -mfpu=fpv4-sp-d16 -T"D:/MyFile/Engineering/microprocessor/nctu/Project/AdvanceAlarm/LinkerScript.ld" -Wl,-Map=output.map -Wl,--gc-sections -o "AdvanceAlarm.elf" @"objects.list"   -lm
Finished building target: AdvanceAlarm.elf
 
make --no-print-directory post-build
Generating binary and Printing size information:
arm-none-eabi-objcopy -O binary "AdvanceAlarm.elf" "AdvanceAlarm.bin"
arm-none-eabi-size "AdvanceAlarm.elf"
   text	   data	    bss	    dec	    hex	filename
   1184	   1088	   1088	   3360	    d20	AdvanceAlarm.elf
 
21:29:58 **** Incremental Build of configuration Debug for project AdvanceAlarm ****
make -j4 all 
make: Nothing to be done for 'all'.
21:30:16 **** Incremental Build of configuration Debug for project AdvanceAlarm ****
make -j4 all 
make: Nothing to be done for 'all'.
21:30:41 **** Incremental Build of configuration Debug for project AdvanceAlarm ****
make -j4 all 
make: Nothing to be done for 'all'.
21:32:06 **** Incremental Build of configuration Debug for project AdvanceAlarm ****
make -j4 all 
make: Nothing to be done for 'all'.
21:33:00 **** Incremental Build of configuration Debug for project AdvanceAlarm ****
make -j4 all 
Building file: ../src/main.c
Building file: ../src/utility.s
Invoking: MCU GCC Compiler
Invoking: MCU GCC Assembler
D:\MyFile\Engineering\microprocessor\nctu\Project\AdvanceAlarm\Debug
arm-none-eabi-gcc -mcpu=cortex-m4 -mthumb -mfloat-abi=hard -mfpu=fpv4-sp-d16 -DSTM32 -DSTM32L4 -DSTM32L476RGTx -DNUCLEO_L476RG -DDEBUG -ID:/MyFile/Engineering/microprocessor/nctu/Project/AdvanceAlarm/inc -O0 -g3 -Wall -fmessage-length=0 -ffunction-sections -c -MMD -MP -MF"src/main.d" -MT"src/main.o" -o "src/main.o" "../src/main.c"
D:\MyFile\Engineering\microprocessor\nctu\Project\AdvanceAlarm\Debug
arm-none-eabi-as -mcpu=cortex-m4 -mthumb -mfloat-abi=hard -mfpu=fpv4-sp-d16 -g -o "src/utility.o" "../src/utility.s"
Finished building: ../src/utility.s
 
In file included from ../src/main.c:2:0:
../src/utility.h: In function 'HCSR04GetDistance':
../src/utility.h:121:6: warning: variable 'timeval' set but not used [-Wunused-but-set-variable]
  int timeval;
      ^~~~~~~
Finished building: ../src/main.c
 
Building target: AdvanceAlarm.elf
Invoking: MCU GCC Linker
arm-none-eabi-gcc -mcpu=cortex-m4 -mthumb -mfloat-abi=hard -mfpu=fpv4-sp-d16 -T"D:/MyFile/Engineering/microprocessor/nctu/Project/AdvanceAlarm/LinkerScript.ld" -Wl,-Map=output.map -Wl,--gc-sections -o "AdvanceAlarm.elf" @"objects.list"   -lm
Finished building target: AdvanceAlarm.elf
 
make --no-print-directory post-build
Generating binary and Printing size information:
arm-none-eabi-objcopy -O binary "AdvanceAlarm.elf" "AdvanceAlarm.bin"
[...]
Invoking: MCU GCC Linker
arm-none-eabi-gcc -mcpu=cortex-m4 -mthumb -mfloat-abi=hard -mfpu=fpv4-sp-d16 -T"D:/MyFile/Engineering/microprocessor/nctu/Project/AdvanceAlarm/LinkerScript.ld" -Wl,-Map=output.map -Wl,--gc-sections -o "AdvanceAlarm.elf" @"objects.list"   -lm
Finished building target: AdvanceAlarm.elf
 
make --no-print-directory post-build
Generating binary and Printing size information:
arm-none-eabi-objcopy -O binary "AdvanceAlarm.elf" "AdvanceAlarm.bin"
arm-none-eabi-size "AdvanceAlarm.elf"
   text	   data	    bss	    dec	    hex	filename
   2776	   1088	   1088	   4952	   1358	AdvanceAlarm.elf
 
13:24:29 **** Incremental Build of configuration Debug for project AdvanceAlarm ****
make -j4 all 
Building file: ../src/main.c
Invoking: MCU GCC Compiler
D:\MyFile\Engineering\microprocessor\nctu\Project\AdvanceAlarm\Debug
arm-none-eabi-gcc -mcpu=cortex-m4 -mthumb -mfloat-abi=hard -mfpu=fpv4-sp-d16 -DSTM32 -DSTM32L4 -DSTM32L476RGTx -DNUCLEO_L476RG -DDEBUG -ID:/MyFile/Engineering/microprocessor/nctu/Project/AdvanceAlarm/inc -O0 -g3 -Wall -fmessage-length=0 -ffunction-sections -c -MMD -MP -MF"src/main.d" -MT"src/main.o" -o "src/main.o" "../src/main.c"
In file included from ../src/main.c:2:0:
../src/utility.h: In function 'HCSR04GetDistance':
../src/utility.h:166:6: warning: variable 'timeval' set but not used [-Wunused-but-set-variable]
  int timeval;
      ^~~~~~~
Finished building: ../src/main.c
 
Building target: AdvanceAlarm.elf
Invoking: MCU GCC Linker
arm-none-eabi-gcc -mcpu=cortex-m4 -mthumb -mfloat-abi=hard -mfpu=fpv4-sp-d16 -T"D:/MyFile/Engineering/microprocessor/nctu/Project/AdvanceAlarm/LinkerScript.ld" -Wl,-Map=output.map -Wl,--gc-sections -o "AdvanceAlarm.elf" @"objects.list"   -lm
Finished building target: AdvanceAlarm.elf
 
make --no-print-directory post-build
Generating binary and Printing size information:
arm-none-eabi-objcopy -O binary "AdvanceAlarm.elf" "AdvanceAlarm.bin"
arm-none-eabi-size "AdvanceAlarm.elf"
   text	   data	    bss	    dec	    hex	filename
   2792	   1088	   1088	   4968	   1368	AdvanceAlarm.elf
 
13:24:46 **** Incremental Build of configuration Debug for project AdvanceAlarm ****
make -j4 all 
Building file: ../src/main.c
Invoking: MCU GCC Compiler
D:\MyFile\Engineering\microprocessor\nctu\Project\AdvanceAlarm\Debug
arm-none-eabi-gcc -mcpu=cortex-m4 -mthumb -mfloat-abi=hard -mfpu=fpv4-sp-d16 -DSTM32 -DSTM32L4 -DSTM32L476RGTx -DNUCLEO_L476RG -DDEBUG -ID:/MyFile/Engineering/microprocessor/nctu/Project/AdvanceAlarm/inc -O0 -g3 -Wall -fmessage-length=0 -ffunction-sections -c -MMD -MP -MF"src/main.d" -MT"src/main.o" -o "src/main.o" "../src/main.c"
In file included from ../src/main.c:2:0:
../src/utility.h: In function 'HCSR04GetDistance':
../src/utility.h:166:6: warning: variable 'timeval' set but not used [-Wunused-but-set-variable]
  int timeval;
      ^~~~~~~
Finished building: ../src/main.c
 
Building target: AdvanceAlarm.elf
Invoking: MCU GCC Linker
arm-none-eabi-gcc -mcpu=cortex-m4 -mthumb -mfloat-abi=hard -mfpu=fpv4-sp-d16 -T"D:/MyFile/Engineering/microprocessor/nctu/Project/AdvanceAlarm/LinkerScript.ld" -Wl,-Map=output.map -Wl,--gc-sections -o "AdvanceAlarm.elf" @"objects.list"   -lm
Finished building target: AdvanceAlarm.elf
 
make --no-print-directory post-build
Generating binary and Printing size information:
arm-none-eabi-objcopy -O binary "AdvanceAlarm.elf" "AdvanceAlarm.bin"
arm-none-eabi-size "AdvanceAlarm.elf"
   text	   data	    bss	    dec	    hex	filename
   2760	   1088	   1088	   4936	   1348	AdvanceAlarm.elf
 
13:25:06 **** Incremental Build of configuration Debug for project AdvanceAlarm ****
make -j4 all 
Building file: ../src/main.c
Invoking: MCU GCC Compiler
D:\MyFile\Engineering\microprocessor\nctu\Project\AdvanceAlarm\Debug
arm-none-eabi-gcc -mcpu=cortex-m4 -mthumb -mfloat-abi=hard -mfpu=fpv4-sp-d16 -DSTM32 -DSTM32L4 -DSTM32L476RGTx -DNUCLEO_L476RG -DDEBUG -ID:/MyFile/Engineering/microprocessor/nctu/Project/AdvanceAlarm/inc -O0 -g3 -Wall -fmessage-length=0 -ffunction-sections -c -MMD -MP -MF"src/main.d" -MT"src/main.o" -o "src/main.o" "../src/main.c"
In file included from ../src/main.c:2:0:
../src/utility.h: In function 'HCSR04GetDistance':
../src/utility.h:166:6: warning: variable 'timeval' set but not used [-Wunused-but-set-variable]
  int timeval;
      ^~~~~~~
Finished building: ../src/main.c
 
Building target: AdvanceAlarm.elf
Invoking: MCU GCC Linker
arm-none-eabi-gcc -mcpu=cortex-m4 -mthumb -mfloat-abi=hard -mfpu=fpv4-sp-d16 -T"D:/MyFile/Engineering/microprocessor/nctu/Project/AdvanceAlarm/LinkerScript.ld" -Wl,-Map=output.map -Wl,--gc-sections -o "AdvanceAlarm.elf" @"objects.list"   -lm
Finished building target: AdvanceAlarm.elf
 
make --no-print-directory post-build
Generating binary and Printing size information:
arm-none-eabi-objcopy -O binary "AdvanceAlarm.elf" "AdvanceAlarm.bin"
arm-none-eabi-size "AdvanceAlarm.elf"
   text	   data	    bss	    dec	    hex	filename
   2680	   1088	   1088	   4856	   12f8	AdvanceAlarm.elf
 
13:25:13 **** Incremental Build of configuration Debug for project AdvanceAlarm ****
make -j4 all 
make: Nothing to be done for 'all'.
13:25:22 **** Incremental Build of configuration Debug for project AdvanceAlarm ****
make -j4 all 
make: Nothing to be done for 'all'.
13:25:32 **** Incremental Build of configuration Debug for project AdvanceAlarm ****
make -j4 all 
make: Nothing to be done for 'all'.
13:27:06 **** Incremental Build of configuration Debug for project AdvanceAlarm ****
make -j4 all 
make: Nothing to be done for 'all'.
13:28:23 **** Incremental Build of configuration Debug for project AdvanceAlarm ****
make -j4 all 
make: Nothing to be done for 'all'.
13:31:24 **** Incremental Build of configuration Debug for project AdvanceAlarm ****
make -j4 all 
Building file: ../src/main.c
Invoking: MCU GCC Compiler
D:\MyFile\Engineering\microprocessor\nctu\Project\AdvanceAlarm\Debug
arm-none-eabi-gcc -mcpu=cortex-m4 -mthumb -mfloat-abi=hard -mfpu=fpv4-sp-d16 -DSTM32 -DSTM32L4 -DSTM32L476RGTx -DNUCLEO_L476RG -DDEBUG -ID:/MyFile/Engineering/microprocessor/nctu/Project/AdvanceAlarm/inc -O0 -g3 -Wall -fmessage-length=0 -ffunction-sections -c -MMD -MP -MF"src/main.d" -MT"src/main.o" -o "src/main.o" "../src/main.c"
In file included from ../src/main.c:2:0:
../src/utility.h: In function 'HCSR04GetDistance':
../src/utility.h:166:6: warning: variable 'timeval' set but not used [-Wunused-but-set-variable]
  int timeval;
      ^~~~~~~
Finished building: ../src/main.c
 
Building target: AdvanceAlarm.elf
Invoking: MCU GCC Linker
arm-none-eabi-gcc -mcpu=cortex-m4 -mthumb -mfloat-abi=hard -mfpu=fpv4-sp-d16 -T"D:/MyFile/Engineering/microprocessor/nctu/Project/AdvanceAlarm/LinkerScript.ld" -Wl,-Map=output.map -Wl,--gc-sections -o "AdvanceAlarm.elf" @"objects.list"   -lm
Finished building target: AdvanceAlarm.elf
 
make --no-print-directory post-build
Generating binary and Printing size information:
arm-none-eabi-objcopy -O binary "AdvanceAlarm.elf" "AdvanceAlarm.bin"
arm-none-eabi-size "AdvanceAlarm.elf"
   text	   data	    bss	    dec	    hex	filename
   2632	   1088	   1088	   4808	   12c8	AdvanceAlarm.elf
 
13:31:29 **** Incremental Build of configuration Debug for project AdvanceAlarm ****
make -j4 all 
make: Nothing to be done for 'all'.
13:31:31 **** Incremental Build of configuration Debug for project AdvanceAlarm ****
make -j4 all 
make: Nothing to be done for 'all'.
13:31:39 **** Incremental Build of configuration Debug for project AdvanceAlarm ****
make -j4 all 
Building file: ../src/main.c
Invoking: MCU GCC Compiler
D:\MyFile\Engineering\microprocessor\nctu\Project\AdvanceAlarm\Debug
arm-none-eabi-gcc -mcpu=cortex-m4 -mthumb -mfloat-abi=hard -mfpu=fpv4-sp-d16 -DSTM32 -DSTM32L4 -DSTM32L476RGTx -DNUCLEO_L476RG -DDEBUG -ID:/MyFile/Engineering/microprocessor/nctu/Project/AdvanceAlarm/inc -O0 -g3 -Wall -fmessage-length=0 -ffunction-sections -c -MMD -MP -MF"src/main.d" -MT"src/main.o" -o "src/main.o" "../src/main.c"
In file included from ../src/main.c:2:0:
../src/utility.h: In function 'HCSR04GetDistance':
../src/utility.h:166:6: warning: variable 'timeval' set but not used [-Wunused-but-set-variable]
  int timeval;
      ^~~~~~~
Finished building: ../src/main.c
 
Building target: AdvanceAlarm.elf
Invoking: MCU GCC Linker
arm-none-eabi-gcc -mcpu=cortex-m4 -mthumb -mfloat-abi=hard -mfpu=fpv4-sp-d16 -T"D:/MyFile/Engineering/microprocessor/nctu/Project/AdvanceAlarm/LinkerScript.ld" -Wl,-Map=output.map -Wl,--gc-sections -o "AdvanceAlarm.elf" @"objects.list"   -lm
Finished building target: AdvanceAlarm.elf
 
make --no-print-directory post-build
Generating binary and Printing size information:
arm-none-eabi-objcopy -O binary "AdvanceAlarm.elf" "AdvanceAlarm.bin"
arm-none-eabi-size "AdvanceAlarm.elf"
   text	   data	    bss	    dec	    hex	filename
   2560	   1088	   1088	   4736	   1280	AdvanceAlarm.elf
 
13:32:14 **** Incremental Build of configuration Debug for project AdvanceAlarm ****
make -j4 all 
Building file: ../src/main.c
Invoking: MCU GCC Compiler
D:\MyFile\Engineering\microprocessor\nctu\Project\AdvanceAlarm\Debug
arm-none-eabi-gcc -mcpu=cortex-m4 -mthumb -mfloat-abi=hard -mfpu=fpv4-sp-d16 -DSTM32 -DSTM32L4 -DSTM32L476RGTx -DNUCLEO_L476RG -DDEBUG -ID:/MyFile/Engineering/microprocessor/nctu/Project/AdvanceAlarm/inc -O0 -g3 -Wall -fmessage-length=0 -ffunction-sections -c -MMD -MP -MF"src/main.d" -MT"src/main.o" -o "src/main.o" "../src/main.c"
In file included from ../src/main.c:2:0:
../src/utility.h: In function 'HCSR04GetDistance':
../src/utility.h:166:6: warning: variable 'timeval' set but not used [-Wunused-but-set-variable]
  int timeval;
      ^~~~~~~
Finished building: ../src/main.c
 
Building target: AdvanceAlarm.elf
Invoking: MCU GCC Linker
arm-none-eabi-gcc -mcpu=cortex-m4 -mthumb -mfloat-abi=hard -mfpu=fpv4-sp-d16 -T"D:/MyFile/Engineering/microprocessor/nctu/Project/AdvanceAlarm/LinkerScript.ld" -Wl,-Map=output.map -Wl,--gc-sections -o "AdvanceAlarm.elf" @"objects.list"   -lm
Finished building target: AdvanceAlarm.elf
 
make --no-print-directory post-build
Generating binary and Printing size information:
arm-none-eabi-objcopy -O binary "AdvanceAlarm.elf" "AdvanceAlarm.bin"
arm-none-eabi-size "AdvanceAlarm.elf"
   text	   data	    bss	    dec	    hex	filename
   2648	   1088	   1088	   4824	   12d8	AdvanceAlarm.elf
 
13:32:17 **** Incremental Build of configuration Debug for project AdvanceAlarm ****
make -j4 all 
make: Nothing to be done for 'all'.
13:32:53 **** Incremental Build of configuration Debug for project AdvanceAlarm ****
make -j4 all 
make: Nothing to be done for 'all'.
13:33:35 **** Incremental Build of configuration Debug for project AdvanceAlarm ****
make -j4 all 
Building file: ../src/utility.s
Invoking: MCU GCC Assembler
D:\MyFile\Engineering\microprocessor\nctu\Project\AdvanceAlarm\Debug
arm-none-eabi-as -mcpu=cortex-m4 -mthumb -mfloat-abi=hard -mfpu=fpv4-sp-d16 -g -o "src/utility.o" "../src/utility.s"
Finished building: ../src/utility.s
 
Building target: AdvanceAlarm.elf
Invoking: MCU GCC Linker
arm-none-eabi-gcc -mcpu=cortex-m4 -mthumb -mfloat-abi=hard -mfpu=fpv4-sp-d16 -T"D:/MyFile/Engineering/microprocessor/nctu/Project/AdvanceAlarm/LinkerScript.ld" -Wl,-Map=output.map -Wl,--gc-sections -o "AdvanceAlarm.elf" @"objects.list"   -lm
Finished building target: AdvanceAlarm.elf
 
make --no-print-directory post-build
Generating binary and Printing size information:
arm-none-eabi-objcopy -O binary "AdvanceAlarm.elf" "AdvanceAlarm.bin"
arm-none-eabi-size "AdvanceAlarm.elf"
   text	   data	    bss	    dec	    hex	filename
   2656	   1088	   1088	   4832	   12e0	AdvanceAlarm.elf
 
13:33:41 **** Incremental Build of configuration Debug for project AdvanceAlarm ****
make -j4 all 
make: Nothing to be done for 'all'.
13:34:13 **** Incremental Build of configuration Debug for project AdvanceAlarm ****
make -j4 all 
Building file: ../src/main.c
Invoking: MCU GCC Compiler
D:\MyFile\Engineering\microprocessor\nctu\Project\AdvanceAlarm\Debug
arm-none-eabi-gcc -mcpu=cortex-m4 -mthumb -mfloat-abi=hard -mfpu=fpv4-sp-d16 -DSTM32 -DSTM32L4 -DSTM32L476RGTx -DNUCLEO_L476RG -DDEBUG -ID:/MyFile/Engineering/microprocessor/nctu/Project/AdvanceAlarm/inc -O0 -g3 -Wall -fmessage-length=0 -ffunction-sections -c -MMD -MP -MF"src/main.d" -MT"src/main.o" -o "src/main.o" "../src/main.c"
In file included from ../src/main.c:2:0:
../src/utility.h: In function 'HCSR04GetDistance':
../src/utility.h:166:6: warning: variable 'timeval' set but not used [-Wunused-but-set-variable]
  int timeval;
      ^~~~~~~
Finished building: ../src/main.c
 
Building target: AdvanceAlarm.elf
Invoking: MCU GCC Linker
arm-none-eabi-gcc -mcpu=cortex-m4 -mthumb -mfloat-abi=hard -mfpu=fpv4-sp-d16 -T"D:/MyFile/Engineering/microprocessor/nctu/Project/AdvanceAlarm/LinkerScript.ld" -Wl,-Map=output.map -Wl,--gc-sections -o "AdvanceAlarm.elf" @"objects.list"   -lm
Finished building target: AdvanceAlarm.elf
 
make --no-print-directory post-build
Generating binary and Printing size information:
arm-none-eabi-objcopy -O binary "AdvanceAlarm.elf" "AdvanceAlarm.bin"
arm-none-eabi-size "AdvanceAlarm.elf"
   text	   data	    bss	    dec	    hex	filename
   1376	   1088	   1088	   3552	    de0	AdvanceAlarm.elf
 
13:40:03 **** Incremental Build of configuration Debug for project AdvanceAlarm ****
make -j4 all 
Building file: ../src/main.c
Invoking: MCU GCC Compiler
D:\MyFile\Engineering\microprocessor\nctu\Project\AdvanceAlarm\Debug
arm-none-eabi-gcc -mcpu=cortex-m4 -mthumb -mfloat-abi=hard -mfpu=fpv4-sp-d16 -DSTM32 -DSTM32L4 -DSTM32L476RGTx -DNUCLEO_L476RG -DDEBUG -ID:/MyFile/Engineering/microprocessor/nctu/Project/AdvanceAlarm/inc -O0 -g3 -Wall -fmessage-length=0 -ffunction-sections -c -MMD -MP -MF"src/main.d" -MT"src/main.o" -o "src/main.o" "../src/main.c"
In file included from ../src/main.c:2:0:
../src/utility.h: In function 'HCSR04GetDistance':
../src/utility.h:166:6: warning: variable 'timeval' set but not used [-Wunused-but-set-variable]
  int timeval;
      ^~~~~~~
Finished building: ../src/main.c
 
Building target: AdvanceAlarm.elf
Invoking: MCU GCC Linker
arm-none-eabi-gcc -mcpu=cortex-m4 -mthumb -mfloat-abi=hard -mfpu=fpv4-sp-d16 -T"D:/MyFile/Engineering/microprocessor/nctu/Project/AdvanceAlarm/LinkerScript.ld" -Wl,-Map=output.map -Wl,--gc-sections -o "AdvanceAlarm.elf" @"objects.list"   -lm
Finished building target: AdvanceAlarm.elf
 
make --no-print-directory post-build
Generating binary and Printing size information:
arm-none-eabi-objcopy -O binary "AdvanceAlarm.elf" "AdvanceAlarm.bin"
arm-none-eabi-size "AdvanceAlarm.elf"
   text	   data	    bss	    dec	    hex	filename
   1392	   1088	   1088	   3568	    df0	AdvanceAlarm.elf
 
13:40:13 **** Incremental Build of configuration Debug for project AdvanceAlarm ****
make -j4 all 
make: Nothing to be done for 'all'.
13:40:21 **** Incremental Build of configuration Debug for project AdvanceAlarm ****
make -j4 all 
make: Nothing to be done for 'all'.
13:40:29 **** Incremental Build of configuration Debug for project AdvanceAlarm ****
make -j4 all 
make: Nothing to be done for 'all'.
13:40:38 **** Incremental Build of configuration Debug for project AdvanceAlarm ****
make -j4 all 
make: Nothing to be done for 'all'.
13:40:57 **** Incremental Build of configuration Debug for project AdvanceAlarm ****
make -j4 all 
make: Nothing to be done for 'all'.
13:59:19 **** Incremental Build of configuration Debug for project AdvanceAlarm ****
make -j4 all 
Building file: ../src/main.c
Invoking: MCU GCC Compiler
D:\MyFile\Engineering\microprocessor\nctu\Project\AdvanceAlarm\Debug
arm-none-eabi-gcc -mcpu=cortex-m4 -mthumb -mfloat-abi=hard -mfpu=fpv4-sp-d16 -DSTM32 -DSTM32L4 -DSTM32L476RGTx -DNUCLEO_L476RG -DDEBUG -ID:/MyFile/Engineering/microprocessor/nctu/Project/AdvanceAlarm/inc -O0 -g3 -Wall -fmessage-length=0 -ffunction-sections -c -MMD -MP -MF"src/main.d" -MT"src/main.o" -o "src/main.o" "../src/main.c"
In file included from ../src/main.c:2:0:
../src/utility.h: In function 'HCSR04GetDistance':
../src/utility.h:166:6: warning: variable 'timeval' set but not used [-Wunused-but-set-variable]
  int timeval;
      ^~~~~~~
Finished building: ../src/main.c
 
Building target: AdvanceAlarm.elf
Invoking: MCU GCC Linker
arm-none-eabi-gcc -mcpu=cortex-m4 -mthumb -mfloat-abi=hard -mfpu=fpv4-sp-d16 -T"D:/MyFile/Engineering/microprocessor/nctu/Project/AdvanceAlarm/LinkerScript.ld" -Wl,-Map=output.map -Wl,--gc-sections -o "AdvanceAlarm.elf" @"objects.list"   -lm
Finished building target: AdvanceAlarm.elf
 
make --no-print-directory post-build
Generating binary and Printing size information:
arm-none-eabi-objcopy -O binary "AdvanceAlarm.elf" "AdvanceAlarm.bin"
arm-none-eabi-size "AdvanceAlarm.elf"
   text	   data	    bss	    dec	    hex	filename
   1384	   1088	   1088	   3560	    de8	AdvanceAlarm.elf
 
14:00:31 **** Incremental Build of configuration Debug for project AdvanceAlarm ****
make -j4 all 
Building file: ../src/main.c
Invoking: MCU GCC Compiler
D:\MyFile\Engineering\microprocessor\nctu\Project\AdvanceAlarm\Debug
arm-none-eabi-gcc -mcpu=cortex-m4 -mthumb -mfloat-abi=hard -mfpu=fpv4-sp-d16 -DSTM32 -DSTM32L4 -DSTM32L476RGTx -DNUCLEO_L476RG -DDEBUG -ID:/MyFile/Engineering/microprocessor/nctu/Project/AdvanceAlarm/inc -O0 -g3 -Wall -fmessage-length=0 -ffunction-sections -c -MMD -MP -MF"src/main.d" -MT"src/main.o" -o "src/main.o" "../src/main.c"
In file included from ../src/main.c:2:0:
../src/utility.h: In function 'HCSR04GetDistance':
../src/utility.h:166:6: warning: variable 'timeval' set but not used [-Wunused-but-set-variable]
  int timeval;
      ^~~~~~~
Finished building: ../src/main.c
 
Building target: AdvanceAlarm.elf
Invoking: MCU GCC Linker
arm-none-eabi-gcc -mcpu=cortex-m4 -mthumb -mfloat-abi=hard -mfpu=fpv4-sp-d16 -T"D:/MyFile/Engineering/microprocessor/nctu/Project/AdvanceAlarm/LinkerScript.ld" -Wl,-Map=output.map -Wl,--gc-sections -o "AdvanceAlarm.elf" @"objects.list"   -lm
Finished building target: AdvanceAlarm.elf
 
make --no-print-directory post-build
Generating binary and Printing size information:
arm-none-eabi-objcopy -O binary "AdvanceAlarm.elf" "AdvanceAlarm.bin"
arm-none-eabi-size "AdvanceAlarm.elf"
   text	   data	    bss	    dec	    hex	filename
   1384	   1088	   1088	   3560	    de8	AdvanceAlarm.elf
 
14:01:52 **** Incremental Build of configuration Debug for project AdvanceAlarm ****
make -j4 all 
Building file: ../src/main.c
Invoking: MCU GCC Compiler
D:\MyFile\Engineering\microprocessor\nctu\Project\AdvanceAlarm\Debug
arm-none-eabi-gcc -mcpu=cortex-m4 -mthumb -mfloat-abi=hard -mfpu=fpv4-sp-d16 -DSTM32 -DSTM32L4 -DSTM32L476RGTx -DNUCLEO_L476RG -DDEBUG -ID:/MyFile/Engineering/microprocessor/nctu/Project/AdvanceAlarm/inc -O0 -g3 -Wall -fmessage-length=0 -ffunction-sections -c -MMD -MP -MF"src/main.d" -MT"src/main.o" -o "src/main.o" "../src/main.c"
In file included from ../src/main.c:2:0:
../src/utility.h: In function 'HCSR04GetDistance':
../src/utility.h:166:6: warning: variable 'timeval' set but not used [-Wunused-but-set-variable]
  int timeval;
      ^~~~~~~
../src/utility.h: In function 'PressDetection':
../src/utility.h:220:2: warning: implicit declaration of function 'GPIO_SetInputDataBit'; did you mean 'GPIO_SetOutputDataBit'? [-Wimplicit-function-declaration]
  GPIO_SetInputDataBit(GPIOB, 5, 0);
  ^~~~~~~~~~~~~~~~~~~~
  GPIO_SetOutputDataBit
Finished building: ../src/main.c
 
Building target: AdvanceAlarm.elf
Invoking: MCU GCC Linker
arm-none-eabi-gcc -mcpu=cortex-m4 -mthumb -mfloat-abi=hard -mfpu=fpv4-sp-d16 -T"D:/MyFile/Engineering/microprocessor/nctu/Project/AdvanceAlarm/LinkerScript.ld" -Wl,-Map=output.map -Wl,--gc-sections -o "AdvanceAlarm.elf" @"objects.list"   -lm
src/main.o: In function `PressDetection':
D:\MyFile\Engineering\microprocessor\nctu\Project\AdvanceAlarm\Debug/../src/utility.h:220: undefined reference to `GPIO_SetInputDataBit'
collect2.exe: error: ld returned 1 exit status
makefile:34: recipe for target 'AdvanceAlarm.elf' failed
make: *** [AdvanceAlarm.elf] Error 1
