21:05:29 **** Incremental Build of configuration Debug for project BubbleSort ****
make -j4 all 
Building file: ../src/main.s
Invoking: MCU GCC Assembler
D:\MyFile\Engineering\microprocessor\nctu\Lab1\BubbleSort\Debug
arm-none-eabi-as -mcpu=cortex-m4 -mthumb -mfloat-abi=hard -mfpu=fpv4-sp-d16 -g -o "src/main.o" "../src/main.s"
Finished building: ../src/main.s
 
Building target: BubbleSort.elf
Invoking: MCU GCC Linker
arm-none-eabi-gcc -mcpu=cortex-m4 -mthumb -mfloat-abi=hard -mfpu=fpv4-sp-d16 -T"D:/MyFile/Engineering/microprocessor/nctu/Lab1/BubbleSort/LinkerScript.ld" -Wl,-Map=output.map -Wl,--gc-sections -o "BubbleSort.elf" @"objects.list"   -lm
Finished building target: BubbleSort.elf
 
make --no-print-directory post-build
Generating binary and Printing size information:
arm-none-eabi-objcopy -O binary "BubbleSort.elf" "BubbleSort.bin"
arm-none-eabi-size "BubbleSort.elf"
   text	   data	    bss	    dec	    hex	filename
   1000	   1104	   1088	   3192	    c78	BubbleSort.elf
 

21:05:30 Build Finished (took 1s.383ms)

